0 verbose cli /usr/local/bin/node /usr/local/bin/npm
1 info using npm@11.4.2
2 info using node@v22.15.1
3 silly config load:file:/usr/local/lib/node_modules/npm/npmrc
4 silly config load:file:/Users/talhaazeem/Documents/managementSystem/.npmrc
5 silly config load:file:/Users/talhaazeem/.npmrc
6 silly config load:file:/usr/local/etc/npmrc
7 verbose title npm install qrcode
8 verbose argv "install" "qrcode"
9 verbose logfile logs-max:10 dir:/Users/talhaazeem/Documents/managementSystem/.npm_cache/_logs/2026-03-31T08_18_07_548Z-
10 verbose logfile /Users/talhaazeem/Documents/managementSystem/.npm_cache/_logs/2026-03-31T08_18_07_548Z-debug-0.log
11 silly logfile start cleaning logs, removing 1 files
12 silly packumentCache heap:2197815296 maxSize:549453824 maxEntrySize:274726912
13 silly logfile done cleaning log files
14 silly idealTree buildDeps
15 silly fetch manifest qrcode@*
16 silly packumentCache full:https://registry.npmjs.org/qrcode cache-miss
17 http fetch GET 200 https://registry.npmjs.org/qrcode 653ms (cache miss)
18 silly packumentCache full:https://registry.npmjs.org/qrcode set size:undefined disposed:false
19 silly placeDep ROOT qrcode@1.5.4 OK for: honda-dms@0.1.0 want: *
20 silly fetch manifest pngjs@^5.0.0
21 silly packumentCache full:https://registry.npmjs.org/pngjs cache-miss
22 silly fetch manifest yargs@^15.3.1
23 silly packumentCache full:https://registry.npmjs.org/yargs cache-miss
24 silly fetch manifest dijkstrajs@^1.0.1
25 silly packumentCache full:https://registry.npmjs.org/dijkstrajs cache-miss
26 http fetch GET 200 https://registry.npmjs.org/dijkstrajs 121ms (cache miss)
27 silly packumentCache full:https://registry.npmjs.org/dijkstrajs set size:undefined disposed:false
28 http fetch GET 200 https://registry.npmjs.org/pngjs 442ms (cache miss)
29 silly packumentCache full:https://registry.npmjs.org/pngjs set size:undefined disposed:false
30 http fetch GET 200 https://registry.npmjs.org/yargs 586ms (cache miss)
31 silly packumentCache full:https://registry.npmjs.org/yargs set size:undefined disposed:false
32 silly placeDep ROOT dijkstrajs@1.0.3 OK for: qrcode@1.5.4 want: ^1.0.1
33 silly placeDep ROOT pngjs@5.0.0 OK for: qrcode@1.5.4 want: ^5.0.0
34 silly placeDep ROOT yargs@15.4.1 OK for: qrcode@1.5.4 want: ^15.3.1
35 silly fetch manifest y18n@^4.0.0
36 silly packumentCache full:https://registry.npmjs.org/y18n cache-miss
37 silly fetch manifest cliui@^6.0.0
38 silly packumentCache full:https://registry.npmjs.org/cliui cache-miss
39 silly fetch manifest find-up@^4.1.0
40 silly packumentCache full:https://registry.npmjs.org/find-up cache-miss
41 silly fetch manifest decamelize@^1.2.0
42 silly packumentCache full:https://registry.npmjs.org/decamelize cache-miss
43 silly fetch manifest set-blocking@^2.0.0
44 silly packumentCache full:https://registry.npmjs.org/set-blocking cache-miss
45 silly fetch manifest string-width@^4.2.0
46 silly packumentCache full:https://registry.npmjs.org/string-width cache-miss
47 silly fetch manifest which-module@^2.0.0
48 silly packumentCache full:https://registry.npmjs.org/which-module cache-miss
49 http fetch GET 200 https://registry.npmjs.org/decamelize 142ms (cache miss)
50 silly packumentCache full:https://registry.npmjs.org/decamelize set size:undefined disposed:false
51 silly fetch manifest yargs-parser@^18.1.2
52 silly packumentCache full:https://registry.npmjs.org/yargs-parser cache-miss
53 http fetch GET 200 https://registry.npmjs.org/y18n 147ms (cache miss)
54 silly packumentCache full:https://registry.npmjs.org/y18n set size:undefined disposed:false
55 silly fetch manifest get-caller-file@^2.0.1
56 silly packumentCache full:https://registry.npmjs.org/get-caller-file cache-miss
57 http fetch GET 200 https://registry.npmjs.org/cliui 150ms (cache miss)
58 silly packumentCache full:https://registry.npmjs.org/cliui set size:undefined disposed:false
59 silly fetch manifest require-directory@^2.1.1
60 silly packumentCache full:https://registry.npmjs.org/require-directory cache-miss
61 http fetch GET 200 https://registry.npmjs.org/require-directory 129ms (cache miss)
62 silly packumentCache full:https://registry.npmjs.org/require-directory set size:undefined disposed:false
63 silly fetch manifest require-main-filename@^2.0.0
64 silly packumentCache full:https://registry.npmjs.org/require-main-filename cache-miss
65 http fetch GET 200 https://registry.npmjs.org/get-caller-file 133ms (cache miss)
66 silly packumentCache full:https://registry.npmjs.org/get-caller-file set size:undefined disposed:false
67 http fetch GET 200 https://registry.npmjs.org/yargs-parser 153ms (cache miss)
68 silly packumentCache full:https://registry.npmjs.org/yargs-parser set size:undefined disposed:false
69 http fetch GET 200 https://registry.npmjs.org/require-main-filename 132ms (cache miss)
70 silly packumentCache full:https://registry.npmjs.org/require-main-filename set size:undefined disposed:false
71 http fetch GET 200 https://registry.npmjs.org/string-width 455ms (cache miss)
72 silly packumentCache full:https://registry.npmjs.org/string-width set size:undefined disposed:false
73 http fetch GET 200 https://registry.npmjs.org/which-module 522ms (cache miss)
74 silly packumentCache full:https://registry.npmjs.org/which-module set size:undefined disposed:false
75 http fetch GET 200 https://registry.npmjs.org/find-up 530ms (cache revalidated)
76 silly packumentCache full:https://registry.npmjs.org/find-up set size:42620 disposed:false
77 http fetch GET 200 https://registry.npmjs.org/set-blocking 534ms (cache miss)
78 silly packumentCache full:https://registry.npmjs.org/set-blocking set size:undefined disposed:false
79 silly placeDep ROOT cliui@6.0.0 OK for: yargs@15.4.1 want: ^6.0.0
80 silly placeDep ROOT decamelize@1.2.0 OK for: yargs@15.4.1 want: ^1.2.0
81 silly placeDep node_modules/yargs find-up@4.1.0 OK for: yargs@15.4.1 want: ^4.1.0
82 silly placeDep ROOT get-caller-file@2.0.5 OK for: yargs@15.4.1 want: ^2.0.1
83 silly placeDep ROOT require-directory@2.1.1 OK for: yargs@15.4.1 want: ^2.1.1
84 silly placeDep ROOT require-main-filename@2.0.0 OK for: yargs@15.4.1 want: ^2.0.0
85 silly placeDep ROOT set-blocking@2.0.0 OK for: yargs@15.4.1 want: ^2.0.0
86 silly placeDep ROOT string-width@4.2.3 OK for: yargs@15.4.1 want: ^4.2.0
87 silly placeDep ROOT which-module@2.0.1 OK for: yargs@15.4.1 want: ^2.0.0
88 silly placeDep ROOT y18n@4.0.3 OK for: yargs@15.4.1 want: ^4.0.0
89 silly placeDep ROOT yargs-parser@18.1.3 OK for: yargs@15.4.1 want: ^18.1.2
90 silly fetch manifest wrap-ansi@^6.2.0
91 silly packumentCache full:https://registry.npmjs.org/wrap-ansi cache-miss
92 silly fetch manifest strip-ansi@^6.0.0
93 silly packumentCache full:https://registry.npmjs.org/strip-ansi cache-miss
94 silly fetch manifest locate-path@^5.0.0
95 silly packumentCache full:https://registry.npmjs.org/locate-path cache-miss
96 silly fetch manifest strip-ansi@^6.0.1
97 silly packumentCache full:https://registry.npmjs.org/strip-ansi cache-miss
98 silly fetch manifest emoji-regex@^8.0.0
99 silly packumentCache full:https://registry.npmjs.org/emoji-regex cache-miss
100 silly fetch manifest is-fullwidth-code-point@^3.0.0
101 silly packumentCache full:https://registry.npmjs.org/is-fullwidth-code-point cache-miss
102 silly fetch manifest camelcase@^5.0.0
103 silly packumentCache full:https://registry.npmjs.org/camelcase cache-miss
104 http fetch GET 200 https://registry.npmjs.org/emoji-regex 124ms (cache revalidated)
105 silly packumentCache full:https://registry.npmjs.org/emoji-regex set size:89088 disposed:false
106 http fetch GET 200 https://registry.npmjs.org/locate-path 126ms (cache revalidated)
107 silly packumentCache full:https://registry.npmjs.org/locate-path set size:31329 disposed:false
108 http fetch GET 200 https://registry.npmjs.org/strip-ansi 127ms (cache miss)
109 silly packumentCache full:https://registry.npmjs.org/strip-ansi set size:undefined disposed:false
110 http fetch GET 200 https://registry.npmjs.org/is-fullwidth-code-point 128ms (cache miss)
111 silly packumentCache full:https://registry.npmjs.org/is-fullwidth-code-point set size:undefined disposed:false
112 http fetch GET 200 https://registry.npmjs.org/strip-ansi 131ms (cache miss)
113 silly packumentCache full:https://registry.npmjs.org/strip-ansi set size:undefined disposed:false
114 http fetch GET 200 https://registry.npmjs.org/camelcase 139ms (cache miss)
115 silly packumentCache full:https://registry.npmjs.org/camelcase set size:undefined disposed:false
116 http fetch GET 200 https://registry.npmjs.org/wrap-ansi 142ms (cache miss)
117 silly packumentCache full:https://registry.npmjs.org/wrap-ansi set size:undefined disposed:false
118 silly placeDep ROOT strip-ansi@6.0.1 OK for: cliui@6.0.0 want: ^6.0.0
119 silly placeDep ROOT wrap-ansi@6.2.0 OK for: cliui@6.0.0 want: ^6.2.0
120 silly fetch manifest ansi-regex@^5.0.1
121 silly packumentCache full:https://registry.npmjs.org/ansi-regex cache-miss
122 http fetch GET 200 https://registry.npmjs.org/ansi-regex 128ms (cache miss)
123 silly packumentCache full:https://registry.npmjs.org/ansi-regex set size:undefined disposed:false
124 silly placeDep node_modules/string-width emoji-regex@8.0.0 OK for: string-width@4.2.3 want: ^8.0.0
125 silly placeDep ROOT is-fullwidth-code-point@3.0.0 OK for: string-width@4.2.3 want: ^3.0.0
126 silly placeDep ROOT ansi-regex@5.0.1 OK for: strip-ansi@6.0.1 want: ^5.0.1
127 silly placeDep ROOT camelcase@5.3.1 OK for: yargs-parser@18.1.3 want: ^5.0.0
128 silly placeDep node_modules/yargs locate-path@5.0.0 OK for: find-up@4.1.0 want: ^5.0.0
129 silly fetch manifest p-locate@^4.1.0
130 silly packumentCache full:https://registry.npmjs.org/p-locate cache-miss
131 http fetch GET 200 https://registry.npmjs.org/p-locate 125ms (cache updated)
132 silly packumentCache full:https://registry.npmjs.org/p-locate set size:undefined disposed:false
133 silly placeDep node_modules/yargs p-locate@4.1.0 OK for: locate-path@5.0.0 want: ^4.1.0
134 silly fetch manifest p-limit@^2.2.0
135 silly packumentCache full:https://registry.npmjs.org/p-limit cache-miss
136 http fetch GET 200 https://registry.npmjs.org/p-limit 137ms (cache updated)
137 silly packumentCache full:https://registry.npmjs.org/p-limit set size:undefined disposed:false
138 silly placeDep node_modules/yargs p-limit@2.3.0 OK for: p-locate@4.1.0 want: ^2.2.0
139 silly fetch manifest p-try@^2.0.0
140 silly packumentCache full:https://registry.npmjs.org/p-try cache-miss
141 http fetch GET 200 https://registry.npmjs.org/p-try 126ms (cache miss)
142 silly packumentCache full:https://registry.npmjs.org/p-try set size:undefined disposed:false
143 silly placeDep ROOT p-try@2.2.0 OK for: p-limit@2.3.0 want: ^2.0.0
144 silly reify moves {}
145 silly audit bulk request {
145 silly audit   '@babel/code-frame': [ '7.28.6' ],
145 silly audit   '@babel/compat-data': [ '7.28.6' ],
145 silly audit   '@babel/core': [ '7.28.6' ],
145 silly audit   '@babel/generator': [ '7.28.6' ],
145 silly audit   '@babel/helper-compilation-targets': [ '7.28.6' ],
145 silly audit   '@babel/helper-globals': [ '7.28.0' ],
145 silly audit   '@babel/helper-module-imports': [ '7.28.6' ],
145 silly audit   '@babel/helper-module-transforms': [ '7.28.6' ],
145 silly audit   '@babel/helper-string-parser': [ '7.27.1' ],
145 silly audit   '@babel/helper-validator-identifier': [ '7.28.5' ],
145 silly audit   '@babel/helper-validator-option': [ '7.27.1' ],
145 silly audit   '@babel/helpers': [ '7.28.6' ],
145 silly audit   '@babel/parser': [ '7.28.6' ],
145 silly audit   '@babel/runtime': [ '7.28.6' ],
145 silly audit   '@babel/template': [ '7.28.6' ],
145 silly audit   '@babel/traverse': [ '7.28.6' ],
145 silly audit   '@babel/types': [ '7.28.6' ],
145 silly audit   '@emnapi/core': [ '1.8.1' ],
145 silly audit   '@emnapi/runtime': [ '1.8.1' ],
145 silly audit   '@emnapi/wasi-threads': [ '1.1.0' ],
145 silly audit   '@eslint-community/eslint-utils': [ '4.9.1' ],
145 silly audit   'eslint-visitor-keys': [ '3.4.3', '4.2.1' ],
145 silly audit   '@eslint-community/regexpp': [ '4.12.2' ],
145 silly audit   '@eslint/config-array': [ '0.21.1' ],
145 silly audit   '@eslint/config-helpers': [ '0.4.2' ],
145 silly audit   '@eslint/core': [ '0.17.0' ],
145 silly audit   '@eslint/eslintrc': [ '3.3.3' ],
145 silly audit   '@eslint/js': [ '9.39.2' ],
145 silly audit   '@eslint/object-schema': [ '2.1.7' ],
145 silly audit   '@eslint/plugin-kit': [ '0.4.1' ],
145 silly audit   '@humanfs/core': [ '0.19.1' ],
145 silly audit   '@humanfs/node': [ '0.16.7' ],
145 silly audit   '@humanwhocodes/module-importer': [ '1.0.1' ],
145 silly audit   '@humanwhocodes/retry': [ '0.4.3' ],
145 silly audit   '@img/colour': [ '1.0.0' ],
145 silly audit   '@img/sharp-darwin-arm64': [ '0.34.5' ],
145 silly audit   '@img/sharp-darwin-x64': [ '0.34.5' ],
145 silly audit   '@img/sharp-libvips-darwin-arm64': [ '1.2.4' ],
145 silly audit   '@img/sharp-libvips-darwin-x64': [ '1.2.4' ],
145 silly audit   '@img/sharp-libvips-linux-arm': [ '1.2.4' ],
145 silly audit   '@img/sharp-libvips-linux-arm64': [ '1.2.4' ],
145 silly audit   '@img/sharp-libvips-linux-ppc64': [ '1.2.4' ],
145 silly audit   '@img/sharp-libvips-linux-riscv64': [ '1.2.4' ],
145 silly audit   '@img/sharp-libvips-linux-s390x': [ '1.2.4' ],
145 silly audit   '@img/sharp-libvips-linux-x64': [ '1.2.4' ],
145 silly audit   '@img/sharp-libvips-linuxmusl-arm64': [ '1.2.4' ],
145 silly audit   '@img/sharp-libvips-linuxmusl-x64': [ '1.2.4' ],
145 silly audit   '@img/sharp-linux-arm': [ '0.34.5' ],
145 silly audit   '@img/sharp-linux-arm64': [ '0.34.5' ],
145 silly audit   '@img/sharp-linux-ppc64': [ '0.34.5' ],
145 silly audit   '@img/sharp-linux-riscv64': [ '0.34.5' ],
145 silly audit   '@img/sharp-linux-s390x': [ '0.34.5' ],
145 silly audit   '@img/sharp-linux-x64': [ '0.34.5' ],
145 silly audit   '@img/sharp-linuxmusl-arm64': [ '0.34.5' ],
145 silly audit   '@img/sharp-linuxmusl-x64': [ '0.34.5' ],
145 silly audit   '@img/sharp-wasm32': [ '0.34.5' ],
145 silly audit   '@img/sharp-win32-arm64': [ '0.34.5' ],
145 silly audit   '@img/sharp-win32-ia32': [ '0.34.5' ],
145 silly audit   '@img/sharp-win32-x64': [ '0.34.5' ],
145 silly audit   '@jridgewell/gen-mapping': [ '0.3.13' ],
145 silly audit   '@jridgewell/remapping': [ '2.3.5' ],
145 silly audit   '@jridgewell/resolve-uri': [ '3.1.2' ],
145 silly audit   '@jridgewell/sourcemap-codec': [ '1.5.5' ],
145 silly audit   '@jridgewell/trace-mapping': [ '0.3.31' ],
145 silly audit   '@mongodb-js/saslprep': [ '1.4.4' ],
145 silly audit   '@napi-rs/wasm-runtime': [ '0.2.12' ],
145 silly audit   '@next/env': [ '16.1.3' ],
145 silly audit   '@next/eslint-plugin-next': [ '16.1.3' ],
145 silly audit   '@next/swc-darwin-arm64': [ '16.1.3' ],
145 silly audit   '@next/swc-darwin-x64': [ '16.1.3' ],
145 silly audit   '@next/swc-linux-arm64-gnu': [ '16.1.3' ],
145 silly audit   '@next/swc-linux-arm64-musl': [ '16.1.3' ],
145 silly audit   '@next/swc-linux-x64-gnu': [ '16.1.3' ],
145 silly audit   '@next/swc-linux-x64-musl': [ '16.1.3' ],
145 silly audit   '@next/swc-win32-arm64-msvc': [ '16.1.3' ],
145 silly audit   '@next/swc-win32-x64-msvc': [ '16.1.3' ],
145 silly audit   '@nodelib/fs.scandir': [ '2.1.5' ],
145 silly audit   '@nodelib/fs.stat': [ '2.0.5' ],
145 silly audit   '@nodelib/fs.walk': [ '1.2.8' ],
145 silly audit   '@nolyfill/is-core-module': [ '1.0.39' ],
145 silly audit   '@panva/hkdf': [ '1.2.1' ],
145 silly audit   '@rtsao/scc': [ '1.1.0' ],
145 silly audit   '@swc/helpers': [ '0.5.15' ],
145 silly audit   '@tybys/wasm-util': [ '0.10.1' ],
145 silly audit   '@types/bcryptjs': [ '2.4.6' ],
145 silly audit   '@types/estree': [ '1.0.8' ],
145 silly audit   '@types/json-schema': [ '7.0.15' ],
145 silly audit   '@types/json5': [ '0.0.29' ],
145 silly audit   '@types/node': [ '20.19.30' ],
145 silly audit   '@types/react': [ '19.2.8' ],
145 silly audit   '@types/react-dom': [ '19.2.3' ],
145 silly audit   '@types/webidl-conversions': [ '7.0.3' ],
145 silly audit   '@types/whatwg-url': [ '13.0.0' ],
145 silly audit   '@typescript-eslint/eslint-plugin': [ '8.53.0' ],
145 silly audit   ignore: [ '7.0.5', '5.3.2' ],
145 silly audit   '@typescript-eslint/parser': [ '8.53.0' ],
145 silly audit   '@typescript-eslint/project-service': [ '8.53.0' ],
145 silly audit   '@typescript-eslint/scope-manager': [ '8.53.0' ],
145 silly audit   '@typescript-eslint/tsconfig-utils': [ '8.53.0' ],
145 silly audit   '@typescript-eslint/type-utils': [ '8.53.0' ],
145 silly audit   '@typescript-eslint/types': [ '8.53.0' ],
145 silly audit   '@typescript-eslint/typescript-estree': [ '8.53.0' ],
145 silly audit   'brace-expansion': [ '2.0.2', '1.1.12' ],
145 silly audit   minimatch: [ '9.0.5', '3.1.2' ],
145 silly audit   semver: [ '7.7.3', '6.3.1' ],
145 silly audit   '@typescript-eslint/utils': [ '8.53.0' ],
145 silly audit   '@typescript-eslint/visitor-keys': [ '8.53.0' ],
145 silly audit   '@unrs/resolver-binding-android-arm-eabi': [ '1.11.1' ],
145 silly audit   '@unrs/resolver-binding-android-arm64': [ '1.11.1' ],
145 silly audit   '@unrs/resolver-binding-darwin-arm64': [ '1.11.1' ],
145 silly audit   '@unrs/resolver-binding-darwin-x64': [ '1.11.1' ],
145 silly audit   '@unrs/resolver-binding-freebsd-x64': [ '1.11.1' ],
145 silly audit   '@unrs/resolver-binding-linux-arm-gnueabihf': [ '1.11.1' ],
145 silly audit   '@unrs/resolver-binding-linux-arm-musleabihf': [ '1.11.1' ],
145 silly audit   '@unrs/resolver-binding-linux-arm64-gnu': [ '1.11.1' ],
145 silly audit   '@unrs/resolver-binding-linux-arm64-musl': [ '1.11.1' ],
145 silly audit   '@unrs/resolver-binding-linux-ppc64-gnu': [ '1.11.1' ],
145 silly audit   '@unrs/resolver-binding-linux-riscv64-gnu': [ '1.11.1' ],
145 silly audit   '@unrs/resolver-binding-linux-riscv64-musl': [ '1.11.1' ],
145 silly audit   '@unrs/resolver-binding-linux-s390x-gnu': [ '1.11.1' ],
145 silly audit   '@unrs/resolver-binding-linux-x64-gnu': [ '1.11.1' ],
145 silly audit   '@unrs/resolver-binding-linux-x64-musl': [ '1.11.1' ],
145 silly audit   '@unrs/resolver-binding-wasm32-wasi': [ '1.11.1' ],
145 silly audit   '@unrs/resolver-binding-win32-arm64-msvc': [ '1.11.1' ],
145 silly audit   '@unrs/resolver-binding-win32-ia32-msvc': [ '1.11.1' ],
145 silly audit   '@unrs/resolver-binding-win32-x64-msvc': [ '1.11.1' ],
145 silly audit   acorn: [ '8.15.0' ],
145 silly audit   'acorn-jsx': [ '5.3.2' ],
145 silly audit   ajv: [ '6.12.6' ],
145 silly audit   'ansi-styles': [ '4.3.0' ],
145 silly audit   argparse: [ '2.0.1' ],
145 silly audit   'aria-query': [ '5.3.2' ],
145 silly audit   'array-buffer-byte-length': [ '1.0.2' ],
145 silly audit   'array-includes': [ '3.1.9' ],
145 silly audit   'array.prototype.findlast': [ '1.2.5' ],
145 silly audit   'array.prototype.findlastindex': [ '1.2.6' ],
145 silly audit   'array.prototype.flat': [ '1.3.3' ],
145 silly audit   'array.prototype.flatmap': [ '1.3.3' ],
145 silly audit   'array.prototype.tosorted': [ '1.1.4' ],
145 silly audit   'arraybuffer.prototype.slice': [ '1.0.4' ],
145 silly audit   'ast-types-flow': [ '0.0.8' ],
145 silly audit   'async-function': [ '1.0.0' ],
145 silly audit   'available-typed-arrays': [ '1.0.7' ],
145 silly audit   'axe-core': [ '4.11.1' ],
145 silly audit   'axobject-query': [ '4.1.0' ],
145 silly audit   'balanced-match': [ '1.0.2' ],
145 silly audit   'baseline-browser-mapping': [ '2.9.15' ],
145 silly audit   bcryptjs: [ '3.0.3' ],
145 silly audit   braces: [ '3.0.3' ],
145 silly audit   browserslist: [ '4.28.1' ],
145 silly audit   bson: [ '7.1.1' ],
145 silly audit   'call-bind': [ '1.0.8' ],
145 silly audit   'call-bind-apply-helpers': [ '1.0.2' ],
145 silly audit   'call-bound': [ '1.0.4' ],
145 silly audit   callsites: [ '3.1.0' ],
145 silly audit   'caniuse-lite': [ '1.0.30001764' ],
145 silly audit   chalk: [ '4.1.2' ],
145 silly audit   'client-only': [ '0.0.1' ],
145 silly audit   'color-convert': [ '2.0.1' ],
145 silly audit   'color-name': [ '1.1.4' ],
145 silly audit   'concat-map': [ '0.0.1' ],
145 silly audit   'convert-source-map': [ '2.0.0' ],
145 silly audit   cookie: [ '0.7.2' ],
145 silly audit   'cross-spawn': [ '7.0.6' ],
145 silly audit   csstype: [ '3.2.3' ],
145 silly audit   'damerau-levenshtein': [ '1.0.8' ],
145 silly audit   'data-view-buffer': [ '1.0.2' ],
145 silly audit   'data-view-byte-length': [ '1.0.2' ],
145 silly audit   'data-view-byte-offset': [ '1.0.1' ],
145 silly audit   debug: [ '4.4.3', '3.2.7' ],
145 silly audit   'deep-is': [ '0.1.4' ],
145 silly audit   'define-data-property': [ '1.1.4' ],
145 silly audit   'define-properties': [ '1.2.1' ],
145 silly audit   'detect-libc': [ '2.1.2' ],
145 silly audit   doctrine: [ '2.1.0' ],
145 silly audit   'dunder-proto': [ '1.0.1' ],
145 silly audit   'electron-to-chromium': [ '1.5.267' ],
145 silly audit   'emoji-regex': [ '9.2.2', '8.0.0' ],
145 silly audit   'es-abstract': [ '1.24.1' ],
145 silly audit   'es-define-property': [ '1.0.1' ],
145 silly audit   'es-errors': [ '1.3.0' ],
145 silly audit   'es-iterator-helpers': [ '1.2.2' ],
145 silly audit   'es-object-atoms': [ '1.1.1' ],
145 silly audit   'es-set-tostringtag': [ '2.1.0' ],
145 silly audit   'es-shim-unscopables': [ '1.1.0' ],
145 silly audit   'es-to-primitive': [ '1.3.0' ],
145 silly audit   escalade: [ '3.2.0' ],
145 silly audit   'escape-string-regexp': [ '4.0.0' ],
145 silly audit   eslint: [ '9.39.2' ],
145 silly audit   'eslint-config-next': [ '16.1.3' ],
145 silly audit   globals: [ '16.4.0', '14.0.0' ],
145 silly audit   'eslint-import-resolver-node': [ '0.3.9' ],
145 silly audit   'eslint-import-resolver-typescript': [ '3.10.1' ],
145 silly audit   'eslint-module-utils': [ '2.12.1' ],
145 silly audit   'eslint-plugin-import': [ '2.32.0' ],
145 silly audit   'eslint-plugin-jsx-a11y': [ '6.10.2' ],
145 silly audit   'eslint-plugin-react': [ '7.37.5' ],
145 silly audit   'eslint-plugin-react-hooks': [ '7.0.1' ],
145 silly audit   resolve: [ '2.0.0-next.5', '1.22.11' ],
145 silly audit   'eslint-scope': [ '8.4.0' ],
145 silly audit   espree: [ '10.4.0' ],
145 silly audit   esquery: [ '1.7.0' ],
145 silly audit   esrecurse: [ '4.3.0' ],
145 silly audit   estraverse: [ '5.3.0' ],
145 silly audit   esutils: [ '2.0.3' ],
145 silly audit   'fast-deep-equal': [ '3.1.3' ],
145 silly audit   'fast-glob': [ '3.3.1' ],
145 silly audit   'glob-parent': [ '5.1.2', '6.0.2' ],
145 silly audit   'fast-json-stable-stringify': [ '2.1.0' ],
145 silly audit   'fast-levenshtein': [ '2.0.6' ],
145 silly audit   fastq: [ '1.20.1' ],
145 silly audit   'file-entry-cache': [ '8.0.0' ],
145 silly audit   'fill-range': [ '7.1.1' ],
145 silly audit   'find-up': [ '5.0.0', '4.1.0' ],
145 silly audit   'flat-cache': [ '4.0.1' ],
145 silly audit   flatted: [ '3.3.3' ],
145 silly audit   'for-each': [ '0.3.5' ],
145 silly audit   'function-bind': [ '1.1.2' ],
145 silly audit   'function.prototype.name': [ '1.1.8' ],
145 silly audit   'functions-have-names': [ '1.2.3' ],
145 silly audit   'generator-function': [ '2.0.1' ],
145 silly audit   gensync: [ '1.0.0-beta.2' ],
145 silly audit   'get-intrinsic': [ '1.3.0' ],
145 silly audit   'get-proto': [ '1.0.1' ],
145 silly audit   'get-symbol-description': [ '1.1.0' ],
145 silly audit   'get-tsconfig': [ '4.13.0' ],
145 silly audit   globalthis: [ '1.0.4' ],
145 silly audit   gopd: [ '1.2.0' ],
145 silly audit   'has-bigints': [ '1.1.0' ],
145 silly audit   'has-flag': [ '4.0.0' ],
145 silly audit   'has-property-descriptors': [ '1.0.2' ],
145 silly audit   'has-proto': [ '1.2.0' ],
145 silly audit   'has-symbols': [ '1.1.0' ],
145 silly audit   'has-tostringtag': [ '1.0.2' ],
145 silly audit   hasown: [ '2.0.2' ],
145 silly audit   'hermes-estree': [ '0.25.1' ],
145 silly audit   'hermes-parser': [ '0.25.1' ],
145 silly audit   'import-fresh': [ '3.3.1' ],
145 silly audit   imurmurhash: [ '0.1.4' ],
145 silly audit   'internal-slot': [ '1.1.0' ],
145 silly audit   'is-array-buffer': [ '3.0.5' ],
145 silly audit   'is-async-function': [ '2.1.1' ],
145 silly audit   'is-bigint': [ '1.1.0' ],
145 silly audit   'is-boolean-object': [ '1.2.2' ],
145 silly audit   'is-bun-module': [ '2.0.0' ],
145 silly audit   'is-callable': [ '1.2.7' ],
145 silly audit   'is-core-module': [ '2.16.1' ],
145 silly audit   'is-data-view': [ '1.0.2' ],
145 silly audit   'is-date-object': [ '1.1.0' ],
145 silly audit   'is-extglob': [ '2.1.1' ],
145 silly audit   'is-finalizationregistry': [ '1.1.1' ],
145 silly audit   'is-generator-function': [ '1.1.2' ],
145 silly audit   'is-glob': [ '4.0.3' ],
145 silly audit   'is-map': [ '2.0.3' ],
145 silly audit   'is-negative-zero': [ '2.0.3' ],
145 silly audit   'is-number': [ '7.0.0' ],
145 silly audit   'is-number-object': [ '1.1.1' ],
145 silly audit   'is-regex': [ '1.2.1' ],
145 silly audit   'is-set': [ '2.0.3' ],
145 silly audit   'is-shared-array-buffer': [ '1.0.4' ],
145 silly audit   'is-string': [ '1.1.1' ],
145 silly audit   'is-symbol': [ '1.1.1' ],
145 silly audit   'is-typed-array': [ '1.1.15' ],
145 silly audit   'is-weakmap': [ '2.0.2' ],
145 silly audit   'is-weakref': [ '1.1.1' ],
145 silly audit   'is-weakset': [ '2.0.4' ],
145 silly audit   isarray: [ '2.0.5' ],
145 silly audit   isexe: [ '2.0.0' ],
145 silly audit   'iterator.prototype': [ '1.1.5' ],
145 silly audit   jiti: [ '2.6.1' ],
145 silly audit   jose: [ '4.15.9' ],
145 silly audit   'js-tokens': [ '4.0.0' ],
145 silly audit   'js-yaml': [ '4.1.1' ],
145 silly audit   jsesc: [ '3.1.0' ],
145 silly audit   'json-buffer': [ '3.0.1' ],
145 silly audit   'json-schema-traverse': [ '0.4.1' ],
145 silly audit   'json-stable-stringify-without-jsonify': [ '1.0.1' ],
145 silly audit   json5: [ '2.2.3', '1.0.2' ],
145 silly audit   'jsx-ast-utils': [ '3.3.5' ],
145 silly audit   kareem: [ '3.0.0' ],
145 silly audit   keyv: [ '4.5.4' ],
145 silly audit   'language-subtag-registry': [ '0.3.23' ],
145 silly audit   'language-tags': [ '1.0.9' ],
145 silly audit   levn: [ '0.4.1' ],
145 silly audit   'locate-path': [ '6.0.0', '5.0.0' ],
145 silly audit   'lodash.merge': [ '4.6.2' ],
145 silly audit   'loose-envify': [ '1.4.0' ],
145 silly audit   'lru-cache': [ '5.1.1', '6.0.0' ],
145 silly audit   'math-intrinsics': [ '1.1.0' ],
145 silly audit   'memory-pager': [ '1.5.0' ],
145 silly audit   merge2: [ '1.4.1' ],
145 silly audit   micromatch: [ '4.0.8' ],
145 silly audit   minimist: [ '1.2.8' ],
145 silly audit   mongodb: [ '7.0.0' ],
145 silly audit   'mongodb-connection-string-url': [ '7.0.0' ],
145 silly audit   mongoose: [ '9.1.4' ],
145 silly audit   mpath: [ '0.9.0' ],
145 silly audit   mquery: [ '6.0.0' ],
145 silly audit   ms: [ '2.1.3' ],
145 silly audit   nanoid: [ '3.3.11' ],
145 silly audit   'napi-postinstall': [ '0.3.4' ],
145 silly audit   'natural-compare': [ '1.4.0' ],
145 silly audit   next: [ '16.1.3' ],
145 silly audit   'next-auth': [ '4.24.13' ],
145 silly audit   'node-releases': [ '2.0.27' ],
145 silly audit   oauth: [ '0.9.15' ],
145 silly audit   'object-assign': [ '4.1.1' ],
145 silly audit   'object-hash': [ '2.2.0' ],
145 silly audit   'object-inspect': [ '1.13.4' ],
145 silly audit   'object-keys': [ '1.1.1' ],
145 silly audit   'object.assign': [ '4.1.7' ],
145 silly audit   'object.entries': [ '1.1.9' ],
145 silly audit   'object.fromentries': [ '2.0.8' ],
145 silly audit   'object.groupby': [ '1.0.3' ],
145 silly audit   'object.values': [ '1.2.1' ],
145 silly audit   'oidc-token-hash': [ '5.2.0' ],
145 silly audit   'openid-client': [ '5.7.1' ],
145 silly audit   yallist: [ '4.0.0', '3.1.1' ],
145 silly audit   optionator: [ '0.9.4' ],
145 silly audit   'own-keys': [ '1.0.1' ],
145 silly audit   'p-limit': [ '3.1.0', '2.3.0' ],
145 silly audit   'p-locate': [ '5.0.0', '4.1.0' ],
145 silly audit   'parent-module': [ '1.0.1' ],
145 silly audit   'path-exists': [ '4.0.0' ],
145 silly audit   'path-key': [ '3.1.1' ],
145 silly audit   'path-parse': [ '1.0.7' ],
145 silly audit   picocolors: [ '1.1.1' ],
145 silly audit   picomatch: [ '2.3.1', '4.0.3' ],
145 silly audit   'possible-typed-array-names': [ '1.1.0' ],
145 silly audit   postcss: [ '8.4.31' ],
145 silly audit   preact: [ '10.28.2' ],
145 silly audit   'preact-render-to-string': [ '5.2.6' ],
145 silly audit   'prelude-ls': [ '1.2.1' ],
145 silly audit   'pretty-format': [ '3.8.0' ],
145 silly audit   'prop-types': [ '15.8.1' ],
145 silly audit   punycode: [ '2.3.1' ],
145 silly audit   'queue-microtask': [ '1.2.3' ],
145 silly audit   react: [ '19.2.3' ],
145 silly audit   'react-dom': [ '19.2.3' ],
145 silly audit   'react-is': [ '16.13.1' ],
145 silly audit   'reflect.getprototypeof': [ '1.0.10' ],
145 silly audit   'regexp.prototype.flags': [ '1.5.4' ],
145 silly audit   'resolve-from': [ '4.0.0' ],
145 silly audit   'resolve-pkg-maps': [ '1.0.0' ],
145 silly audit   reusify: [ '1.1.0' ],
145 silly audit   'run-parallel': [ '1.2.0' ],
145 silly audit   'safe-array-concat': [ '1.1.3' ],
145 silly audit   'safe-push-apply': [ '1.0.0' ],
145 silly audit   'safe-regex-test': [ '1.1.0' ],
145 silly audit   scheduler: [ '0.27.0' ],
145 silly audit   'set-function-length': [ '1.2.2' ],
145 silly audit   'set-function-name': [ '2.0.2' ],
145 silly audit   'set-proto': [ '1.0.0' ],
145 silly audit   sharp: [ '0.34.5' ],
145 silly audit   'shebang-command': [ '2.0.0' ],
145 silly audit   'shebang-regex': [ '3.0.0' ],
145 silly audit   'side-channel': [ '1.1.0' ],
145 silly audit   'side-channel-list': [ '1.0.0' ],
145 silly audit   'side-channel-map': [ '1.0.1' ],
145 silly audit   'side-channel-weakmap': [ '1.0.2' ],
145 silly audit   sift: [ '17.1.3' ],
145 silly audit   'source-map-js': [ '1.2.1' ],
145 silly audit   'sparse-bitfield': [ '3.0.3' ],
145 silly audit   'stable-hash': [ '0.0.5' ],
145 silly audit   'stop-iteration-iterator': [ '1.1.0' ],
145 silly audit   'string.prototype.includes': [ '2.0.1' ],
145 silly audit   'string.prototype.matchall': [ '4.0.12' ],
145 silly audit   'string.prototype.repeat': [ '1.0.0' ],
145 silly audit   'string.prototype.trim': [ '1.2.10' ],
145 silly audit   'string.prototype.trimend': [ '1.0.9' ],
145 silly audit   'string.prototype.trimstart': [ '1.0.8' ],
145 silly audit   'strip-bom': [ '3.0.0' ],
145 silly audit   'strip-json-comments': [ '3.1.1' ],
145 silly audit   'styled-jsx': [ '5.1.6' ],
145 silly audit   'supports-color': [ '7.2.0' ],
145 silly audit   'supports-preserve-symlinks-flag': [ '1.0.0' ],
145 silly audit   tinyglobby: [ '0.2.15' ],
145 silly audit   fdir: [ '6.5.0' ],
145 silly audit   'to-regex-range': [ '5.0.1' ],
145 silly audit   tr46: [ '5.1.1' ],
145 silly audit   'ts-api-utils': [ '2.4.0' ],
145 silly audit   'tsconfig-paths': [ '3.15.0' ],
145 silly audit   tslib: [ '2.8.1' ],
145 silly audit   'type-check': [ '0.4.0' ],
145 silly audit   'typed-array-buffer': [ '1.0.3' ],
145 silly audit   'typed-array-byte-length': [ '1.0.3' ],
145 silly audit   'typed-array-byte-offset': [ '1.0.4' ],
145 silly audit   'typed-array-length': [ '1.0.7' ],
145 silly audit   typescript: [ '5.9.3' ],
145 silly audit   'typescript-eslint': [ '8.53.0' ],
145 silly audit   'unbox-primitive': [ '1.1.0' ],
145 silly audit   'undici-types': [ '6.21.0' ],
145 silly audit   'unrs-resolver': [ '1.11.1' ],
145 silly audit   'update-browserslist-db': [ '1.2.3' ],
145 silly audit   'uri-js': [ '4.4.1' ],
145 silly audit   uuid: [ '8.3.2' ],
145 silly audit   'webidl-conversions': [ '7.0.0' ],
145 silly audit   'whatwg-url': [ '14.2.0' ],
145 silly audit   which: [ '2.0.2' ],
145 silly audit   'which-boxed-primitive': [ '1.1.1' ],
145 silly audit   'which-builtin-type': [ '1.2.1' ],
145 silly audit   'which-collection': [ '1.0.2' ],
145 silly audit   'which-typed-array': [ '1.1.20' ],
145 silly audit   'word-wrap': [ '1.2.5' ],
145 silly audit   'yocto-queue': [ '0.1.0' ],
145 silly audit   zod: [ '4.3.5' ],
145 silly audit   'zod-validation-error': [ '4.0.2' ],
145 silly audit   qrcode: [ '1.5.4' ],
145 silly audit   dijkstrajs: [ '1.0.3' ],
145 silly audit   pngjs: [ '5.0.0' ],
145 silly audit   yargs: [ '15.4.1' ],
145 silly audit   cliui: [ '6.0.0' ],
145 silly audit   decamelize: [ '1.2.0' ],
145 silly audit   'get-caller-file': [ '2.0.5' ],
145 silly audit   'require-directory': [ '2.1.1' ],
145 silly audit   'require-main-filename': [ '2.0.0' ],
145 silly audit   'set-blocking': [ '2.0.0' ],
145 silly audit   'string-width': [ '4.2.3' ],
145 silly audit   'which-module': [ '2.0.1' ],
145 silly audit   y18n: [ '4.0.3' ],
145 silly audit   'yargs-parser': [ '18.1.3' ],
145 silly audit   'strip-ansi': [ '6.0.1' ],
145 silly audit   'wrap-ansi': [ '6.2.0' ],
145 silly audit   'is-fullwidth-code-point': [ '3.0.0' ],
145 silly audit   'ansi-regex': [ '5.0.1' ],
145 silly audit   camelcase: [ '5.3.1' ],
145 silly audit   'p-try': [ '2.2.0' ]
145 silly audit }
146 http cache p-try@https://registry.npmjs.org/p-try/-/p-try-2.2.0.tgz 0ms (cache hit)
147 http cache camelcase@https://registry.npmjs.org/camelcase/-/camelcase-5.3.1.tgz 0ms (cache hit)
148 http cache is-fullwidth-code-point@https://registry.npmjs.org/is-fullwidth-code-point/-/is-fullwidth-code-point-3.0.0.tgz 0ms (cache hit)
149 http cache ansi-regex@https://registry.npmjs.org/ansi-regex/-/ansi-regex-5.0.1.tgz 0ms (cache hit)
150 http cache wrap-ansi@https://registry.npmjs.org/wrap-ansi/-/wrap-ansi-6.2.0.tgz 0ms (cache hit)
151 http cache strip-ansi@https://registry.npmjs.org/strip-ansi/-/strip-ansi-6.0.1.tgz 0ms (cache hit)
152 http cache yargs-parser@https://registry.npmjs.org/yargs-parser/-/yargs-parser-18.1.3.tgz 0ms (cache hit)
153 http cache y18n@https://registry.npmjs.org/y18n/-/y18n-4.0.3.tgz 0ms (cache hit)
154 http cache which-module@https://registry.npmjs.org/which-module/-/which-module-2.0.1.tgz 0ms (cache hit)
155 http cache string-width@https://registry.npmjs.org/string-width/-/string-width-4.2.3.tgz 0ms (cache hit)
156 http cache set-blocking@https://registry.npmjs.org/set-blocking/-/set-blocking-2.0.0.tgz 0ms (cache hit)
157 http cache require-main-filename@https://registry.npmjs.org/require-main-filename/-/require-main-filename-2.0.0.tgz 0ms (cache hit)
158 http cache require-directory@https://registry.npmjs.org/require-directory/-/require-directory-2.1.1.tgz 0ms (cache hit)
159 http cache get-caller-file@https://registry.npmjs.org/get-caller-file/-/get-caller-file-2.0.5.tgz 0ms (cache hit)
160 http cache decamelize@https://registry.npmjs.org/decamelize/-/decamelize-1.2.0.tgz 0ms (cache hit)
161 http cache yargs@https://registry.npmjs.org/yargs/-/yargs-15.4.1.tgz 0ms (cache hit)
162 http cache cliui@https://registry.npmjs.org/cliui/-/cliui-6.0.0.tgz 0ms (cache hit)
163 http cache pngjs@https://registry.npmjs.org/pngjs/-/pngjs-5.0.0.tgz 0ms (cache hit)
164 http cache dijkstrajs@https://registry.npmjs.org/dijkstrajs/-/dijkstrajs-1.0.3.tgz 0ms (cache hit)
165 http cache qrcode@https://registry.npmjs.org/qrcode/-/qrcode-1.5.4.tgz 0ms (cache hit)
166 http cache p-limit@https://registry.npmjs.org/p-limit/-/p-limit-2.3.0.tgz 0ms (cache hit)
167 http cache emoji-regex@https://registry.npmjs.org/emoji-regex/-/emoji-regex-8.0.0.tgz 0ms (cache hit)
168 http cache p-locate@https://registry.npmjs.org/p-locate/-/p-locate-4.1.0.tgz 0ms (cache hit)
169 http cache locate-path@https://registry.npmjs.org/locate-path/-/locate-path-5.0.0.tgz 0ms (cache hit)
170 silly tarball no local data for is-fullwidth-code-point@https://registry.npmjs.org/is-fullwidth-code-point/-/is-fullwidth-code-point-3.0.0.tgz. Extracting by manifest.
171 http cache find-up@https://registry.npmjs.org/find-up/-/find-up-4.1.0.tgz 0ms (cache hit)
172 silly tarball no local data for p-try@https://registry.npmjs.org/p-try/-/p-try-2.2.0.tgz. Extracting by manifest.
173 silly tarball no local data for camelcase@https://registry.npmjs.org/camelcase/-/camelcase-5.3.1.tgz. Extracting by manifest.
174 silly tarball no local data for strip-ansi@https://registry.npmjs.org/strip-ansi/-/strip-ansi-6.0.1.tgz. Extracting by manifest.
175 silly tarball no local data for ansi-regex@https://registry.npmjs.org/ansi-regex/-/ansi-regex-5.0.1.tgz. Extracting by manifest.
176 silly tarball no local data for wrap-ansi@https://registry.npmjs.org/wrap-ansi/-/wrap-ansi-6.2.0.tgz. Extracting by manifest.
177 silly tarball no local data for yargs-parser@https://registry.npmjs.org/yargs-parser/-/yargs-parser-18.1.3.tgz. Extracting by manifest.
178 silly tarball no local data for y18n@https://registry.npmjs.org/y18n/-/y18n-4.0.3.tgz. Extracting by manifest.
179 silly tarball no local data for which-module@https://registry.npmjs.org/which-module/-/which-module-2.0.1.tgz. Extracting by manifest.
180 silly tarball no local data for string-width@https://registry.npmjs.org/string-width/-/string-width-4.2.3.tgz. Extracting by manifest.
181 silly tarball no local data for require-main-filename@https://registry.npmjs.org/require-main-filename/-/require-main-filename-2.0.0.tgz. Extracting by manifest.
182 silly tarball no local data for require-directory@https://registry.npmjs.org/require-directory/-/require-directory-2.1.1.tgz. Extracting by manifest.
183 silly tarball no local data for decamelize@https://registry.npmjs.org/decamelize/-/decamelize-1.2.0.tgz. Extracting by manifest.
184 silly tarball no local data for yargs@https://registry.npmjs.org/yargs/-/yargs-15.4.1.tgz. Extracting by manifest.
185 silly tarball no local data for cliui@https://registry.npmjs.org/cliui/-/cliui-6.0.0.tgz. Extracting by manifest.
186 silly tarball no local data for dijkstrajs@https://registry.npmjs.org/dijkstrajs/-/dijkstrajs-1.0.3.tgz. Extracting by manifest.
187 silly tarball no local data for get-caller-file@https://registry.npmjs.org/get-caller-file/-/get-caller-file-2.0.5.tgz. Extracting by manifest.
188 silly tarball no local data for set-blocking@https://registry.npmjs.org/set-blocking/-/set-blocking-2.0.0.tgz. Extracting by manifest.
189 silly tarball no local data for pngjs@https://registry.npmjs.org/pngjs/-/pngjs-5.0.0.tgz. Extracting by manifest.
190 silly tarball no local data for p-locate@https://registry.npmjs.org/p-locate/-/p-locate-4.1.0.tgz. Extracting by manifest.
191 silly tarball no local data for locate-path@https://registry.npmjs.org/locate-path/-/locate-path-5.0.0.tgz. Extracting by manifest.
192 silly tarball no local data for emoji-regex@https://registry.npmjs.org/emoji-regex/-/emoji-regex-8.0.0.tgz. Extracting by manifest.
193 silly tarball no local data for qrcode@https://registry.npmjs.org/qrcode/-/qrcode-1.5.4.tgz. Extracting by manifest.
194 silly tarball no local data for p-limit@https://registry.npmjs.org/p-limit/-/p-limit-2.3.0.tgz. Extracting by manifest.
195 silly tarball no local data for find-up@https://registry.npmjs.org/find-up/-/find-up-4.1.0.tgz. Extracting by manifest.
196 http fetch GET 200 https://registry.npmjs.org/which-module/-/which-module-2.0.1.tgz 131ms (cache miss)
197 http fetch GET 200 https://registry.npmjs.org/p-try/-/p-try-2.2.0.tgz 131ms (cache miss)
198 http fetch GET 200 https://registry.npmjs.org/strip-ansi/-/strip-ansi-6.0.1.tgz 131ms (cache miss)
199 http fetch GET 200 https://registry.npmjs.org/camelcase/-/camelcase-5.3.1.tgz 131ms (cache miss)
200 http fetch GET 200 https://registry.npmjs.org/is-fullwidth-code-point/-/is-fullwidth-code-point-3.0.0.tgz 135ms (cache miss)
201 http fetch GET 200 https://registry.npmjs.org/wrap-ansi/-/wrap-ansi-6.2.0.tgz 134ms (cache miss)
202 http fetch GET 200 https://registry.npmjs.org/get-caller-file/-/get-caller-file-2.0.5.tgz 243ms (cache miss)
203 http fetch GET 200 https://registry.npmjs.org/dijkstrajs/-/dijkstrajs-1.0.3.tgz 253ms (cache miss)
204 http fetch GET 200 https://registry.npmjs.org/set-blocking/-/set-blocking-2.0.0.tgz 253ms (cache miss)
205 http fetch GET 200 https://registry.npmjs.org/cliui/-/cliui-6.0.0.tgz 255ms (cache miss)
206 http fetch GET 200 https://registry.npmjs.org/locate-path/-/locate-path-5.0.0.tgz 261ms (cache miss)
207 http fetch POST 200 https://registry.npmjs.org/-/npm/v1/security/advisories/bulk 326ms
208 silly audit report {
208 silly audit report   'brace-expansion': [
208 silly audit report     {
208 silly audit report       id: 1115540,
208 silly audit report       url: 'https://github.com/advisories/GHSA-f886-m6hf-6m8v',
208 silly audit report       title: 'brace-expansion: Zero-step sequence causes process hang and memory exhaustion',
208 silly audit report       severity: 'moderate',
208 silly audit report       vulnerable_versions: '<1.1.13',
208 silly audit report       cwe: [Array],
208 silly audit report       cvss: [Object]
208 silly audit report     },
208 silly audit report     {
208 silly audit report       id: 1115541,
208 silly audit report       url: 'https://github.com/advisories/GHSA-f886-m6hf-6m8v',
208 silly audit report       title: 'brace-expansion: Zero-step sequence causes process hang and memory exhaustion',
208 silly audit report       severity: 'moderate',
208 silly audit report       vulnerable_versions: '>=2.0.0 <2.0.3',
208 silly audit report       cwe: [Array],
208 silly audit report       cvss: [Object]
208 silly audit report     }
208 silly audit report   ],
208 silly audit report   minimatch: [
208 silly audit report     {
208 silly audit report       id: 1113459,
208 silly audit report       url: 'https://github.com/advisories/GHSA-3ppc-4f35-3m26',
208 silly audit report       title: 'minimatch has a ReDoS via repeated wildcards with non-matching literal in pattern',
208 silly audit report       severity: 'high',
208 silly audit report       vulnerable_versions: '<3.1.3',
208 silly audit report       cwe: [Array],
208 silly audit report       cvss: [Object]
208 silly audit report     },
208 silly audit report     {
208 silly audit report       id: 1113465,
208 silly audit report       url: 'https://github.com/advisories/GHSA-3ppc-4f35-3m26',
208 silly audit report       title: 'minimatch has a ReDoS via repeated wildcards with non-matching literal in pattern',
208 silly audit report       severity: 'high',
208 silly audit report       vulnerable_versions: '>=9.0.0 <9.0.6',
208 silly audit report       cwe: [Array],
208 silly audit report       cvss: [Object]
208 silly audit report     },
208 silly audit report     {
208 silly audit report       id: 1113538,
208 silly audit report       url: 'https://github.com/advisories/GHSA-7r86-cg39-jmmj',
208 silly audit report       title: 'minimatch has ReDoS: matchOne() combinatorial backtracking via multiple non-adjacent GLOBSTAR segments',
208 silly audit report       severity: 'high',
208 silly audit report       vulnerable_versions: '<3.1.3',
208 silly audit report       cwe: [Array],
208 silly audit report       cvss: [Object]
208 silly audit report     },
208 silly audit report     {
208 silly audit report       id: 1113544,
208 silly audit report       url: 'https://github.com/advisories/GHSA-7r86-cg39-jmmj',
208 silly audit report       title: 'minimatch has ReDoS: matchOne() combinatorial backtracking via multiple non-adjacent GLOBSTAR segments',
208 silly audit report       severity: 'high',
208 silly audit report       vulnerable_versions: '>=9.0.0 <9.0.7',
208 silly audit report       cwe: [Array],
208 silly audit report       cvss: [Object]
208 silly audit report     },
208 silly audit report     {
208 silly audit report       id: 1113546,
208 silly audit report       url: 'https://github.com/advisories/GHSA-23c5-xmqv-rm74',
208 silly audit report       title: 'minimatch ReDoS: nested *() extglobs generate catastrophically backtracking regular expressions',
208 silly audit report       severity: 'high',
208 silly audit report       vulnerable_versions: '<3.1.4',
208 silly audit report       cwe: [Array],
208 silly audit report       cvss: [Object]
208 silly audit report     },
208 silly audit report     {
208 silly audit report       id: 1113552,
208 silly audit report       url: 'https://github.com/advisories/GHSA-23c5-xmqv-rm74',
208 silly audit report       title: 'minimatch ReDoS: nested *() extglobs generate catastrophically backtracking regular expressions',
208 silly audit report       severity: 'high',
208 silly audit report       vulnerable_versions: '>=9.0.0 <9.0.7',
208 silly audit report       cwe: [Array],
208 silly audit report       cvss: [Object]
208 silly audit report     }
208 silly audit report   ],
208 silly audit report   ajv: [
208 silly audit report     {
208 silly audit report       id: 1113714,
208 silly audit report       url: 'https://github.com/advisories/GHSA-2g4f-4pwh-qvx6',
208 silly audit report       title: 'ajv has ReDoS when using `$data` option',
208 silly audit report       severity: 'moderate',
208 silly audit report       vulnerable_versions: '<6.14.0',
208 silly audit report       cwe: [Array],
208 silly audit report       cvss: [Object]
208 silly audit report     }
208 silly audit report   ],
208 silly audit report   flatted: [
208 silly audit report     {
208 silly audit report       id: 1114526,
208 silly audit report       url: 'https://github.com/advisories/GHSA-25h7-pfq9-p65f',
208 silly audit report       title: 'flatted vulnerable to unbounded recursion DoS in parse() revive phase',
208 silly audit report       severity: 'high',
208 silly audit report       vulnerable_versions: '<3.4.0',
208 silly audit report       cwe: [Array],
208 silly audit report       cvss: [Object]
208 silly audit report     },
208 silly audit report     {
208 silly audit report       id: 1115357,
208 silly audit report       url: 'https://github.com/advisories/GHSA-rf6f-7fwh-wjgh',
208 silly audit report       title: 'Prototype Pollution via parse() in NodeJS flatted',
208 silly audit report       severity: 'high',
208 silly audit report       vulnerable_versions: '<=3.4.1',
208 silly audit report       cwe: [Array],
208 silly audit report       cvss: [Object]
208 silly audit report     }
208 silly audit report   ],
208 silly audit report   next: [
208 silly audit report     {
208 silly audit report       id: 1112592,
208 silly audit report       url: 'https://github.com/advisories/GHSA-9g9p-9gw9-jx7f',
208 silly audit report       title: 'Next.js self-hosted applications vulnerable to DoS via Image Optimizer remotePatterns configuration',
208 silly audit report       severity: 'moderate',
208 silly audit report       vulnerable_versions: '>=15.6.0-canary.0 <16.1.5',
208 silly audit report       cwe: [Array],
208 silly audit report       cvss: [Object]
208 silly audit report     },
208 silly audit report     {
208 silly audit report       id: 1112645,
208 silly audit report       url: 'https://github.com/advisories/GHSA-h25m-26qc-wcjf',
208 silly audit report       title: 'Next.js HTTP request deserialization can lead to DoS when using insecure React Server Components',
208 silly audit report       severity: 'high',
208 silly audit report       vulnerable_versions: '>=16.1.0-canary.0 <16.1.5',
208 silly audit report       cwe: [Array],
208 silly audit report       cvss: [Object]
208 silly audit report     },
208 silly audit report     {
208 silly audit report       id: 1112990,
208 silly audit report       url: 'https://github.com/advisories/GHSA-5f7q-jpqc-wp7h',
208 silly audit report       title: 'Next.js has Unbounded Memory Consumption via PPR Resume Endpoint ',
208 silly audit report       severity: 'moderate',
208 silly audit report       vulnerable_versions: '>=16.0.0-beta.0 <16.1.5',
208 silly audit report       cwe: [Array],
208 silly audit report       cvss: [Object]
208 silly audit report     },
208 silly audit report     {
208 silly audit report       id: 1114898,
208 silly audit report       url: 'https://github.com/advisories/GHSA-ggv3-7p47-pfv8',
208 silly audit report       title: 'Next.js: HTTP request smuggling in rewrites',
208 silly audit report       severity: 'moderate',
208 silly audit report       vulnerable_versions: '>=16.0.0-beta.0 <16.1.7',
208 silly audit report       cwe: [Array],
208 silly audit report       cvss: [Object]
208 silly audit report     },
208 silly audit report     {
208 silly audit report       id: 1114941,
208 silly audit report       url: 'https://github.com/advisories/GHSA-3x4c-7xq6-9pq8',
208 silly audit report       title: 'Next.js: Unbounded next/image disk cache growth can exhaust storage',
208 silly audit report       severity: 'moderate',
208 silly audit report       vulnerable_versions: '>=16.0.0-beta.0 <16.1.7',
208 silly audit report       cwe: [Array],
208 silly audit report       cvss: [Object]
208 silly audit report     },
208 silly audit report     {
208 silly audit report       id: 1114942,
208 silly audit report       url: 'https://github.com/advisories/GHSA-h27x-g6w4-24gq',
208 silly audit report       title: 'Next.js: Unbounded postponed resume buffering can lead to DoS',
208 silly audit report       severity: 'moderate',
208 silly audit report       vulnerable_versions: '>=16.0.1 <16.1.7',
208 silly audit report       cwe: [Array],
208 silly audit report       cvss: [Object]
208 silly audit report     },
208 silly audit report     {
208 silly audit report       id: 1114943,
208 silly audit report       url: 'https://github.com/advisories/GHSA-mq59-m269-xvcx',
208 silly audit report       title: 'Next.js: null origin can bypass Server Actions CSRF checks',
208 silly audit report       severity: 'moderate',
208 silly audit report       vulnerable_versions: '>=16.0.1 <16.1.7',
208 silly audit report       cwe: [Array],
208 silly audit report       cvss: [Object]
208 silly audit report     },
208 silly audit report     {
208 silly audit report       id: 1115360,
208 silly audit report       url: 'https://github.com/advisories/GHSA-jcc7-9wpm-mj36',
208 silly audit report       title: 'Next.js: null origin can bypass dev HMR websocket CSRF checks',
208 silly audit report       severity: 'low',
208 silly audit report       vulnerable_versions: '>=16.0.1 <16.1.7',
208 silly audit report       cwe: [Array],
208 silly audit report       cvss: [Object]
208 silly audit report     }
208 silly audit report   ],
208 silly audit report   picomatch: [
208 silly audit report     {
208 silly audit report       id: 1115549,
208 silly audit report       url: 'https://github.com/advisories/GHSA-3v7f-55p6-f55p',
208 silly audit report       title: 'Picomatch: Method Injection in POSIX Character Classes causes incorrect Glob Matching',
208 silly audit report       severity: 'moderate',
208 silly audit report       vulnerable_versions: '<2.3.2',
208 silly audit report       cwe: [Array],
208 silly audit report       cvss: [Object]
208 silly audit report     },
208 silly audit report     {
208 silly audit report       id: 1115551,
208 silly audit report       url: 'https://github.com/advisories/GHSA-3v7f-55p6-f55p',
208 silly audit report       title: 'Picomatch: Method Injection in POSIX Character Classes causes incorrect Glob Matching',
208 silly audit report       severity: 'moderate',
208 silly audit report       vulnerable_versions: '>=4.0.0 <4.0.4',
208 silly audit report       cwe: [Array],
208 silly audit report       cvss: [Object]
208 silly audit report     },
208 silly audit report     {
208 silly audit report       id: 1115552,
208 silly audit report       url: 'https://github.com/advisories/GHSA-c2c7-rcm5-vvqj',
208 silly audit report       title: 'Picomatch has a ReDoS vulnerability via extglob quantifiers',
208 silly audit report       severity: 'high',
208 silly audit report       vulnerable_versions: '<2.3.2',
208 silly audit report       cwe: [Array],
208 silly audit report       cvss: [Object]
208 silly audit report     },
208 silly audit report     {
208 silly audit report       id: 1115554,
208 silly audit report       url: 'https://github.com/advisories/GHSA-c2c7-rcm5-vvqj',
208 silly audit report       title: 'Picomatch has a ReDoS vulnerability via extglob quantifiers',
208 silly audit report       severity: 'high',
208 silly audit report       vulnerable_versions: '>=4.0.0 <4.0.4',
208 silly audit report       cwe: [Array],
208 silly audit report       cvss: [Object]
208 silly audit report     }
208 silly audit report   ]
208 silly audit report }
209 silly packumentCache corgi:https://registry.npmjs.org/brace-expansion cache-miss
210 silly packumentCache corgi:https://registry.npmjs.org/minimatch cache-miss
211 silly packumentCache corgi:https://registry.npmjs.org/ajv cache-miss
212 silly packumentCache corgi:https://registry.npmjs.org/flatted cache-miss
213 silly packumentCache corgi:https://registry.npmjs.org/next cache-miss
214 silly packumentCache corgi:https://registry.npmjs.org/picomatch cache-miss
215 http fetch GET 200 https://registry.npmjs.org/find-up/-/find-up-4.1.0.tgz 384ms (cache miss)
216 http fetch GET 200 https://registry.npmjs.org/emoji-regex/-/emoji-regex-8.0.0.tgz 387ms (cache miss)
217 http fetch GET 200 https://registry.npmjs.org/p-locate/-/p-locate-4.1.0.tgz 395ms (cache miss)
218 http fetch GET 200 https://registry.npmjs.org/p-limit/-/p-limit-2.3.0.tgz 396ms (cache miss)
219 http fetch GET 200 https://registry.npmjs.org/qrcode/-/qrcode-1.5.4.tgz 418ms (cache miss)
220 http fetch GET 200 https://registry.npmjs.org/pngjs/-/pngjs-5.0.0.tgz 418ms (cache miss)
221 http fetch GET 200 https://registry.npmjs.org/decamelize/-/decamelize-1.2.0.tgz 449ms (cache miss)
222 http fetch GET 200 https://registry.npmjs.org/string-width/-/string-width-4.2.3.tgz 455ms (cache miss)
223 http fetch GET 200 https://registry.npmjs.org/yargs-parser/-/yargs-parser-18.1.3.tgz 458ms (cache miss)
224 http fetch GET 200 https://registry.npmjs.org/require-main-filename/-/require-main-filename-2.0.0.tgz 460ms (cache miss)
225 http fetch GET 200 https://registry.npmjs.org/require-directory/-/require-directory-2.1.1.tgz 462ms (cache miss)
226 http fetch GET 200 https://registry.npmjs.org/flatted 144ms (cache miss)
227 silly packumentCache corgi:https://registry.npmjs.org/flatted set size:undefined disposed:false
228 http fetch GET 200 https://registry.npmjs.org/y18n/-/y18n-4.0.3.tgz 467ms (cache miss)
229 http fetch GET 200 https://registry.npmjs.org/ansi-regex/-/ansi-regex-5.0.1.tgz 469ms (cache miss)
230 http fetch GET 200 https://registry.npmjs.org/yargs/-/yargs-15.4.1.tgz 477ms (cache miss)
231 verbose Error: EACCES: permission denied, mkdir '/Users/talhaazeem/Documents/managementSystem/.npm_cache/_cacache/index-v5/3c/d5'
    at async mkdir (node:internal/fs/promises:852:10)
    at async Object.insert (/usr/local/lib/node_modules/npm/node_modules/cacache/lib/entry-index.js:124:5)
    at async Flush.flush (/usr/local/lib/node_modules/npm/node_modules/cacache/lib/put.js:69:23)
232 verbose stack Error: EACCES: permission denied, mkdir '/Users/talhaazeem/Documents/managementSystem/.npm_cache/_cacache/index-v5/3c/d5'
232 verbose stack     at async mkdir (node:internal/fs/promises:852:10)
232 verbose stack     at async Object.insert (/usr/local/lib/node_modules/npm/node_modules/cacache/lib/entry-index.js:124:5)
232 verbose stack     at async Flush.flush (/usr/local/lib/node_modules/npm/node_modules/cacache/lib/put.js:69:23)
233 error code EACCES
234 error syscall mkdir
235 error path /Users/talhaazeem/Documents/managementSystem/.npm_cache/_cacache/index-v5/3c/d5
236 error errno -13
237 error
237 error Your cache folder contains root-owned files, due to a bug in
237 error previous versions of npm which has since been addressed.
237 error
237 error To permanently fix this problem, please run:
237 error   sudo chown -R 501:20 "/Users/talhaazeem/Documents/managementSystem/.npm_cache"
238 silly unfinished npm timer reify 1774945087812
239 silly unfinished npm timer reify:audit 1774945090352
240 silly unfinished npm timer reify:unpack 1774945090356
241 silly unfinished npm timer reifyNode:node_modules/yargs-parser 1774945090356
242 silly unfinished npm timer auditReport:init 1774945090682
243 silly unfinished npm timer metavuln:calculate:security-advisory:brace-expansion:1115540 1774945090682
244 silly unfinished npm timer metavuln:packument:brace-expansion 1774945090682
245 silly unfinished npm timer metavuln:calculate:security-advisory:brace-expansion:1115541 1774945090682
246 silly unfinished npm timer metavuln:calculate:security-advisory:minimatch:1113459 1774945090682
247 silly unfinished npm timer metavuln:packument:minimatch 1774945090682
248 silly unfinished npm timer metavuln:calculate:security-advisory:minimatch:1113465 1774945090682
249 silly unfinished npm timer metavuln:calculate:security-advisory:minimatch:1113538 1774945090682
250 silly unfinished npm timer metavuln:calculate:security-advisory:minimatch:1113544 1774945090682
251 silly unfinished npm timer metavuln:calculate:security-advisory:minimatch:1113546 1774945090682
252 silly unfinished npm timer metavuln:calculate:security-advisory:minimatch:1113552 1774945090682
253 silly unfinished npm timer metavuln:calculate:security-advisory:ajv:1113714 1774945090682
254 silly unfinished npm timer metavuln:packument:ajv 1774945090683
255 silly unfinished npm timer metavuln:calculate:security-advisory:next:1112592 1774945090683
256 silly unfinished npm timer metavuln:packument:next 1774945090683
257 silly unfinished npm timer metavuln:calculate:security-advisory:next:1112645 1774945090683
258 silly unfinished npm timer metavuln:calculate:security-advisory:next:1112990 1774945090683
259 silly unfinished npm timer metavuln:calculate:security-advisory:next:1114898 1774945090683
260 silly unfinished npm timer metavuln:calculate:security-advisory:next:1114941 1774945090683
261 silly unfinished npm timer metavuln:calculate:security-advisory:next:1114942 1774945090683
262 silly unfinished npm timer metavuln:calculate:security-advisory:next:1114943 1774945090683
263 silly unfinished npm timer metavuln:calculate:security-advisory:next:1115360 1774945090683
264 silly unfinished npm timer metavuln:calculate:security-advisory:picomatch:1115549 1774945090683
265 silly unfinished npm timer metavuln:packument:picomatch 1774945090683
266 silly unfinished npm timer metavuln:calculate:security-advisory:picomatch:1115551 1774945090683
267 silly unfinished npm timer metavuln:calculate:security-advisory:picomatch:1115552 1774945090683
268 silly unfinished npm timer metavuln:calculate:security-advisory:picomatch:1115554 1774945090683
269 verbose cwd /Users/talhaazeem/Documents/managementSystem
270 verbose os Darwin 24.5.0
271 verbose node v22.15.1
272 verbose npm  v11.4.2
273 verbose exit -13
274 verbose code -13
275 error A complete log of this run can be found in: /Users/talhaazeem/Documents/managementSystem/.npm_cache/_logs/2026-03-31T08_18_07_548Z-debug-0.log
