0 verbose cli /usr/local/bin/node /usr/local/bin/npm
1 info using npm@11.4.2
2 info using node@v22.15.1
3 silly config load:file:/usr/local/lib/node_modules/npm/npmrc
4 silly config load:file:/Users/talhaazeem/Documents/managementSystem/.npmrc
5 silly config load:file:/Users/talhaazeem/.npmrc
6 silly config load:file:/usr/local/etc/npmrc
7 verbose title npm install qrcode
8 verbose argv "install" "qrcode" "--save"
9 verbose logfile logs-max:10 dir:/Users/talhaazeem/Documents/managementSystem/.npm_cache/_logs/2026-03-31T08_18_17_452Z-
10 verbose logfile /Users/talhaazeem/Documents/managementSystem/.npm_cache/_logs/2026-03-31T08_18_17_452Z-debug-0.log
11 silly logfile start cleaning logs, removing 1 files
12 silly packumentCache heap:2197815296 maxSize:549453824 maxEntrySize:274726912
13 silly logfile done cleaning log files
14 silly idealTree buildDeps
15 silly fetch manifest qrcode@*
16 silly packumentCache full:https://registry.npmjs.org/qrcode cache-miss
17 verbose shrinkwrap failed to load node_modules/.package-lock.json out of date, updated: node_modules
18 http cache https://registry.npmjs.org/qrcode 7ms (cache hit)
19 silly packumentCache full:https://registry.npmjs.org/qrcode set size:131489 disposed:false
20 silly placeDep ROOT qrcode@1.5.4 OK for: honda-dms@0.1.0 want: *
21 silly fetch manifest pngjs@^5.0.0
22 silly packumentCache full:https://registry.npmjs.org/pngjs cache-miss
23 silly fetch manifest yargs@^15.3.1
24 silly packumentCache full:https://registry.npmjs.org/yargs cache-miss
25 silly fetch manifest dijkstrajs@^1.0.1
26 silly packumentCache full:https://registry.npmjs.org/dijkstrajs cache-miss
27 http cache https://registry.npmjs.org/dijkstrajs 56ms (cache hit)
28 silly packumentCache full:https://registry.npmjs.org/dijkstrajs set size:10832 disposed:false
29 http cache https://registry.npmjs.org/pngjs 57ms (cache hit)
30 silly packumentCache full:https://registry.npmjs.org/pngjs set size:70154 disposed:false
31 http cache https://registry.npmjs.org/yargs 58ms (cache hit)
32 silly packumentCache full:https://registry.npmjs.org/yargs set size:743056 disposed:false
33 silly placeDep ROOT dijkstrajs@1.0.3 OK for: qrcode@1.5.4 want: ^1.0.1
34 silly placeDep ROOT pngjs@5.0.0 OK for: qrcode@1.5.4 want: ^5.0.0
35 silly placeDep ROOT yargs@15.4.1 OK for: qrcode@1.5.4 want: ^15.3.1
36 silly fetch manifest y18n@^4.0.0
37 silly packumentCache full:https://registry.npmjs.org/y18n cache-miss
38 silly fetch manifest cliui@^6.0.0
39 silly packumentCache full:https://registry.npmjs.org/cliui cache-miss
40 silly fetch manifest find-up@^4.1.0
41 silly packumentCache full:https://registry.npmjs.org/find-up cache-miss
42 silly fetch manifest decamelize@^1.2.0
43 silly packumentCache full:https://registry.npmjs.org/decamelize cache-miss
44 silly fetch manifest set-blocking@^2.0.0
45 silly packumentCache full:https://registry.npmjs.org/set-blocking cache-miss
46 silly fetch manifest string-width@^4.2.0
47 silly packumentCache full:https://registry.npmjs.org/string-width cache-miss
48 silly fetch manifest which-module@^2.0.0
49 silly packumentCache full:https://registry.npmjs.org/which-module cache-miss
50 http cache https://registry.npmjs.org/decamelize 7ms (cache hit)
51 silly packumentCache full:https://registry.npmjs.org/decamelize set size:34500 disposed:false
52 silly fetch manifest yargs-parser@^18.1.2
53 silly packumentCache full:https://registry.npmjs.org/yargs-parser cache-miss
54 http cache https://registry.npmjs.org/y18n 9ms (cache hit)
55 silly packumentCache full:https://registry.npmjs.org/y18n set size:76155 disposed:false
56 silly fetch manifest get-caller-file@^2.0.1
57 silly packumentCache full:https://registry.npmjs.org/get-caller-file cache-miss
58 http cache https://registry.npmjs.org/set-blocking 9ms (cache hit)
59 silly packumentCache full:https://registry.npmjs.org/set-blocking set size:5763 disposed:false
60 silly fetch manifest require-directory@^2.1.1
61 silly packumentCache full:https://registry.npmjs.org/require-directory cache-miss
62 http cache https://registry.npmjs.org/find-up 10ms (cache hit)
63 silly packumentCache full:https://registry.npmjs.org/find-up set size:42620 disposed:false
64 silly fetch manifest require-main-filename@^2.0.0
65 silly packumentCache full:https://registry.npmjs.org/require-main-filename cache-miss
66 http cache https://registry.npmjs.org/cliui 11ms (cache hit)
67 silly packumentCache full:https://registry.npmjs.org/cliui set size:69089 disposed:false
68 http cache https://registry.npmjs.org/string-width 11ms (cache hit)
69 silly packumentCache full:https://registry.npmjs.org/string-width set size:68305 disposed:false
70 http cache https://registry.npmjs.org/which-module 12ms (cache hit)
71 silly packumentCache full:https://registry.npmjs.org/which-module set size:13898 disposed:false
72 http cache https://registry.npmjs.org/get-caller-file 4ms (cache hit)
73 silly packumentCache full:https://registry.npmjs.org/get-caller-file set size:26456 disposed:false
74 http cache https://registry.npmjs.org/yargs-parser 5ms (cache hit)
75 silly packumentCache full:https://registry.npmjs.org/yargs-parser set size:238630 disposed:false
76 http cache https://registry.npmjs.org/require-directory 5ms (cache hit)
77 silly packumentCache full:https://registry.npmjs.org/require-directory set size:26866 disposed:false
78 http cache https://registry.npmjs.org/require-main-filename 4ms (cache hit)
79 silly packumentCache full:https://registry.npmjs.org/require-main-filename set size:7471 disposed:false
80 silly placeDep ROOT cliui@6.0.0 OK for: yargs@15.4.1 want: ^6.0.0
81 silly placeDep ROOT decamelize@1.2.0 OK for: yargs@15.4.1 want: ^1.2.0
82 silly placeDep node_modules/yargs find-up@4.1.0 OK for: yargs@15.4.1 want: ^4.1.0
83 silly placeDep ROOT get-caller-file@2.0.5 OK for: yargs@15.4.1 want: ^2.0.1
84 silly placeDep ROOT require-directory@2.1.1 OK for: yargs@15.4.1 want: ^2.1.1
85 silly placeDep ROOT require-main-filename@2.0.0 OK for: yargs@15.4.1 want: ^2.0.0
86 silly placeDep ROOT set-blocking@2.0.0 OK for: yargs@15.4.1 want: ^2.0.0
87 silly placeDep ROOT string-width@4.2.3 OK for: yargs@15.4.1 want: ^4.2.0
88 silly placeDep ROOT which-module@2.0.1 OK for: yargs@15.4.1 want: ^2.0.0
89 silly placeDep ROOT y18n@4.0.3 OK for: yargs@15.4.1 want: ^4.0.0
90 silly placeDep ROOT yargs-parser@18.1.3 OK for: yargs@15.4.1 want: ^18.1.2
91 silly fetch manifest wrap-ansi@^6.2.0
92 silly packumentCache full:https://registry.npmjs.org/wrap-ansi cache-miss
93 silly fetch manifest strip-ansi@^6.0.0
94 silly packumentCache full:https://registry.npmjs.org/strip-ansi cache-miss
95 silly fetch manifest locate-path@^5.0.0
96 silly packumentCache full:https://registry.npmjs.org/locate-path cache-miss
97 silly fetch manifest strip-ansi@^6.0.1
98 silly packumentCache full:https://registry.npmjs.org/strip-ansi cache-miss
99 silly fetch manifest emoji-regex@^8.0.0
100 silly packumentCache full:https://registry.npmjs.org/emoji-regex cache-miss
101 silly fetch manifest is-fullwidth-code-point@^3.0.0
102 silly packumentCache full:https://registry.npmjs.org/is-fullwidth-code-point cache-miss
103 silly fetch manifest camelcase@^5.0.0
104 silly packumentCache full:https://registry.npmjs.org/camelcase cache-miss
105 http cache https://registry.npmjs.org/strip-ansi 3ms (cache hit)
106 silly packumentCache full:https://registry.npmjs.org/strip-ansi set size:44998 disposed:false
107 http cache https://registry.npmjs.org/locate-path 4ms (cache hit)
108 silly packumentCache full:https://registry.npmjs.org/locate-path set size:31329 disposed:false
109 http cache https://registry.npmjs.org/emoji-regex 3ms (cache hit)
110 silly packumentCache full:https://registry.npmjs.org/emoji-regex set size:89088 disposed:false
111 http cache https://registry.npmjs.org/strip-ansi 4ms (cache hit)
112 silly packumentCache full:https://registry.npmjs.org/strip-ansi set size:44998 disposed:false
113 silly packumentCache full:https://registry.npmjs.org/strip-ansi dispose
114 http cache https://registry.npmjs.org/is-fullwidth-code-point 4ms (cache hit)
115 silly packumentCache full:https://registry.npmjs.org/is-fullwidth-code-point set size:14578 disposed:false
116 http cache https://registry.npmjs.org/camelcase 4ms (cache hit)
117 silly packumentCache full:https://registry.npmjs.org/camelcase set size:60255 disposed:false
118 http cache https://registry.npmjs.org/wrap-ansi 5ms (cache hit)
119 silly packumentCache full:https://registry.npmjs.org/wrap-ansi set size:55299 disposed:false
120 silly placeDep ROOT strip-ansi@6.0.1 OK for: cliui@6.0.0 want: ^6.0.0
121 silly placeDep ROOT wrap-ansi@6.2.0 OK for: cliui@6.0.0 want: ^6.2.0
122 silly fetch manifest ansi-regex@^5.0.1
123 silly packumentCache full:https://registry.npmjs.org/ansi-regex cache-miss
124 http cache https://registry.npmjs.org/ansi-regex 1ms (cache hit)
125 silly packumentCache full:https://registry.npmjs.org/ansi-regex set size:43572 disposed:false
126 silly placeDep node_modules/string-width emoji-regex@8.0.0 OK for: string-width@4.2.3 want: ^8.0.0
127 silly placeDep ROOT is-fullwidth-code-point@3.0.0 OK for: string-width@4.2.3 want: ^3.0.0
128 silly placeDep ROOT ansi-regex@5.0.1 OK for: strip-ansi@6.0.1 want: ^5.0.1
129 silly placeDep ROOT camelcase@5.3.1 OK for: yargs-parser@18.1.3 want: ^5.0.0
130 silly placeDep node_modules/yargs locate-path@5.0.0 OK for: find-up@4.1.0 want: ^5.0.0
131 silly fetch manifest p-locate@^4.1.0
132 silly packumentCache full:https://registry.npmjs.org/p-locate cache-miss
133 http cache https://registry.npmjs.org/p-locate 2ms (cache hit)
134 silly packumentCache full:https://registry.npmjs.org/p-locate set size:22488 disposed:false
135 silly placeDep node_modules/yargs p-locate@4.1.0 OK for: locate-path@5.0.0 want: ^4.1.0
136 silly fetch manifest p-limit@^2.2.0
137 silly packumentCache full:https://registry.npmjs.org/p-limit cache-miss
138 http cache https://registry.npmjs.org/p-limit 1ms (cache hit)
139 silly packumentCache full:https://registry.npmjs.org/p-limit set size:61867 disposed:false
140 silly placeDep node_modules/yargs p-limit@2.3.0 OK for: p-locate@4.1.0 want: ^2.2.0
141 silly fetch manifest p-try@^2.0.0
142 silly packumentCache full:https://registry.npmjs.org/p-try cache-miss
143 http cache https://registry.npmjs.org/p-try 2ms (cache hit)
144 silly packumentCache full:https://registry.npmjs.org/p-try set size:13014 disposed:false
145 silly placeDep ROOT p-try@2.2.0 OK for: p-limit@2.3.0 want: ^2.0.0
146 silly reify moves {}
147 silly audit bulk request {
147 silly audit   '@babel/code-frame': [ '7.28.6' ],
147 silly audit   '@babel/compat-data': [ '7.28.6' ],
147 silly audit   '@babel/core': [ '7.28.6' ],
147 silly audit   '@babel/generator': [ '7.28.6' ],
147 silly audit   '@babel/helper-compilation-targets': [ '7.28.6' ],
147 silly audit   '@babel/helper-globals': [ '7.28.0' ],
147 silly audit   '@babel/helper-module-imports': [ '7.28.6' ],
147 silly audit   '@babel/helper-module-transforms': [ '7.28.6' ],
147 silly audit   '@babel/helper-string-parser': [ '7.27.1' ],
147 silly audit   '@babel/helper-validator-identifier': [ '7.28.5' ],
147 silly audit   '@babel/helper-validator-option': [ '7.27.1' ],
147 silly audit   '@babel/helpers': [ '7.28.6' ],
147 silly audit   '@babel/parser': [ '7.28.6' ],
147 silly audit   '@babel/runtime': [ '7.28.6' ],
147 silly audit   '@babel/template': [ '7.28.6' ],
147 silly audit   '@babel/traverse': [ '7.28.6' ],
147 silly audit   '@babel/types': [ '7.28.6' ],
147 silly audit   '@emnapi/core': [ '1.8.1' ],
147 silly audit   '@emnapi/runtime': [ '1.8.1' ],
147 silly audit   '@emnapi/wasi-threads': [ '1.1.0' ],
147 silly audit   '@eslint-community/eslint-utils': [ '4.9.1' ],
147 silly audit   'eslint-visitor-keys': [ '3.4.3', '4.2.1' ],
147 silly audit   '@eslint-community/regexpp': [ '4.12.2' ],
147 silly audit   '@eslint/config-array': [ '0.21.1' ],
147 silly audit   '@eslint/config-helpers': [ '0.4.2' ],
147 silly audit   '@eslint/core': [ '0.17.0' ],
147 silly audit   '@eslint/eslintrc': [ '3.3.3' ],
147 silly audit   '@eslint/js': [ '9.39.2' ],
147 silly audit   '@eslint/object-schema': [ '2.1.7' ],
147 silly audit   '@eslint/plugin-kit': [ '0.4.1' ],
147 silly audit   '@humanfs/core': [ '0.19.1' ],
147 silly audit   '@humanfs/node': [ '0.16.7' ],
147 silly audit   '@humanwhocodes/module-importer': [ '1.0.1' ],
147 silly audit   '@humanwhocodes/retry': [ '0.4.3' ],
147 silly audit   '@img/colour': [ '1.0.0' ],
147 silly audit   '@img/sharp-darwin-arm64': [ '0.34.5' ],
147 silly audit   '@img/sharp-darwin-x64': [ '0.34.5' ],
147 silly audit   '@img/sharp-libvips-darwin-arm64': [ '1.2.4' ],
147 silly audit   '@img/sharp-libvips-darwin-x64': [ '1.2.4' ],
147 silly audit   '@img/sharp-libvips-linux-arm': [ '1.2.4' ],
147 silly audit   '@img/sharp-libvips-linux-arm64': [ '1.2.4' ],
147 silly audit   '@img/sharp-libvips-linux-ppc64': [ '1.2.4' ],
147 silly audit   '@img/sharp-libvips-linux-riscv64': [ '1.2.4' ],
147 silly audit   '@img/sharp-libvips-linux-s390x': [ '1.2.4' ],
147 silly audit   '@img/sharp-libvips-linux-x64': [ '1.2.4' ],
147 silly audit   '@img/sharp-libvips-linuxmusl-arm64': [ '1.2.4' ],
147 silly audit   '@img/sharp-libvips-linuxmusl-x64': [ '1.2.4' ],
147 silly audit   '@img/sharp-linux-arm': [ '0.34.5' ],
147 silly audit   '@img/sharp-linux-arm64': [ '0.34.5' ],
147 silly audit   '@img/sharp-linux-ppc64': [ '0.34.5' ],
147 silly audit   '@img/sharp-linux-riscv64': [ '0.34.5' ],
147 silly audit   '@img/sharp-linux-s390x': [ '0.34.5' ],
147 silly audit   '@img/sharp-linux-x64': [ '0.34.5' ],
147 silly audit   '@img/sharp-linuxmusl-arm64': [ '0.34.5' ],
147 silly audit   '@img/sharp-linuxmusl-x64': [ '0.34.5' ],
147 silly audit   '@img/sharp-wasm32': [ '0.34.5' ],
147 silly audit   '@img/sharp-win32-arm64': [ '0.34.5' ],
147 silly audit   '@img/sharp-win32-ia32': [ '0.34.5' ],
147 silly audit   '@img/sharp-win32-x64': [ '0.34.5' ],
147 silly audit   '@jridgewell/gen-mapping': [ '0.3.13' ],
147 silly audit   '@jridgewell/remapping': [ '2.3.5' ],
147 silly audit   '@jridgewell/resolve-uri': [ '3.1.2' ],
147 silly audit   '@jridgewell/sourcemap-codec': [ '1.5.5' ],
147 silly audit   '@jridgewell/trace-mapping': [ '0.3.31' ],
147 silly audit   '@mongodb-js/saslprep': [ '1.4.4' ],
147 silly audit   '@napi-rs/wasm-runtime': [ '0.2.12' ],
147 silly audit   '@next/env': [ '16.1.3' ],
147 silly audit   '@next/eslint-plugin-next': [ '16.1.3' ],
147 silly audit   '@next/swc-darwin-arm64': [ '16.1.3' ],
147 silly audit   '@next/swc-darwin-x64': [ '16.1.3' ],
147 silly audit   '@next/swc-linux-arm64-gnu': [ '16.1.3' ],
147 silly audit   '@next/swc-linux-arm64-musl': [ '16.1.3' ],
147 silly audit   '@next/swc-linux-x64-gnu': [ '16.1.3' ],
147 silly audit   '@next/swc-linux-x64-musl': [ '16.1.3' ],
147 silly audit   '@next/swc-win32-arm64-msvc': [ '16.1.3' ],
147 silly audit   '@next/swc-win32-x64-msvc': [ '16.1.3' ],
147 silly audit   '@nodelib/fs.scandir': [ '2.1.5' ],
147 silly audit   '@nodelib/fs.stat': [ '2.0.5' ],
147 silly audit   '@nodelib/fs.walk': [ '1.2.8' ],
147 silly audit   '@nolyfill/is-core-module': [ '1.0.39' ],
147 silly audit   '@panva/hkdf': [ '1.2.1' ],
147 silly audit   '@rtsao/scc': [ '1.1.0' ],
147 silly audit   '@swc/helpers': [ '0.5.15' ],
147 silly audit   '@tybys/wasm-util': [ '0.10.1' ],
147 silly audit   '@types/bcryptjs': [ '2.4.6' ],
147 silly audit   '@types/estree': [ '1.0.8' ],
147 silly audit   '@types/json-schema': [ '7.0.15' ],
147 silly audit   '@types/json5': [ '0.0.29' ],
147 silly audit   '@types/node': [ '20.19.30' ],
147 silly audit   '@types/react': [ '19.2.8' ],
147 silly audit   '@types/react-dom': [ '19.2.3' ],
147 silly audit   '@types/webidl-conversions': [ '7.0.3' ],
147 silly audit   '@types/whatwg-url': [ '13.0.0' ],
147 silly audit   '@typescript-eslint/eslint-plugin': [ '8.53.0' ],
147 silly audit   ignore: [ '7.0.5', '5.3.2' ],
147 silly audit   '@typescript-eslint/parser': [ '8.53.0' ],
147 silly audit   '@typescript-eslint/project-service': [ '8.53.0' ],
147 silly audit   '@typescript-eslint/scope-manager': [ '8.53.0' ],
147 silly audit   '@typescript-eslint/tsconfig-utils': [ '8.53.0' ],
147 silly audit   '@typescript-eslint/type-utils': [ '8.53.0' ],
147 silly audit   '@typescript-eslint/types': [ '8.53.0' ],
147 silly audit   '@typescript-eslint/typescript-estree': [ '8.53.0' ],
147 silly audit   'brace-expansion': [ '2.0.2', '1.1.12' ],
147 silly audit   minimatch: [ '9.0.5', '3.1.2' ],
147 silly audit   semver: [ '7.7.3', '6.3.1' ],
147 silly audit   '@typescript-eslint/utils': [ '8.53.0' ],
147 silly audit   '@typescript-eslint/visitor-keys': [ '8.53.0' ],
147 silly audit   '@unrs/resolver-binding-android-arm-eabi': [ '1.11.1' ],
147 silly audit   '@unrs/resolver-binding-android-arm64': [ '1.11.1' ],
147 silly audit   '@unrs/resolver-binding-darwin-arm64': [ '1.11.1' ],
147 silly audit   '@unrs/resolver-binding-darwin-x64': [ '1.11.1' ],
147 silly audit   '@unrs/resolver-binding-freebsd-x64': [ '1.11.1' ],
147 silly audit   '@unrs/resolver-binding-linux-arm-gnueabihf': [ '1.11.1' ],
147 silly audit   '@unrs/resolver-binding-linux-arm-musleabihf': [ '1.11.1' ],
147 silly audit   '@unrs/resolver-binding-linux-arm64-gnu': [ '1.11.1' ],
147 silly audit   '@unrs/resolver-binding-linux-arm64-musl': [ '1.11.1' ],
147 silly audit   '@unrs/resolver-binding-linux-ppc64-gnu': [ '1.11.1' ],
147 silly audit   '@unrs/resolver-binding-linux-riscv64-gnu': [ '1.11.1' ],
147 silly audit   '@unrs/resolver-binding-linux-riscv64-musl': [ '1.11.1' ],
147 silly audit   '@unrs/resolver-binding-linux-s390x-gnu': [ '1.11.1' ],
147 silly audit   '@unrs/resolver-binding-linux-x64-gnu': [ '1.11.1' ],
147 silly audit   '@unrs/resolver-binding-linux-x64-musl': [ '1.11.1' ],
147 silly audit   '@unrs/resolver-binding-wasm32-wasi': [ '1.11.1' ],
147 silly audit   '@unrs/resolver-binding-win32-arm64-msvc': [ '1.11.1' ],
147 silly audit   '@unrs/resolver-binding-win32-ia32-msvc': [ '1.11.1' ],
147 silly audit   '@unrs/resolver-binding-win32-x64-msvc': [ '1.11.1' ],
147 silly audit   acorn: [ '8.15.0' ],
147 silly audit   'acorn-jsx': [ '5.3.2' ],
147 silly audit   ajv: [ '6.12.6' ],
147 silly audit   'ansi-styles': [ '4.3.0' ],
147 silly audit   argparse: [ '2.0.1' ],
147 silly audit   'aria-query': [ '5.3.2' ],
147 silly audit   'array-buffer-byte-length': [ '1.0.2' ],
147 silly audit   'array-includes': [ '3.1.9' ],
147 silly audit   'array.prototype.findlast': [ '1.2.5' ],
147 silly audit   'array.prototype.findlastindex': [ '1.2.6' ],
147 silly audit   'array.prototype.flat': [ '1.3.3' ],
147 silly audit   'array.prototype.flatmap': [ '1.3.3' ],
147 silly audit   'array.prototype.tosorted': [ '1.1.4' ],
147 silly audit   'arraybuffer.prototype.slice': [ '1.0.4' ],
147 silly audit   'ast-types-flow': [ '0.0.8' ],
147 silly audit   'async-function': [ '1.0.0' ],
147 silly audit   'available-typed-arrays': [ '1.0.7' ],
147 silly audit   'axe-core': [ '4.11.1' ],
147 silly audit   'axobject-query': [ '4.1.0' ],
147 silly audit   'balanced-match': [ '1.0.2' ],
147 silly audit   'baseline-browser-mapping': [ '2.9.15' ],
147 silly audit   bcryptjs: [ '3.0.3' ],
147 silly audit   braces: [ '3.0.3' ],
147 silly audit   browserslist: [ '4.28.1' ],
147 silly audit   bson: [ '7.1.1' ],
147 silly audit   'call-bind': [ '1.0.8' ],
147 silly audit   'call-bind-apply-helpers': [ '1.0.2' ],
147 silly audit   'call-bound': [ '1.0.4' ],
147 silly audit   callsites: [ '3.1.0' ],
147 silly audit   'caniuse-lite': [ '1.0.30001764' ],
147 silly audit   chalk: [ '4.1.2' ],
147 silly audit   'client-only': [ '0.0.1' ],
147 silly audit   'color-convert': [ '2.0.1' ],
147 silly audit   'color-name': [ '1.1.4' ],
147 silly audit   'concat-map': [ '0.0.1' ],
147 silly audit   'convert-source-map': [ '2.0.0' ],
147 silly audit   cookie: [ '0.7.2' ],
147 silly audit   'cross-spawn': [ '7.0.6' ],
147 silly audit   csstype: [ '3.2.3' ],
147 silly audit   'damerau-levenshtein': [ '1.0.8' ],
147 silly audit   'data-view-buffer': [ '1.0.2' ],
147 silly audit   'data-view-byte-length': [ '1.0.2' ],
147 silly audit   'data-view-byte-offset': [ '1.0.1' ],
147 silly audit   debug: [ '4.4.3', '3.2.7' ],
147 silly audit   'deep-is': [ '0.1.4' ],
147 silly audit   'define-data-property': [ '1.1.4' ],
147 silly audit   'define-properties': [ '1.2.1' ],
147 silly audit   'detect-libc': [ '2.1.2' ],
147 silly audit   doctrine: [ '2.1.0' ],
147 silly audit   'dunder-proto': [ '1.0.1' ],
147 silly audit   'electron-to-chromium': [ '1.5.267' ],
147 silly audit   'emoji-regex': [ '9.2.2', '8.0.0' ],
147 silly audit   'es-abstract': [ '1.24.1' ],
147 silly audit   'es-define-property': [ '1.0.1' ],
147 silly audit   'es-errors': [ '1.3.0' ],
147 silly audit   'es-iterator-helpers': [ '1.2.2' ],
147 silly audit   'es-object-atoms': [ '1.1.1' ],
147 silly audit   'es-set-tostringtag': [ '2.1.0' ],
147 silly audit   'es-shim-unscopables': [ '1.1.0' ],
147 silly audit   'es-to-primitive': [ '1.3.0' ],
147 silly audit   escalade: [ '3.2.0' ],
147 silly audit   'escape-string-regexp': [ '4.0.0' ],
147 silly audit   eslint: [ '9.39.2' ],
147 silly audit   'eslint-config-next': [ '16.1.3' ],
147 silly audit   globals: [ '16.4.0', '14.0.0' ],
147 silly audit   'eslint-import-resolver-node': [ '0.3.9' ],
147 silly audit   'eslint-import-resolver-typescript': [ '3.10.1' ],
147 silly audit   'eslint-module-utils': [ '2.12.1' ],
147 silly audit   'eslint-plugin-import': [ '2.32.0' ],
147 silly audit   'eslint-plugin-jsx-a11y': [ '6.10.2' ],
147 silly audit   'eslint-plugin-react': [ '7.37.5' ],
147 silly audit   'eslint-plugin-react-hooks': [ '7.0.1' ],
147 silly audit   resolve: [ '2.0.0-next.5', '1.22.11' ],
147 silly audit   'eslint-scope': [ '8.4.0' ],
147 silly audit   espree: [ '10.4.0' ],
147 silly audit   esquery: [ '1.7.0' ],
147 silly audit   esrecurse: [ '4.3.0' ],
147 silly audit   estraverse: [ '5.3.0' ],
147 silly audit   esutils: [ '2.0.3' ],
147 silly audit   'fast-deep-equal': [ '3.1.3' ],
147 silly audit   'fast-glob': [ '3.3.1' ],
147 silly audit   'glob-parent': [ '5.1.2', '6.0.2' ],
147 silly audit   'fast-json-stable-stringify': [ '2.1.0' ],
147 silly audit   'fast-levenshtein': [ '2.0.6' ],
147 silly audit   fastq: [ '1.20.1' ],
147 silly audit   'file-entry-cache': [ '8.0.0' ],
147 silly audit   'fill-range': [ '7.1.1' ],
147 silly audit   'find-up': [ '5.0.0', '4.1.0' ],
147 silly audit   'flat-cache': [ '4.0.1' ],
147 silly audit   flatted: [ '3.3.3' ],
147 silly audit   'for-each': [ '0.3.5' ],
147 silly audit   'function-bind': [ '1.1.2' ],
147 silly audit   'function.prototype.name': [ '1.1.8' ],
147 silly audit   'functions-have-names': [ '1.2.3' ],
147 silly audit   'generator-function': [ '2.0.1' ],
147 silly audit   gensync: [ '1.0.0-beta.2' ],
147 silly audit   'get-intrinsic': [ '1.3.0' ],
147 silly audit   'get-proto': [ '1.0.1' ],
147 silly audit   'get-symbol-description': [ '1.1.0' ],
147 silly audit   'get-tsconfig': [ '4.13.0' ],
147 silly audit   globalthis: [ '1.0.4' ],
147 silly audit   gopd: [ '1.2.0' ],
147 silly audit   'has-bigints': [ '1.1.0' ],
147 silly audit   'has-flag': [ '4.0.0' ],
147 silly audit   'has-property-descriptors': [ '1.0.2' ],
147 silly audit   'has-proto': [ '1.2.0' ],
147 silly audit   'has-symbols': [ '1.1.0' ],
147 silly audit   'has-tostringtag': [ '1.0.2' ],
147 silly audit   hasown: [ '2.0.2' ],
147 silly audit   'hermes-estree': [ '0.25.1' ],
147 silly audit   'hermes-parser': [ '0.25.1' ],
147 silly audit   'import-fresh': [ '3.3.1' ],
147 silly audit   imurmurhash: [ '0.1.4' ],
147 silly audit   'internal-slot': [ '1.1.0' ],
147 silly audit   'is-array-buffer': [ '3.0.5' ],
147 silly audit   'is-async-function': [ '2.1.1' ],
147 silly audit   'is-bigint': [ '1.1.0' ],
147 silly audit   'is-boolean-object': [ '1.2.2' ],
147 silly audit   'is-bun-module': [ '2.0.0' ],
147 silly audit   'is-callable': [ '1.2.7' ],
147 silly audit   'is-core-module': [ '2.16.1' ],
147 silly audit   'is-data-view': [ '1.0.2' ],
147 silly audit   'is-date-object': [ '1.1.0' ],
147 silly audit   'is-extglob': [ '2.1.1' ],
147 silly audit   'is-finalizationregistry': [ '1.1.1' ],
147 silly audit   'is-generator-function': [ '1.1.2' ],
147 silly audit   'is-glob': [ '4.0.3' ],
147 silly audit   'is-map': [ '2.0.3' ],
147 silly audit   'is-negative-zero': [ '2.0.3' ],
147 silly audit   'is-number': [ '7.0.0' ],
147 silly audit   'is-number-object': [ '1.1.1' ],
147 silly audit   'is-regex': [ '1.2.1' ],
147 silly audit   'is-set': [ '2.0.3' ],
147 silly audit   'is-shared-array-buffer': [ '1.0.4' ],
147 silly audit   'is-string': [ '1.1.1' ],
147 silly audit   'is-symbol': [ '1.1.1' ],
147 silly audit   'is-typed-array': [ '1.1.15' ],
147 silly audit   'is-weakmap': [ '2.0.2' ],
147 silly audit   'is-weakref': [ '1.1.1' ],
147 silly audit   'is-weakset': [ '2.0.4' ],
147 silly audit   isarray: [ '2.0.5' ],
147 silly audit   isexe: [ '2.0.0' ],
147 silly audit   'iterator.prototype': [ '1.1.5' ],
147 silly audit   jiti: [ '2.6.1' ],
147 silly audit   jose: [ '4.15.9' ],
147 silly audit   'js-tokens': [ '4.0.0' ],
147 silly audit   'js-yaml': [ '4.1.1' ],
147 silly audit   jsesc: [ '3.1.0' ],
147 silly audit   'json-buffer': [ '3.0.1' ],
147 silly audit   'json-schema-traverse': [ '0.4.1' ],
147 silly audit   'json-stable-stringify-without-jsonify': [ '1.0.1' ],
147 silly audit   json5: [ '2.2.3', '1.0.2' ],
147 silly audit   'jsx-ast-utils': [ '3.3.5' ],
147 silly audit   kareem: [ '3.0.0' ],
147 silly audit   keyv: [ '4.5.4' ],
147 silly audit   'language-subtag-registry': [ '0.3.23' ],
147 silly audit   'language-tags': [ '1.0.9' ],
147 silly audit   levn: [ '0.4.1' ],
147 silly audit   'locate-path': [ '6.0.0', '5.0.0' ],
147 silly audit   'lodash.merge': [ '4.6.2' ],
147 silly audit   'loose-envify': [ '1.4.0' ],
147 silly audit   'lru-cache': [ '5.1.1', '6.0.0' ],
147 silly audit   'math-intrinsics': [ '1.1.0' ],
147 silly audit   'memory-pager': [ '1.5.0' ],
147 silly audit   merge2: [ '1.4.1' ],
147 silly audit   micromatch: [ '4.0.8' ],
147 silly audit   minimist: [ '1.2.8' ],
147 silly audit   mongodb: [ '7.0.0' ],
147 silly audit   'mongodb-connection-string-url': [ '7.0.0' ],
147 silly audit   mongoose: [ '9.1.4' ],
147 silly audit   mpath: [ '0.9.0' ],
147 silly audit   mquery: [ '6.0.0' ],
147 silly audit   ms: [ '2.1.3' ],
147 silly audit   nanoid: [ '3.3.11' ],
147 silly audit   'napi-postinstall': [ '0.3.4' ],
147 silly audit   'natural-compare': [ '1.4.0' ],
147 silly audit   next: [ '16.1.3' ],
147 silly audit   'next-auth': [ '4.24.13' ],
147 silly audit   'node-releases': [ '2.0.27' ],
147 silly audit   oauth: [ '0.9.15' ],
147 silly audit   'object-assign': [ '4.1.1' ],
147 silly audit   'object-hash': [ '2.2.0' ],
147 silly audit   'object-inspect': [ '1.13.4' ],
147 silly audit   'object-keys': [ '1.1.1' ],
147 silly audit   'object.assign': [ '4.1.7' ],
147 silly audit   'object.entries': [ '1.1.9' ],
147 silly audit   'object.fromentries': [ '2.0.8' ],
147 silly audit   'object.groupby': [ '1.0.3' ],
147 silly audit   'object.values': [ '1.2.1' ],
147 silly audit   'oidc-token-hash': [ '5.2.0' ],
147 silly audit   'openid-client': [ '5.7.1' ],
147 silly audit   yallist: [ '4.0.0', '3.1.1' ],
147 silly audit   optionator: [ '0.9.4' ],
147 silly audit   'own-keys': [ '1.0.1' ],
147 silly audit   'p-limit': [ '3.1.0', '2.3.0' ],
147 silly audit   'p-locate': [ '5.0.0', '4.1.0' ],
147 silly audit   'parent-module': [ '1.0.1' ],
147 silly audit   'path-exists': [ '4.0.0' ],
147 silly audit   'path-key': [ '3.1.1' ],
147 silly audit   'path-parse': [ '1.0.7' ],
147 silly audit   picocolors: [ '1.1.1' ],
147 silly audit   picomatch: [ '2.3.1', '4.0.3' ],
147 silly audit   'possible-typed-array-names': [ '1.1.0' ],
147 silly audit   postcss: [ '8.4.31' ],
147 silly audit   preact: [ '10.28.2' ],
147 silly audit   'preact-render-to-string': [ '5.2.6' ],
147 silly audit   'prelude-ls': [ '1.2.1' ],
147 silly audit   'pretty-format': [ '3.8.0' ],
147 silly audit   'prop-types': [ '15.8.1' ],
147 silly audit   punycode: [ '2.3.1' ],
147 silly audit   'queue-microtask': [ '1.2.3' ],
147 silly audit   react: [ '19.2.3' ],
147 silly audit   'react-dom': [ '19.2.3' ],
147 silly audit   'react-is': [ '16.13.1' ],
147 silly audit   'reflect.getprototypeof': [ '1.0.10' ],
147 silly audit   'regexp.prototype.flags': [ '1.5.4' ],
147 silly audit   'resolve-from': [ '4.0.0' ],
147 silly audit   'resolve-pkg-maps': [ '1.0.0' ],
147 silly audit   reusify: [ '1.1.0' ],
147 silly audit   'run-parallel': [ '1.2.0' ],
147 silly audit   'safe-array-concat': [ '1.1.3' ],
147 silly audit   'safe-push-apply': [ '1.0.0' ],
147 silly audit   'safe-regex-test': [ '1.1.0' ],
147 silly audit   scheduler: [ '0.27.0' ],
147 silly audit   'set-function-length': [ '1.2.2' ],
147 silly audit   'set-function-name': [ '2.0.2' ],
147 silly audit   'set-proto': [ '1.0.0' ],
147 silly audit   sharp: [ '0.34.5' ],
147 silly audit   'shebang-command': [ '2.0.0' ],
147 silly audit   'shebang-regex': [ '3.0.0' ],
147 silly audit   'side-channel': [ '1.1.0' ],
147 silly audit   'side-channel-list': [ '1.0.0' ],
147 silly audit   'side-channel-map': [ '1.0.1' ],
147 silly audit   'side-channel-weakmap': [ '1.0.2' ],
147 silly audit   sift: [ '17.1.3' ],
147 silly audit   'source-map-js': [ '1.2.1' ],
147 silly audit   'sparse-bitfield': [ '3.0.3' ],
147 silly audit   'stable-hash': [ '0.0.5' ],
147 silly audit   'stop-iteration-iterator': [ '1.1.0' ],
147 silly audit   'string.prototype.includes': [ '2.0.1' ],
147 silly audit   'string.prototype.matchall': [ '4.0.12' ],
147 silly audit   'string.prototype.repeat': [ '1.0.0' ],
147 silly audit   'string.prototype.trim': [ '1.2.10' ],
147 silly audit   'string.prototype.trimend': [ '1.0.9' ],
147 silly audit   'string.prototype.trimstart': [ '1.0.8' ],
147 silly audit   'strip-bom': [ '3.0.0' ],
147 silly audit   'strip-json-comments': [ '3.1.1' ],
147 silly audit   'styled-jsx': [ '5.1.6' ],
147 silly audit   'supports-color': [ '7.2.0' ],
147 silly audit   'supports-preserve-symlinks-flag': [ '1.0.0' ],
147 silly audit   tinyglobby: [ '0.2.15' ],
147 silly audit   fdir: [ '6.5.0' ],
147 silly audit   'to-regex-range': [ '5.0.1' ],
147 silly audit   tr46: [ '5.1.1' ],
147 silly audit   'ts-api-utils': [ '2.4.0' ],
147 silly audit   'tsconfig-paths': [ '3.15.0' ],
147 silly audit   tslib: [ '2.8.1' ],
147 silly audit   'type-check': [ '0.4.0' ],
147 silly audit   'typed-array-buffer': [ '1.0.3' ],
147 silly audit   'typed-array-byte-length': [ '1.0.3' ],
147 silly audit   'typed-array-byte-offset': [ '1.0.4' ],
147 silly audit   'typed-array-length': [ '1.0.7' ],
147 silly audit   typescript: [ '5.9.3' ],
147 silly audit   'typescript-eslint': [ '8.53.0' ],
147 silly audit   'unbox-primitive': [ '1.1.0' ],
147 silly audit   'undici-types': [ '6.21.0' ],
147 silly audit   'unrs-resolver': [ '1.11.1' ],
147 silly audit   'update-browserslist-db': [ '1.2.3' ],
147 silly audit   'uri-js': [ '4.4.1' ],
147 silly audit   uuid: [ '8.3.2' ],
147 silly audit   'webidl-conversions': [ '7.0.0' ],
147 silly audit   'whatwg-url': [ '14.2.0' ],
147 silly audit   which: [ '2.0.2' ],
147 silly audit   'which-boxed-primitive': [ '1.1.1' ],
147 silly audit   'which-builtin-type': [ '1.2.1' ],
147 silly audit   'which-collection': [ '1.0.2' ],
147 silly audit   'which-typed-array': [ '1.1.20' ],
147 silly audit   'word-wrap': [ '1.2.5' ],
147 silly audit   'yocto-queue': [ '0.1.0' ],
147 silly audit   zod: [ '4.3.5' ],
147 silly audit   'zod-validation-error': [ '4.0.2' ],
147 silly audit   qrcode: [ '1.5.4' ],
147 silly audit   dijkstrajs: [ '1.0.3' ],
147 silly audit   pngjs: [ '5.0.0' ],
147 silly audit   yargs: [ '15.4.1' ],
147 silly audit   cliui: [ '6.0.0' ],
147 silly audit   decamelize: [ '1.2.0' ],
147 silly audit   'get-caller-file': [ '2.0.5' ],
147 silly audit   'require-directory': [ '2.1.1' ],
147 silly audit   'require-main-filename': [ '2.0.0' ],
147 silly audit   'set-blocking': [ '2.0.0' ],
147 silly audit   'string-width': [ '4.2.3' ],
147 silly audit   'which-module': [ '2.0.1' ],
147 silly audit   y18n: [ '4.0.3' ],
147 silly audit   'yargs-parser': [ '18.1.3' ],
147 silly audit   'strip-ansi': [ '6.0.1' ],
147 silly audit   'wrap-ansi': [ '6.2.0' ],
147 silly audit   'is-fullwidth-code-point': [ '3.0.0' ],
147 silly audit   'ansi-regex': [ '5.0.1' ],
147 silly audit   camelcase: [ '5.3.1' ],
147 silly audit   'p-try': [ '2.2.0' ]
147 silly audit }
148 verbose reify failed optional dependency /Users/talhaazeem/Documents/managementSystem/node_modules/@unrs/resolver-binding-win32-x64-msvc
149 silly reify mark deleted [
149 silly reify   '/Users/talhaazeem/Documents/managementSystem/node_modules/@unrs/resolver-binding-win32-x64-msvc'
149 silly reify ]
150 verbose reify failed optional dependency /Users/talhaazeem/Documents/managementSystem/node_modules/@unrs/resolver-binding-win32-ia32-msvc
151 silly reify mark deleted [
151 silly reify   '/Users/talhaazeem/Documents/managementSystem/node_modules/@unrs/resolver-binding-win32-ia32-msvc'
151 silly reify ]
152 verbose reify failed optional dependency /Users/talhaazeem/Documents/managementSystem/node_modules/@unrs/resolver-binding-win32-arm64-msvc
153 silly reify mark deleted [
153 silly reify   '/Users/talhaazeem/Documents/managementSystem/node_modules/@unrs/resolver-binding-win32-arm64-msvc'
153 silly reify ]
154 verbose reify failed optional dependency /Users/talhaazeem/Documents/managementSystem/node_modules/@unrs/resolver-binding-wasm32-wasi
155 silly reify mark deleted [
155 silly reify   '/Users/talhaazeem/Documents/managementSystem/node_modules/@unrs/resolver-binding-wasm32-wasi'
155 silly reify ]
156 verbose reify failed optional dependency /Users/talhaazeem/Documents/managementSystem/node_modules/@napi-rs/wasm-runtime
157 silly reify mark deleted [
157 silly reify   '/Users/talhaazeem/Documents/managementSystem/node_modules/@napi-rs/wasm-runtime'
157 silly reify ]
158 verbose reify failed optional dependency /Users/talhaazeem/Documents/managementSystem/node_modules/@emnapi/core
159 silly reify mark deleted [
159 silly reify   '/Users/talhaazeem/Documents/managementSystem/node_modules/@emnapi/core'
159 silly reify ]
160 verbose reify failed optional dependency /Users/talhaazeem/Documents/managementSystem/node_modules/@tybys/wasm-util
161 silly reify mark deleted [
161 silly reify   '/Users/talhaazeem/Documents/managementSystem/node_modules/@tybys/wasm-util'
161 silly reify ]
162 verbose reify failed optional dependency /Users/talhaazeem/Documents/managementSystem/node_modules/@emnapi/wasi-threads
163 silly reify mark deleted [
163 silly reify   '/Users/talhaazeem/Documents/managementSystem/node_modules/@emnapi/wasi-threads'
163 silly reify ]
164 verbose reify failed optional dependency /Users/talhaazeem/Documents/managementSystem/node_modules/@unrs/resolver-binding-linux-x64-musl
165 silly reify mark deleted [
165 silly reify   '/Users/talhaazeem/Documents/managementSystem/node_modules/@unrs/resolver-binding-linux-x64-musl'
165 silly reify ]
166 verbose reify failed optional dependency /Users/talhaazeem/Documents/managementSystem/node_modules/@unrs/resolver-binding-linux-x64-gnu
167 silly reify mark deleted [
167 silly reify   '/Users/talhaazeem/Documents/managementSystem/node_modules/@unrs/resolver-binding-linux-x64-gnu'
167 silly reify ]
168 verbose reify failed optional dependency /Users/talhaazeem/Documents/managementSystem/node_modules/@unrs/resolver-binding-linux-s390x-gnu
169 silly reify mark deleted [
169 silly reify   '/Users/talhaazeem/Documents/managementSystem/node_modules/@unrs/resolver-binding-linux-s390x-gnu'
169 silly reify ]
170 verbose reify failed optional dependency /Users/talhaazeem/Documents/managementSystem/node_modules/@unrs/resolver-binding-linux-riscv64-musl
171 silly reify mark deleted [
171 silly reify   '/Users/talhaazeem/Documents/managementSystem/node_modules/@unrs/resolver-binding-linux-riscv64-musl'
171 silly reify ]
172 verbose reify failed optional dependency /Users/talhaazeem/Documents/managementSystem/node_modules/@unrs/resolver-binding-linux-riscv64-gnu
173 silly reify mark deleted [
173 silly reify   '/Users/talhaazeem/Documents/managementSystem/node_modules/@unrs/resolver-binding-linux-riscv64-gnu'
173 silly reify ]
174 verbose reify failed optional dependency /Users/talhaazeem/Documents/managementSystem/node_modules/@unrs/resolver-binding-linux-ppc64-gnu
175 silly reify mark deleted [
175 silly reify   '/Users/talhaazeem/Documents/managementSystem/node_modules/@unrs/resolver-binding-linux-ppc64-gnu'
175 silly reify ]
176 verbose reify failed optional dependency /Users/talhaazeem/Documents/managementSystem/node_modules/@unrs/resolver-binding-linux-arm64-musl
177 silly reify mark deleted [
177 silly reify   '/Users/talhaazeem/Documents/managementSystem/node_modules/@unrs/resolver-binding-linux-arm64-musl'
177 silly reify ]
178 verbose reify failed optional dependency /Users/talhaazeem/Documents/managementSystem/node_modules/@unrs/resolver-binding-linux-arm64-gnu
179 silly reify mark deleted [
179 silly reify   '/Users/talhaazeem/Documents/managementSystem/node_modules/@unrs/resolver-binding-linux-arm64-gnu'
179 silly reify ]
180 verbose reify failed optional dependency /Users/talhaazeem/Documents/managementSystem/node_modules/@unrs/resolver-binding-linux-arm-musleabihf
181 silly reify mark deleted [
181 silly reify   '/Users/talhaazeem/Documents/managementSystem/node_modules/@unrs/resolver-binding-linux-arm-musleabihf'
181 silly reify ]
182 verbose reify failed optional dependency /Users/talhaazeem/Documents/managementSystem/node_modules/@unrs/resolver-binding-linux-arm-gnueabihf
183 silly reify mark deleted [
183 silly reify   '/Users/talhaazeem/Documents/managementSystem/node_modules/@unrs/resolver-binding-linux-arm-gnueabihf'
183 silly reify ]
184 verbose reify failed optional dependency /Users/talhaazeem/Documents/managementSystem/node_modules/@unrs/resolver-binding-freebsd-x64
185 silly reify mark deleted [
185 silly reify   '/Users/talhaazeem/Documents/managementSystem/node_modules/@unrs/resolver-binding-freebsd-x64'
185 silly reify ]
186 verbose reify failed optional dependency /Users/talhaazeem/Documents/managementSystem/node_modules/@unrs/resolver-binding-darwin-x64
187 silly reify mark deleted [
187 silly reify   '/Users/talhaazeem/Documents/managementSystem/node_modules/@unrs/resolver-binding-darwin-x64'
187 silly reify ]
188 verbose reify failed optional dependency /Users/talhaazeem/Documents/managementSystem/node_modules/@unrs/resolver-binding-android-arm64
189 silly reify mark deleted [
189 silly reify   '/Users/talhaazeem/Documents/managementSystem/node_modules/@unrs/resolver-binding-android-arm64'
189 silly reify ]
190 verbose reify failed optional dependency /Users/talhaazeem/Documents/managementSystem/node_modules/@unrs/resolver-binding-android-arm-eabi
191 silly reify mark deleted [
191 silly reify   '/Users/talhaazeem/Documents/managementSystem/node_modules/@unrs/resolver-binding-android-arm-eabi'
191 silly reify ]
192 verbose reify failed optional dependency /Users/talhaazeem/Documents/managementSystem/node_modules/@next/swc-win32-x64-msvc
193 silly reify mark deleted [
193 silly reify   '/Users/talhaazeem/Documents/managementSystem/node_modules/@next/swc-win32-x64-msvc'
193 silly reify ]
194 verbose reify failed optional dependency /Users/talhaazeem/Documents/managementSystem/node_modules/@next/swc-win32-arm64-msvc
195 silly reify mark deleted [
195 silly reify   '/Users/talhaazeem/Documents/managementSystem/node_modules/@next/swc-win32-arm64-msvc'
195 silly reify ]
196 verbose reify failed optional dependency /Users/talhaazeem/Documents/managementSystem/node_modules/@next/swc-linux-x64-musl
197 silly reify mark deleted [
197 silly reify   '/Users/talhaazeem/Documents/managementSystem/node_modules/@next/swc-linux-x64-musl'
197 silly reify ]
198 verbose reify failed optional dependency /Users/talhaazeem/Documents/managementSystem/node_modules/@next/swc-linux-x64-gnu
199 silly reify mark deleted [
199 silly reify   '/Users/talhaazeem/Documents/managementSystem/node_modules/@next/swc-linux-x64-gnu'
199 silly reify ]
200 verbose reify failed optional dependency /Users/talhaazeem/Documents/managementSystem/node_modules/@next/swc-linux-arm64-musl
201 silly reify mark deleted [
201 silly reify   '/Users/talhaazeem/Documents/managementSystem/node_modules/@next/swc-linux-arm64-musl'
201 silly reify ]
202 verbose reify failed optional dependency /Users/talhaazeem/Documents/managementSystem/node_modules/@next/swc-linux-arm64-gnu
203 silly reify mark deleted [
203 silly reify   '/Users/talhaazeem/Documents/managementSystem/node_modules/@next/swc-linux-arm64-gnu'
203 silly reify ]
204 verbose reify failed optional dependency /Users/talhaazeem/Documents/managementSystem/node_modules/@next/swc-darwin-x64
205 silly reify mark deleted [
205 silly reify   '/Users/talhaazeem/Documents/managementSystem/node_modules/@next/swc-darwin-x64'
205 silly reify ]
206 verbose reify failed optional dependency /Users/talhaazeem/Documents/managementSystem/node_modules/@img/sharp-win32-x64
207 silly reify mark deleted [
207 silly reify   '/Users/talhaazeem/Documents/managementSystem/node_modules/@img/sharp-win32-x64'
207 silly reify ]
208 verbose reify failed optional dependency /Users/talhaazeem/Documents/managementSystem/node_modules/@img/sharp-win32-ia32
209 silly reify mark deleted [
209 silly reify   '/Users/talhaazeem/Documents/managementSystem/node_modules/@img/sharp-win32-ia32'
209 silly reify ]
210 verbose reify failed optional dependency /Users/talhaazeem/Documents/managementSystem/node_modules/@img/sharp-win32-arm64
211 silly reify mark deleted [
211 silly reify   '/Users/talhaazeem/Documents/managementSystem/node_modules/@img/sharp-win32-arm64'
211 silly reify ]
212 verbose reify failed optional dependency /Users/talhaazeem/Documents/managementSystem/node_modules/@img/sharp-wasm32
213 silly reify mark deleted [
213 silly reify   '/Users/talhaazeem/Documents/managementSystem/node_modules/@img/sharp-wasm32'
213 silly reify ]
214 verbose reify failed optional dependency /Users/talhaazeem/Documents/managementSystem/node_modules/@img/sharp-linuxmusl-x64
215 silly reify mark deleted [
215 silly reify   '/Users/talhaazeem/Documents/managementSystem/node_modules/@img/sharp-linuxmusl-x64'
215 silly reify ]
216 verbose reify failed optional dependency /Users/talhaazeem/Documents/managementSystem/node_modules/@img/sharp-linuxmusl-arm64
217 silly reify mark deleted [
217 silly reify   '/Users/talhaazeem/Documents/managementSystem/node_modules/@img/sharp-linuxmusl-arm64'
217 silly reify ]
218 verbose reify failed optional dependency /Users/talhaazeem/Documents/managementSystem/node_modules/@img/sharp-linux-x64
219 silly reify mark deleted [
219 silly reify   '/Users/talhaazeem/Documents/managementSystem/node_modules/@img/sharp-linux-x64'
219 silly reify ]
220 verbose reify failed optional dependency /Users/talhaazeem/Documents/managementSystem/node_modules/@img/sharp-linux-s390x
221 silly reify mark deleted [
221 silly reify   '/Users/talhaazeem/Documents/managementSystem/node_modules/@img/sharp-linux-s390x'
221 silly reify ]
222 verbose reify failed optional dependency /Users/talhaazeem/Documents/managementSystem/node_modules/@img/sharp-linux-riscv64
223 silly reify mark deleted [
223 silly reify   '/Users/talhaazeem/Documents/managementSystem/node_modules/@img/sharp-linux-riscv64'
223 silly reify ]
224 verbose reify failed optional dependency /Users/talhaazeem/Documents/managementSystem/node_modules/@img/sharp-linux-ppc64
225 silly reify mark deleted [
225 silly reify   '/Users/talhaazeem/Documents/managementSystem/node_modules/@img/sharp-linux-ppc64'
225 silly reify ]
226 verbose reify failed optional dependency /Users/talhaazeem/Documents/managementSystem/node_modules/@img/sharp-linux-arm64
227 silly reify mark deleted [
227 silly reify   '/Users/talhaazeem/Documents/managementSystem/node_modules/@img/sharp-linux-arm64'
227 silly reify ]
228 verbose reify failed optional dependency /Users/talhaazeem/Documents/managementSystem/node_modules/@img/sharp-linux-arm
229 silly reify mark deleted [
229 silly reify   '/Users/talhaazeem/Documents/managementSystem/node_modules/@img/sharp-linux-arm'
229 silly reify ]
230 verbose reify failed optional dependency /Users/talhaazeem/Documents/managementSystem/node_modules/@img/sharp-libvips-linuxmusl-x64
231 silly reify mark deleted [
231 silly reify   '/Users/talhaazeem/Documents/managementSystem/node_modules/@img/sharp-libvips-linuxmusl-x64'
231 silly reify ]
232 verbose reify failed optional dependency /Users/talhaazeem/Documents/managementSystem/node_modules/@img/sharp-libvips-linuxmusl-arm64
233 silly reify mark deleted [
233 silly reify   '/Users/talhaazeem/Documents/managementSystem/node_modules/@img/sharp-libvips-linuxmusl-arm64'
233 silly reify ]
234 verbose reify failed optional dependency /Users/talhaazeem/Documents/managementSystem/node_modules/@img/sharp-libvips-linux-x64
235 silly reify mark deleted [
235 silly reify   '/Users/talhaazeem/Documents/managementSystem/node_modules/@img/sharp-libvips-linux-x64'
235 silly reify ]
236 verbose reify failed optional dependency /Users/talhaazeem/Documents/managementSystem/node_modules/@img/sharp-libvips-linux-s390x
237 silly reify mark deleted [
237 silly reify   '/Users/talhaazeem/Documents/managementSystem/node_modules/@img/sharp-libvips-linux-s390x'
237 silly reify ]
238 verbose reify failed optional dependency /Users/talhaazeem/Documents/managementSystem/node_modules/@img/sharp-libvips-linux-riscv64
239 silly reify mark deleted [
239 silly reify   '/Users/talhaazeem/Documents/managementSystem/node_modules/@img/sharp-libvips-linux-riscv64'
239 silly reify ]
240 verbose reify failed optional dependency /Users/talhaazeem/Documents/managementSystem/node_modules/@img/sharp-libvips-linux-ppc64
241 silly reify mark deleted [
241 silly reify   '/Users/talhaazeem/Documents/managementSystem/node_modules/@img/sharp-libvips-linux-ppc64'
241 silly reify ]
242 verbose reify failed optional dependency /Users/talhaazeem/Documents/managementSystem/node_modules/@img/sharp-libvips-linux-arm64
243 silly reify mark deleted [
243 silly reify   '/Users/talhaazeem/Documents/managementSystem/node_modules/@img/sharp-libvips-linux-arm64'
243 silly reify ]
244 verbose reify failed optional dependency /Users/talhaazeem/Documents/managementSystem/node_modules/@img/sharp-libvips-linux-arm
245 silly reify mark deleted [
245 silly reify   '/Users/talhaazeem/Documents/managementSystem/node_modules/@img/sharp-libvips-linux-arm'
245 silly reify ]
246 verbose reify failed optional dependency /Users/talhaazeem/Documents/managementSystem/node_modules/@img/sharp-libvips-darwin-x64
247 silly reify mark deleted [
247 silly reify   '/Users/talhaazeem/Documents/managementSystem/node_modules/@img/sharp-libvips-darwin-x64'
247 silly reify ]
248 verbose reify failed optional dependency /Users/talhaazeem/Documents/managementSystem/node_modules/@img/sharp-darwin-x64
249 silly reify mark deleted [
249 silly reify   '/Users/talhaazeem/Documents/managementSystem/node_modules/@img/sharp-darwin-x64'
249 silly reify ]
250 http cache is-fullwidth-code-point@https://registry.npmjs.org/is-fullwidth-code-point/-/is-fullwidth-code-point-3.0.0.tgz 0ms (cache hit)
251 http cache wrap-ansi@https://registry.npmjs.org/wrap-ansi/-/wrap-ansi-6.2.0.tgz 0ms (cache hit)
252 http cache camelcase@https://registry.npmjs.org/camelcase/-/camelcase-5.3.1.tgz 0ms (cache hit)
253 http cache strip-ansi@https://registry.npmjs.org/strip-ansi/-/strip-ansi-6.0.1.tgz 0ms (cache hit)
254 http cache p-try@https://registry.npmjs.org/p-try/-/p-try-2.2.0.tgz 0ms (cache hit)
255 http cache y18n@https://registry.npmjs.org/y18n/-/y18n-4.0.3.tgz 0ms (cache hit)
256 http cache which-module@https://registry.npmjs.org/which-module/-/which-module-2.0.1.tgz 0ms (cache hit)
257 http cache string-width@https://registry.npmjs.org/string-width/-/string-width-4.2.3.tgz 0ms (cache hit)
258 http cache ansi-regex@https://registry.npmjs.org/ansi-regex/-/ansi-regex-5.0.1.tgz 0ms (cache hit)
259 http cache set-blocking@https://registry.npmjs.org/set-blocking/-/set-blocking-2.0.0.tgz 0ms (cache hit)
260 http cache yargs-parser@https://registry.npmjs.org/yargs-parser/-/yargs-parser-18.1.3.tgz 0ms (cache hit)
261 http cache require-directory@https://registry.npmjs.org/require-directory/-/require-directory-2.1.1.tgz 0ms (cache hit)
262 http cache require-main-filename@https://registry.npmjs.org/require-main-filename/-/require-main-filename-2.0.0.tgz 0ms (cache hit)
263 http cache decamelize@https://registry.npmjs.org/decamelize/-/decamelize-1.2.0.tgz 0ms (cache hit)
264 http cache get-caller-file@https://registry.npmjs.org/get-caller-file/-/get-caller-file-2.0.5.tgz 0ms (cache hit)
265 http cache cliui@https://registry.npmjs.org/cliui/-/cliui-6.0.0.tgz 0ms (cache hit)
266 http cache yargs@https://registry.npmjs.org/yargs/-/yargs-15.4.1.tgz 0ms (cache hit)
267 http cache qrcode@https://registry.npmjs.org/qrcode/-/qrcode-1.5.4.tgz 0ms (cache hit)
268 http cache dijkstrajs@https://registry.npmjs.org/dijkstrajs/-/dijkstrajs-1.0.3.tgz 0ms (cache hit)
269 http cache @tybys/wasm-util@https://registry.npmjs.org/@tybys/wasm-util/-/wasm-util-0.10.1.tgz 0ms (cache hit)
270 http cache @napi-rs/wasm-runtime@https://registry.npmjs.org/@napi-rs/wasm-runtime/-/wasm-runtime-0.2.12.tgz 0ms (cache hit)
271 http cache pngjs@https://registry.npmjs.org/pngjs/-/pngjs-5.0.0.tgz 0ms (cache hit)
272 http cache @emnapi/core@https://registry.npmjs.org/@emnapi/core/-/core-1.8.1.tgz 0ms (cache hit)
273 http cache @emnapi/wasi-threads@https://registry.npmjs.org/@emnapi/wasi-threads/-/wasi-threads-1.1.0.tgz 0ms (cache hit)
274 http cache locate-path@https://registry.npmjs.org/locate-path/-/locate-path-5.0.0.tgz 0ms (cache hit)
275 http cache p-limit@https://registry.npmjs.org/p-limit/-/p-limit-2.3.0.tgz 0ms (cache hit)
276 http cache emoji-regex@https://registry.npmjs.org/emoji-regex/-/emoji-regex-8.0.0.tgz 0ms (cache hit)
277 http cache p-locate@https://registry.npmjs.org/p-locate/-/p-locate-4.1.0.tgz 0ms (cache hit)
278 http cache find-up@https://registry.npmjs.org/find-up/-/find-up-4.1.0.tgz 0ms (cache hit)
279 http fetch POST 200 https://registry.npmjs.org/-/npm/v1/security/advisories/bulk 690ms
280 silly audit report {
280 silly audit report   'brace-expansion': [
280 silly audit report     {
280 silly audit report       id: 1115540,
280 silly audit report       url: 'https://github.com/advisories/GHSA-f886-m6hf-6m8v',
280 silly audit report       title: 'brace-expansion: Zero-step sequence causes process hang and memory exhaustion',
280 silly audit report       severity: 'moderate',
280 silly audit report       vulnerable_versions: '<1.1.13',
280 silly audit report       cwe: [Array],
280 silly audit report       cvss: [Object]
280 silly audit report     },
280 silly audit report     {
280 silly audit report       id: 1115541,
280 silly audit report       url: 'https://github.com/advisories/GHSA-f886-m6hf-6m8v',
280 silly audit report       title: 'brace-expansion: Zero-step sequence causes process hang and memory exhaustion',
280 silly audit report       severity: 'moderate',
280 silly audit report       vulnerable_versions: '>=2.0.0 <2.0.3',
280 silly audit report       cwe: [Array],
280 silly audit report       cvss: [Object]
280 silly audit report     }
280 silly audit report   ],
280 silly audit report   minimatch: [
280 silly audit report     {
280 silly audit report       id: 1113459,
280 silly audit report       url: 'https://github.com/advisories/GHSA-3ppc-4f35-3m26',
280 silly audit report       title: 'minimatch has a ReDoS via repeated wildcards with non-matching literal in pattern',
280 silly audit report       severity: 'high',
280 silly audit report       vulnerable_versions: '<3.1.3',
280 silly audit report       cwe: [Array],
280 silly audit report       cvss: [Object]
280 silly audit report     },
280 silly audit report     {
280 silly audit report       id: 1113465,
280 silly audit report       url: 'https://github.com/advisories/GHSA-3ppc-4f35-3m26',
280 silly audit report       title: 'minimatch has a ReDoS via repeated wildcards with non-matching literal in pattern',
280 silly audit report       severity: 'high',
280 silly audit report       vulnerable_versions: '>=9.0.0 <9.0.6',
280 silly audit report       cwe: [Array],
280 silly audit report       cvss: [Object]
280 silly audit report     },
280 silly audit report     {
280 silly audit report       id: 1113538,
280 silly audit report       url: 'https://github.com/advisories/GHSA-7r86-cg39-jmmj',
280 silly audit report       title: 'minimatch has ReDoS: matchOne() combinatorial backtracking via multiple non-adjacent GLOBSTAR segments',
280 silly audit report       severity: 'high',
280 silly audit report       vulnerable_versions: '<3.1.3',
280 silly audit report       cwe: [Array],
280 silly audit report       cvss: [Object]
280 silly audit report     },
280 silly audit report     {
280 silly audit report       id: 1113544,
280 silly audit report       url: 'https://github.com/advisories/GHSA-7r86-cg39-jmmj',
280 silly audit report       title: 'minimatch has ReDoS: matchOne() combinatorial backtracking via multiple non-adjacent GLOBSTAR segments',
280 silly audit report       severity: 'high',
280 silly audit report       vulnerable_versions: '>=9.0.0 <9.0.7',
280 silly audit report       cwe: [Array],
280 silly audit report       cvss: [Object]
280 silly audit report     },
280 silly audit report     {
280 silly audit report       id: 1113546,
280 silly audit report       url: 'https://github.com/advisories/GHSA-23c5-xmqv-rm74',
280 silly audit report       title: 'minimatch ReDoS: nested *() extglobs generate catastrophically backtracking regular expressions',
280 silly audit report       severity: 'high',
280 silly audit report       vulnerable_versions: '<3.1.4',
280 silly audit report       cwe: [Array],
280 silly audit report       cvss: [Object]
280 silly audit report     },
280 silly audit report     {
280 silly audit report       id: 1113552,
280 silly audit report       url: 'https://github.com/advisories/GHSA-23c5-xmqv-rm74',
280 silly audit report       title: 'minimatch ReDoS: nested *() extglobs generate catastrophically backtracking regular expressions',
280 silly audit report       severity: 'high',
280 silly audit report       vulnerable_versions: '>=9.0.0 <9.0.7',
280 silly audit report       cwe: [Array],
280 silly audit report       cvss: [Object]
280 silly audit report     }
280 silly audit report   ],
280 silly audit report   ajv: [
280 silly audit report     {
280 silly audit report       id: 1113714,
280 silly audit report       url: 'https://github.com/advisories/GHSA-2g4f-4pwh-qvx6',
280 silly audit report       title: 'ajv has ReDoS when using `$data` option',
280 silly audit report       severity: 'moderate',
280 silly audit report       vulnerable_versions: '<6.14.0',
280 silly audit report       cwe: [Array],
280 silly audit report       cvss: [Object]
280 silly audit report     }
280 silly audit report   ],
280 silly audit report   flatted: [
280 silly audit report     {
280 silly audit report       id: 1114526,
280 silly audit report       url: 'https://github.com/advisories/GHSA-25h7-pfq9-p65f',
280 silly audit report       title: 'flatted vulnerable to unbounded recursion DoS in parse() revive phase',
280 silly audit report       severity: 'high',
280 silly audit report       vulnerable_versions: '<3.4.0',
280 silly audit report       cwe: [Array],
280 silly audit report       cvss: [Object]
280 silly audit report     },
280 silly audit report     {
280 silly audit report       id: 1115357,
280 silly audit report       url: 'https://github.com/advisories/GHSA-rf6f-7fwh-wjgh',
280 silly audit report       title: 'Prototype Pollution via parse() in NodeJS flatted',
280 silly audit report       severity: 'high',
280 silly audit report       vulnerable_versions: '<=3.4.1',
280 silly audit report       cwe: [Array],
280 silly audit report       cvss: [Object]
280 silly audit report     }
280 silly audit report   ],
280 silly audit report   next: [
280 silly audit report     {
280 silly audit report       id: 1112592,
280 silly audit report       url: 'https://github.com/advisories/GHSA-9g9p-9gw9-jx7f',
280 silly audit report       title: 'Next.js self-hosted applications vulnerable to DoS via Image Optimizer remotePatterns configuration',
280 silly audit report       severity: 'moderate',
280 silly audit report       vulnerable_versions: '>=15.6.0-canary.0 <16.1.5',
280 silly audit report       cwe: [Array],
280 silly audit report       cvss: [Object]
280 silly audit report     },
280 silly audit report     {
280 silly audit report       id: 1112645,
280 silly audit report       url: 'https://github.com/advisories/GHSA-h25m-26qc-wcjf',
280 silly audit report       title: 'Next.js HTTP request deserialization can lead to DoS when using insecure React Server Components',
280 silly audit report       severity: 'high',
280 silly audit report       vulnerable_versions: '>=16.1.0-canary.0 <16.1.5',
280 silly audit report       cwe: [Array],
280 silly audit report       cvss: [Object]
280 silly audit report     },
280 silly audit report     {
280 silly audit report       id: 1112990,
280 silly audit report       url: 'https://github.com/advisories/GHSA-5f7q-jpqc-wp7h',
280 silly audit report       title: 'Next.js has Unbounded Memory Consumption via PPR Resume Endpoint ',
280 silly audit report       severity: 'moderate',
280 silly audit report       vulnerable_versions: '>=16.0.0-beta.0 <16.1.5',
280 silly audit report       cwe: [Array],
280 silly audit report       cvss: [Object]
280 silly audit report     },
280 silly audit report     {
280 silly audit report       id: 1114898,
280 silly audit report       url: 'https://github.com/advisories/GHSA-ggv3-7p47-pfv8',
280 silly audit report       title: 'Next.js: HTTP request smuggling in rewrites',
280 silly audit report       severity: 'moderate',
280 silly audit report       vulnerable_versions: '>=16.0.0-beta.0 <16.1.7',
280 silly audit report       cwe: [Array],
280 silly audit report       cvss: [Object]
280 silly audit report     },
280 silly audit report     {
280 silly audit report       id: 1114941,
280 silly audit report       url: 'https://github.com/advisories/GHSA-3x4c-7xq6-9pq8',
280 silly audit report       title: 'Next.js: Unbounded next/image disk cache growth can exhaust storage',
280 silly audit report       severity: 'moderate',
280 silly audit report       vulnerable_versions: '>=16.0.0-beta.0 <16.1.7',
280 silly audit report       cwe: [Array],
280 silly audit report       cvss: [Object]
280 silly audit report     },
280 silly audit report     {
280 silly audit report       id: 1114942,
280 silly audit report       url: 'https://github.com/advisories/GHSA-h27x-g6w4-24gq',
280 silly audit report       title: 'Next.js: Unbounded postponed resume buffering can lead to DoS',
280 silly audit report       severity: 'moderate',
280 silly audit report       vulnerable_versions: '>=16.0.1 <16.1.7',
280 silly audit report       cwe: [Array],
280 silly audit report       cvss: [Object]
280 silly audit report     },
280 silly audit report     {
280 silly audit report       id: 1114943,
280 silly audit report       url: 'https://github.com/advisories/GHSA-mq59-m269-xvcx',
280 silly audit report       title: 'Next.js: null origin can bypass Server Actions CSRF checks',
280 silly audit report       severity: 'moderate',
280 silly audit report       vulnerable_versions: '>=16.0.1 <16.1.7',
280 silly audit report       cwe: [Array],
280 silly audit report       cvss: [Object]
280 silly audit report     },
280 silly audit report     {
280 silly audit report       id: 1115360,
280 silly audit report       url: 'https://github.com/advisories/GHSA-jcc7-9wpm-mj36',
280 silly audit report       title: 'Next.js: null origin can bypass dev HMR websocket CSRF checks',
280 silly audit report       severity: 'low',
280 silly audit report       vulnerable_versions: '>=16.0.1 <16.1.7',
280 silly audit report       cwe: [Array],
280 silly audit report       cvss: [Object]
280 silly audit report     }
280 silly audit report   ],
280 silly audit report   picomatch: [
280 silly audit report     {
280 silly audit report       id: 1115549,
280 silly audit report       url: 'https://github.com/advisories/GHSA-3v7f-55p6-f55p',
280 silly audit report       title: 'Picomatch: Method Injection in POSIX Character Classes causes incorrect Glob Matching',
280 silly audit report       severity: 'moderate',
280 silly audit report       vulnerable_versions: '<2.3.2',
280 silly audit report       cwe: [Array],
280 silly audit report       cvss: [Object]
280 silly audit report     },
280 silly audit report     {
280 silly audit report       id: 1115551,
280 silly audit report       url: 'https://github.com/advisories/GHSA-3v7f-55p6-f55p',
280 silly audit report       title: 'Picomatch: Method Injection in POSIX Character Classes causes incorrect Glob Matching',
280 silly audit report       severity: 'moderate',
280 silly audit report       vulnerable_versions: '>=4.0.0 <4.0.4',
280 silly audit report       cwe: [Array],
280 silly audit report       cvss: [Object]
280 silly audit report     },
280 silly audit report     {
280 silly audit report       id: 1115552,
280 silly audit report       url: 'https://github.com/advisories/GHSA-c2c7-rcm5-vvqj',
280 silly audit report       title: 'Picomatch has a ReDoS vulnerability via extglob quantifiers',
280 silly audit report       severity: 'high',
280 silly audit report       vulnerable_versions: '<2.3.2',
280 silly audit report       cwe: [Array],
280 silly audit report       cvss: [Object]
280 silly audit report     },
280 silly audit report     {
280 silly audit report       id: 1115554,
280 silly audit report       url: 'https://github.com/advisories/GHSA-c2c7-rcm5-vvqj',
280 silly audit report       title: 'Picomatch has a ReDoS vulnerability via extglob quantifiers',
280 silly audit report       severity: 'high',
280 silly audit report       vulnerable_versions: '>=4.0.0 <4.0.4',
280 silly audit report       cwe: [Array],
280 silly audit report       cvss: [Object]
280 silly audit report     }
280 silly audit report   ]
280 silly audit report }
281 silly packumentCache corgi:https://registry.npmjs.org/brace-expansion cache-miss
282 silly packumentCache corgi:https://registry.npmjs.org/minimatch cache-miss
283 silly packumentCache corgi:https://registry.npmjs.org/ajv cache-miss
284 silly packumentCache corgi:https://registry.npmjs.org/flatted cache-miss
285 silly packumentCache corgi:https://registry.npmjs.org/next cache-miss
286 silly packumentCache corgi:https://registry.npmjs.org/picomatch cache-miss
287 http cache https://registry.npmjs.org/flatted 9ms (cache hit)
288 silly packumentCache corgi:https://registry.npmjs.org/flatted set size:57858 disposed:false
289 http fetch GET 200 https://registry.npmjs.org/brace-expansion 143ms (cache miss)
290 silly packumentCache corgi:https://registry.npmjs.org/brace-expansion set size:undefined disposed:false
291 http fetch GET 200 https://registry.npmjs.org/picomatch 478ms (cache miss)
292 silly packumentCache corgi:https://registry.npmjs.org/picomatch set size:undefined disposed:false
293 http fetch GET 200 https://registry.npmjs.org/minimatch 507ms (cache miss)
294 silly packumentCache corgi:https://registry.npmjs.org/minimatch set size:undefined disposed:false
295 http fetch GET 200 https://registry.npmjs.org/ajv 603ms (cache updated)
296 silly packumentCache corgi:https://registry.npmjs.org/ajv set size:undefined disposed:false
297 http fetch GET 200 https://registry.npmjs.org/next 1504ms (cache updated)
298 silly packumentCache corgi:https://registry.npmjs.org/next set size:undefined disposed:false
299 silly packumentCache corgi:https://registry.npmjs.org/@eslint%2fconfig-array cache-miss
300 silly packumentCache corgi:https://registry.npmjs.org/@eslint%2feslintrc cache-miss
301 silly packumentCache corgi:https://registry.npmjs.org/eslint cache-miss
302 silly packumentCache corgi:https://registry.npmjs.org/eslint-plugin-import cache-miss
303 silly packumentCache corgi:https://registry.npmjs.org/eslint-plugin-jsx-a11y cache-miss
304 silly packumentCache corgi:https://registry.npmjs.org/eslint-plugin-react cache-miss
305 http fetch GET 200 https://registry.npmjs.org/eslint-plugin-jsx-a11y 128ms (cache revalidated)
306 silly packumentCache corgi:https://registry.npmjs.org/eslint-plugin-jsx-a11y set size:108835 disposed:false
307 http fetch GET 200 https://registry.npmjs.org/eslint-plugin-react 133ms (cache revalidated)
308 silly packumentCache corgi:https://registry.npmjs.org/eslint-plugin-react set size:309843 disposed:false
309 http fetch GET 200 https://registry.npmjs.org/@eslint%2feslintrc 153ms (cache updated)
310 silly packumentCache corgi:https://registry.npmjs.org/@eslint%2feslintrc set size:undefined disposed:false
311 http fetch GET 200 https://registry.npmjs.org/@eslint%2fconfig-array 160ms (cache miss)
312 silly packumentCache corgi:https://registry.npmjs.org/@eslint%2fconfig-array set size:undefined disposed:false
313 http fetch GET 200 https://registry.npmjs.org/eslint 245ms (cache updated)
314 silly packumentCache corgi:https://registry.npmjs.org/eslint set size:undefined disposed:false
315 http fetch GET 200 https://registry.npmjs.org/eslint-plugin-import 470ms (cache revalidated)
316 silly packumentCache corgi:https://registry.npmjs.org/eslint-plugin-import set size:238396 disposed:false
317 silly packumentCache corgi:https://registry.npmjs.org/@typescript-eslint%2ftypescript-estree cache-miss
318 http fetch GET 200 https://registry.npmjs.org/@typescript-eslint%2ftypescript-estree 658ms (cache miss)
319 silly packumentCache corgi:https://registry.npmjs.org/@typescript-eslint%2ftypescript-estree set size:undefined disposed:false
320 silly packumentCache corgi:https://registry.npmjs.org/flat-cache cache-miss
321 http fetch GET 200 https://registry.npmjs.org/flat-cache 156ms (cache miss)
322 silly packumentCache corgi:https://registry.npmjs.org/flat-cache set size:undefined disposed:false
323 silly packumentCache corgi:https://registry.npmjs.org/next-auth cache-miss
324 http fetch GET 200 https://registry.npmjs.org/next-auth 486ms (cache updated)
325 silly packumentCache corgi:https://registry.npmjs.org/next-auth set size:undefined disposed:false
326 silly packumentCache corgi:https://registry.npmjs.org/micromatch cache-miss
327 http fetch GET 200 https://registry.npmjs.org/micromatch 156ms (cache miss)
328 silly packumentCache corgi:https://registry.npmjs.org/micromatch set size:undefined disposed:false
329 silly packumentCache corgi:https://registry.npmjs.org/tinyglobby cache-miss
330 silly packumentCache corgi:https://registry.npmjs.org/fdir cache-miss
331 http fetch GET 200 https://registry.npmjs.org/tinyglobby 125ms (cache miss)
332 silly packumentCache corgi:https://registry.npmjs.org/tinyglobby set size:undefined disposed:false
333 http fetch GET 200 https://registry.npmjs.org/fdir 181ms (cache miss)
334 silly packumentCache corgi:https://registry.npmjs.org/fdir set size:undefined disposed:false
335 silly ADD node_modules/p-try
336 silly ADD node_modules/camelcase
337 silly ADD node_modules/ansi-regex
338 silly ADD node_modules/is-fullwidth-code-point
339 silly ADD node_modules/wrap-ansi
340 silly ADD node_modules/strip-ansi
341 silly ADD node_modules/yargs-parser
342 silly ADD node_modules/y18n
343 silly ADD node_modules/which-module
344 silly ADD node_modules/string-width
345 silly ADD node_modules/string-width/node_modules/emoji-regex
346 silly ADD node_modules/set-blocking
347 silly ADD node_modules/require-main-filename
348 silly ADD node_modules/require-directory
349 silly ADD node_modules/get-caller-file
350 silly ADD node_modules/decamelize
351 silly ADD node_modules/cliui
352 silly ADD node_modules/yargs
353 silly ADD node_modules/yargs/node_modules/p-limit
354 silly ADD node_modules/yargs/node_modules/p-locate
355 silly ADD node_modules/yargs/node_modules/locate-path
356 silly ADD node_modules/yargs/node_modules/find-up
357 silly ADD node_modules/pngjs
358 silly ADD node_modules/dijkstrajs
359 silly ADD node_modules/qrcode
360 silly ADD node_modules/@unrs/resolver-binding-win32-x64-msvc
361 silly ADD node_modules/@unrs/resolver-binding-win32-ia32-msvc
362 silly ADD node_modules/@unrs/resolver-binding-win32-arm64-msvc
363 silly ADD node_modules/@unrs/resolver-binding-wasm32-wasi
364 silly ADD node_modules/@unrs/resolver-binding-linux-x64-musl
365 silly ADD node_modules/@unrs/resolver-binding-linux-x64-gnu
366 silly ADD node_modules/@unrs/resolver-binding-linux-s390x-gnu
367 silly ADD node_modules/@unrs/resolver-binding-linux-riscv64-musl
368 silly ADD node_modules/@unrs/resolver-binding-linux-riscv64-gnu
369 silly ADD node_modules/@unrs/resolver-binding-linux-ppc64-gnu
370 silly ADD node_modules/@unrs/resolver-binding-linux-arm64-musl
371 silly ADD node_modules/@unrs/resolver-binding-linux-arm64-gnu
372 silly ADD node_modules/@unrs/resolver-binding-linux-arm-musleabihf
373 silly ADD node_modules/@unrs/resolver-binding-linux-arm-gnueabihf
374 silly ADD node_modules/@unrs/resolver-binding-freebsd-x64
375 silly ADD node_modules/@unrs/resolver-binding-darwin-x64
376 silly ADD node_modules/@unrs/resolver-binding-android-arm64
377 silly ADD node_modules/@unrs/resolver-binding-android-arm-eabi
378 silly ADD node_modules/@tybys/wasm-util
379 silly ADD node_modules/@next/swc-win32-x64-msvc
380 silly ADD node_modules/@next/swc-win32-arm64-msvc
381 silly ADD node_modules/@next/swc-linux-x64-musl
382 silly ADD node_modules/@next/swc-linux-x64-gnu
383 silly ADD node_modules/@next/swc-linux-arm64-musl
384 silly ADD node_modules/@next/swc-linux-arm64-gnu
385 silly ADD node_modules/@next/swc-darwin-x64
386 silly ADD node_modules/@napi-rs/wasm-runtime
387 silly ADD node_modules/@img/sharp-win32-x64
388 silly ADD node_modules/@img/sharp-win32-ia32
389 silly ADD node_modules/@img/sharp-win32-arm64
390 silly ADD node_modules/@img/sharp-wasm32
391 silly ADD node_modules/@img/sharp-linuxmusl-x64
392 silly ADD node_modules/@img/sharp-linuxmusl-arm64
393 silly ADD node_modules/@img/sharp-linux-x64
394 silly ADD node_modules/@img/sharp-linux-s390x
395 silly ADD node_modules/@img/sharp-linux-riscv64
396 silly ADD node_modules/@img/sharp-linux-ppc64
397 silly ADD node_modules/@img/sharp-linux-arm64
398 silly ADD node_modules/@img/sharp-linux-arm
399 silly ADD node_modules/@img/sharp-libvips-linuxmusl-x64
400 silly ADD node_modules/@img/sharp-libvips-linuxmusl-arm64
401 silly ADD node_modules/@img/sharp-libvips-linux-x64
402 silly ADD node_modules/@img/sharp-libvips-linux-s390x
403 silly ADD node_modules/@img/sharp-libvips-linux-riscv64
404 silly ADD node_modules/@img/sharp-libvips-linux-ppc64
405 silly ADD node_modules/@img/sharp-libvips-linux-arm64
406 silly ADD node_modules/@img/sharp-libvips-linux-arm
407 silly ADD node_modules/@img/sharp-libvips-darwin-x64
408 silly ADD node_modules/@img/sharp-darwin-x64
409 silly ADD node_modules/@emnapi/wasi-threads
410 silly ADD node_modules/@emnapi/core
411 verbose cwd /Users/talhaazeem/Documents/managementSystem
412 verbose os Darwin 24.5.0
413 verbose node v22.15.1
414 verbose npm  v11.4.2
415 verbose exit 0
416 info ok
