0 verbose cli /usr/local/bin/node /usr/local/bin/npm
1 info using npm@11.4.2
2 info using node@v22.15.1
3 silly config load:file:/usr/local/lib/node_modules/npm/npmrc
4 silly config load:file:/Users/talhaazeem/Documents/managementSystem/.npmrc
5 silly config load:file:/Users/talhaazeem/.npmrc
6 silly config load:file:/usr/local/etc/npmrc
7 verbose title npm install xlsx
8 verbose argv "install" "xlsx" "--save"
9 verbose logfile logs-max:10 dir:/Users/talhaazeem/Documents/managementSystem/.npm_cache/_logs/2026-04-16T10_10_05_839Z-
10 verbose logfile /Users/talhaazeem/Documents/managementSystem/.npm_cache/_logs/2026-04-16T10_10_05_839Z-debug-0.log
11 silly logfile start cleaning logs, removing 1 files
12 silly packumentCache heap:2197815296 maxSize:549453824 maxEntrySize:274726912
13 silly logfile done cleaning log files
14 silly idealTree buildDeps
15 silly fetch manifest xlsx@*
16 silly packumentCache full:https://registry.npmjs.org/xlsx cache-miss
17 http fetch GET 200 https://registry.npmjs.org/xlsx 890ms (cache miss)
18 silly packumentCache full:https://registry.npmjs.org/xlsx set size:undefined disposed:false
19 silly placeDep ROOT xlsx@0.18.5 OK for: honda-dms@0.1.0 want: *
20 silly fetch manifest cfb@~1.2.1
21 silly packumentCache full:https://registry.npmjs.org/cfb cache-miss
22 silly fetch manifest ssf@~0.11.2
23 silly packumentCache full:https://registry.npmjs.org/ssf cache-miss
24 silly fetch manifest wmf@~1.0.1
25 silly packumentCache full:https://registry.npmjs.org/wmf cache-miss
26 silly fetch manifest word@~0.3.0
27 silly packumentCache full:https://registry.npmjs.org/word cache-miss
28 silly fetch manifest crc-32@~1.2.1
29 silly packumentCache full:https://registry.npmjs.org/crc-32 cache-miss
30 silly fetch manifest adler-32@~1.3.0
31 silly packumentCache full:https://registry.npmjs.org/adler-32 cache-miss
32 silly fetch manifest codepage@~1.15.0
33 silly packumentCache full:https://registry.npmjs.org/codepage cache-miss
34 http fetch GET 200 https://registry.npmjs.org/cfb 152ms (cache miss)
35 silly packumentCache full:https://registry.npmjs.org/cfb set size:undefined disposed:false
36 http fetch GET 200 https://registry.npmjs.org/codepage 468ms (cache miss)
37 silly packumentCache full:https://registry.npmjs.org/codepage set size:undefined disposed:false
38 http fetch GET 200 https://registry.npmjs.org/ssf 471ms (cache miss)
39 silly packumentCache full:https://registry.npmjs.org/ssf set size:undefined disposed:false
40 http fetch GET 200 https://registry.npmjs.org/adler-32 472ms (cache miss)
41 silly packumentCache full:https://registry.npmjs.org/adler-32 set size:undefined disposed:false
42 http fetch GET 200 https://registry.npmjs.org/word 479ms (cache miss)
43 silly packumentCache full:https://registry.npmjs.org/word set size:undefined disposed:false
44 http fetch GET 200 https://registry.npmjs.org/crc-32 480ms (cache miss)
45 silly packumentCache full:https://registry.npmjs.org/crc-32 set size:undefined disposed:false
46 http fetch GET 200 https://registry.npmjs.org/wmf 638ms (cache miss)
47 silly packumentCache full:https://registry.npmjs.org/wmf set size:undefined disposed:false
48 silly placeDep ROOT adler-32@1.3.1 OK for: xlsx@0.18.5 want: ~1.3.0
49 silly placeDep ROOT cfb@1.2.2 OK for: xlsx@0.18.5 want: ~1.2.1
50 silly placeDep ROOT codepage@1.15.0 OK for: xlsx@0.18.5 want: ~1.15.0
51 silly placeDep ROOT crc-32@1.2.2 OK for: xlsx@0.18.5 want: ~1.2.1
52 silly placeDep ROOT ssf@0.11.2 OK for: xlsx@0.18.5 want: ~0.11.2
53 silly placeDep ROOT wmf@1.0.2 OK for: xlsx@0.18.5 want: ~1.0.1
54 silly placeDep ROOT word@0.3.0 OK for: xlsx@0.18.5 want: ~0.3.0
55 silly fetch manifest crc-32@~1.2.0
56 silly packumentCache full:https://registry.npmjs.org/crc-32 cache-miss
57 silly fetch manifest frac@~1.1.2
58 silly packumentCache full:https://registry.npmjs.org/frac cache-miss
59 http cache https://registry.npmjs.org/crc-32 7ms (cache hit)
60 silly packumentCache full:https://registry.npmjs.org/crc-32 set size:32170 disposed:false
61 http fetch GET 200 https://registry.npmjs.org/frac 145ms (cache miss)
62 silly packumentCache full:https://registry.npmjs.org/frac set size:undefined disposed:false
63 silly placeDep ROOT frac@1.1.2 OK for: ssf@0.11.2 want: ~1.1.2
64 silly reify moves {}
65 silly audit bulk request {
65 silly audit   '@babel/code-frame': [ '7.28.6' ],
65 silly audit   '@babel/compat-data': [ '7.28.6' ],
65 silly audit   '@babel/core': [ '7.28.6' ],
65 silly audit   '@babel/generator': [ '7.28.6' ],
65 silly audit   '@babel/helper-compilation-targets': [ '7.28.6' ],
65 silly audit   '@babel/helper-globals': [ '7.28.0' ],
65 silly audit   '@babel/helper-module-imports': [ '7.28.6' ],
65 silly audit   '@babel/helper-module-transforms': [ '7.28.6' ],
65 silly audit   '@babel/helper-string-parser': [ '7.27.1' ],
65 silly audit   '@babel/helper-validator-identifier': [ '7.28.5' ],
65 silly audit   '@babel/helper-validator-option': [ '7.27.1' ],
65 silly audit   '@babel/helpers': [ '7.28.6' ],
65 silly audit   '@babel/parser': [ '7.28.6' ],
65 silly audit   '@babel/runtime': [ '7.28.6' ],
65 silly audit   '@babel/template': [ '7.28.6' ],
65 silly audit   '@babel/traverse': [ '7.28.6' ],
65 silly audit   '@babel/types': [ '7.28.6' ],
65 silly audit   '@emnapi/core': [ '1.8.1' ],
65 silly audit   '@emnapi/runtime': [ '1.8.1' ],
65 silly audit   '@emnapi/wasi-threads': [ '1.1.0' ],
65 silly audit   '@eslint-community/eslint-utils': [ '4.9.1' ],
65 silly audit   'eslint-visitor-keys': [ '3.4.3', '4.2.1' ],
65 silly audit   '@eslint-community/regexpp': [ '4.12.2' ],
65 silly audit   '@eslint/config-array': [ '0.21.1' ],
65 silly audit   '@eslint/config-helpers': [ '0.4.2' ],
65 silly audit   '@eslint/core': [ '0.17.0' ],
65 silly audit   '@eslint/eslintrc': [ '3.3.3' ],
65 silly audit   '@eslint/js': [ '9.39.2' ],
65 silly audit   '@eslint/object-schema': [ '2.1.7' ],
65 silly audit   '@eslint/plugin-kit': [ '0.4.1' ],
65 silly audit   '@humanfs/core': [ '0.19.1' ],
65 silly audit   '@humanfs/node': [ '0.16.7' ],
65 silly audit   '@humanwhocodes/module-importer': [ '1.0.1' ],
65 silly audit   '@humanwhocodes/retry': [ '0.4.3' ],
65 silly audit   '@img/colour': [ '1.0.0' ],
65 silly audit   '@img/sharp-darwin-arm64': [ '0.34.5' ],
65 silly audit   '@img/sharp-darwin-x64': [ '0.34.5' ],
65 silly audit   '@img/sharp-libvips-darwin-arm64': [ '1.2.4' ],
65 silly audit   '@img/sharp-libvips-darwin-x64': [ '1.2.4' ],
65 silly audit   '@img/sharp-libvips-linux-arm': [ '1.2.4' ],
65 silly audit   '@img/sharp-libvips-linux-arm64': [ '1.2.4' ],
65 silly audit   '@img/sharp-libvips-linux-ppc64': [ '1.2.4' ],
65 silly audit   '@img/sharp-libvips-linux-riscv64': [ '1.2.4' ],
65 silly audit   '@img/sharp-libvips-linux-s390x': [ '1.2.4' ],
65 silly audit   '@img/sharp-libvips-linux-x64': [ '1.2.4' ],
65 silly audit   '@img/sharp-libvips-linuxmusl-arm64': [ '1.2.4' ],
65 silly audit   '@img/sharp-libvips-linuxmusl-x64': [ '1.2.4' ],
65 silly audit   '@img/sharp-linux-arm': [ '0.34.5' ],
65 silly audit   '@img/sharp-linux-arm64': [ '0.34.5' ],
65 silly audit   '@img/sharp-linux-ppc64': [ '0.34.5' ],
65 silly audit   '@img/sharp-linux-riscv64': [ '0.34.5' ],
65 silly audit   '@img/sharp-linux-s390x': [ '0.34.5' ],
65 silly audit   '@img/sharp-linux-x64': [ '0.34.5' ],
65 silly audit   '@img/sharp-linuxmusl-arm64': [ '0.34.5' ],
65 silly audit   '@img/sharp-linuxmusl-x64': [ '0.34.5' ],
65 silly audit   '@img/sharp-wasm32': [ '0.34.5' ],
65 silly audit   '@img/sharp-win32-arm64': [ '0.34.5' ],
65 silly audit   '@img/sharp-win32-ia32': [ '0.34.5' ],
65 silly audit   '@img/sharp-win32-x64': [ '0.34.5' ],
65 silly audit   '@jridgewell/gen-mapping': [ '0.3.13' ],
65 silly audit   '@jridgewell/remapping': [ '2.3.5' ],
65 silly audit   '@jridgewell/resolve-uri': [ '3.1.2' ],
65 silly audit   '@jridgewell/sourcemap-codec': [ '1.5.5' ],
65 silly audit   '@jridgewell/trace-mapping': [ '0.3.31' ],
65 silly audit   '@mongodb-js/saslprep': [ '1.4.4' ],
65 silly audit   '@napi-rs/wasm-runtime': [ '0.2.12' ],
65 silly audit   '@next/env': [ '16.1.3' ],
65 silly audit   '@next/eslint-plugin-next': [ '16.1.3' ],
65 silly audit   '@next/swc-darwin-arm64': [ '16.1.3' ],
65 silly audit   '@next/swc-darwin-x64': [ '16.1.3' ],
65 silly audit   '@next/swc-linux-arm64-gnu': [ '16.1.3' ],
65 silly audit   '@next/swc-linux-arm64-musl': [ '16.1.3' ],
65 silly audit   '@next/swc-linux-x64-gnu': [ '16.1.3' ],
65 silly audit   '@next/swc-linux-x64-musl': [ '16.1.3' ],
65 silly audit   '@next/swc-win32-arm64-msvc': [ '16.1.3' ],
65 silly audit   '@next/swc-win32-x64-msvc': [ '16.1.3' ],
65 silly audit   '@nodelib/fs.scandir': [ '2.1.5' ],
65 silly audit   '@nodelib/fs.stat': [ '2.0.5' ],
65 silly audit   '@nodelib/fs.walk': [ '1.2.8' ],
65 silly audit   '@nolyfill/is-core-module': [ '1.0.39' ],
65 silly audit   '@panva/hkdf': [ '1.2.1' ],
65 silly audit   '@rtsao/scc': [ '1.1.0' ],
65 silly audit   '@swc/helpers': [ '0.5.15' ],
65 silly audit   '@tybys/wasm-util': [ '0.10.1' ],
65 silly audit   '@types/bcryptjs': [ '2.4.6' ],
65 silly audit   '@types/estree': [ '1.0.8' ],
65 silly audit   '@types/json-schema': [ '7.0.15' ],
65 silly audit   '@types/json5': [ '0.0.29' ],
65 silly audit   '@types/node': [ '20.19.30' ],
65 silly audit   '@types/react': [ '19.2.8' ],
65 silly audit   '@types/react-dom': [ '19.2.3' ],
65 silly audit   '@types/webidl-conversions': [ '7.0.3' ],
65 silly audit   '@types/whatwg-url': [ '13.0.0' ],
65 silly audit   '@typescript-eslint/eslint-plugin': [ '8.53.0' ],
65 silly audit   ignore: [ '7.0.5', '5.3.2' ],
65 silly audit   '@typescript-eslint/parser': [ '8.53.0' ],
65 silly audit   '@typescript-eslint/project-service': [ '8.53.0' ],
65 silly audit   '@typescript-eslint/scope-manager': [ '8.53.0' ],
65 silly audit   '@typescript-eslint/tsconfig-utils': [ '8.53.0' ],
65 silly audit   '@typescript-eslint/type-utils': [ '8.53.0' ],
65 silly audit   '@typescript-eslint/types': [ '8.53.0' ],
65 silly audit   '@typescript-eslint/typescript-estree': [ '8.53.0' ],
65 silly audit   'brace-expansion': [ '2.0.2', '1.1.12' ],
65 silly audit   minimatch: [ '9.0.5', '3.1.2' ],
65 silly audit   semver: [ '7.7.3', '6.3.1' ],
65 silly audit   '@typescript-eslint/utils': [ '8.53.0' ],
65 silly audit   '@typescript-eslint/visitor-keys': [ '8.53.0' ],
65 silly audit   '@unrs/resolver-binding-android-arm-eabi': [ '1.11.1' ],
65 silly audit   '@unrs/resolver-binding-android-arm64': [ '1.11.1' ],
65 silly audit   '@unrs/resolver-binding-darwin-arm64': [ '1.11.1' ],
65 silly audit   '@unrs/resolver-binding-darwin-x64': [ '1.11.1' ],
65 silly audit   '@unrs/resolver-binding-freebsd-x64': [ '1.11.1' ],
65 silly audit   '@unrs/resolver-binding-linux-arm-gnueabihf': [ '1.11.1' ],
65 silly audit   '@unrs/resolver-binding-linux-arm-musleabihf': [ '1.11.1' ],
65 silly audit   '@unrs/resolver-binding-linux-arm64-gnu': [ '1.11.1' ],
65 silly audit   '@unrs/resolver-binding-linux-arm64-musl': [ '1.11.1' ],
65 silly audit   '@unrs/resolver-binding-linux-ppc64-gnu': [ '1.11.1' ],
65 silly audit   '@unrs/resolver-binding-linux-riscv64-gnu': [ '1.11.1' ],
65 silly audit   '@unrs/resolver-binding-linux-riscv64-musl': [ '1.11.1' ],
65 silly audit   '@unrs/resolver-binding-linux-s390x-gnu': [ '1.11.1' ],
65 silly audit   '@unrs/resolver-binding-linux-x64-gnu': [ '1.11.1' ],
65 silly audit   '@unrs/resolver-binding-linux-x64-musl': [ '1.11.1' ],
65 silly audit   '@unrs/resolver-binding-wasm32-wasi': [ '1.11.1' ],
65 silly audit   '@unrs/resolver-binding-win32-arm64-msvc': [ '1.11.1' ],
65 silly audit   '@unrs/resolver-binding-win32-ia32-msvc': [ '1.11.1' ],
65 silly audit   '@unrs/resolver-binding-win32-x64-msvc': [ '1.11.1' ],
65 silly audit   acorn: [ '8.15.0' ],
65 silly audit   'acorn-jsx': [ '5.3.2' ],
65 silly audit   ajv: [ '6.12.6' ],
65 silly audit   'ansi-regex': [ '5.0.1' ],
65 silly audit   'ansi-styles': [ '4.3.0' ],
65 silly audit   argparse: [ '2.0.1' ],
65 silly audit   'aria-query': [ '5.3.2' ],
65 silly audit   'array-buffer-byte-length': [ '1.0.2' ],
65 silly audit   'array-includes': [ '3.1.9' ],
65 silly audit   'array.prototype.findlast': [ '1.2.5' ],
65 silly audit   'array.prototype.findlastindex': [ '1.2.6' ],
65 silly audit   'array.prototype.flat': [ '1.3.3' ],
65 silly audit   'array.prototype.flatmap': [ '1.3.3' ],
65 silly audit   'array.prototype.tosorted': [ '1.1.4' ],
65 silly audit   'arraybuffer.prototype.slice': [ '1.0.4' ],
65 silly audit   'ast-types-flow': [ '0.0.8' ],
65 silly audit   'async-function': [ '1.0.0' ],
65 silly audit   'available-typed-arrays': [ '1.0.7' ],
65 silly audit   'axe-core': [ '4.11.1' ],
65 silly audit   'axobject-query': [ '4.1.0' ],
65 silly audit   'balanced-match': [ '1.0.2' ],
65 silly audit   'baseline-browser-mapping': [ '2.9.15' ],
65 silly audit   bcryptjs: [ '3.0.3' ],
65 silly audit   braces: [ '3.0.3' ],
65 silly audit   browserslist: [ '4.28.1' ],
65 silly audit   bson: [ '7.1.1' ],
65 silly audit   'call-bind': [ '1.0.8' ],
65 silly audit   'call-bind-apply-helpers': [ '1.0.2' ],
65 silly audit   'call-bound': [ '1.0.4' ],
65 silly audit   callsites: [ '3.1.0' ],
65 silly audit   camelcase: [ '5.3.1' ],
65 silly audit   'caniuse-lite': [ '1.0.30001764' ],
65 silly audit   chalk: [ '4.1.2' ],
65 silly audit   'client-only': [ '0.0.1' ],
65 silly audit   cliui: [ '6.0.0' ],
65 silly audit   'color-convert': [ '2.0.1' ],
65 silly audit   'color-name': [ '1.1.4' ],
65 silly audit   'concat-map': [ '0.0.1' ],
65 silly audit   'convert-source-map': [ '2.0.0' ],
65 silly audit   cookie: [ '0.7.2' ],
65 silly audit   'cross-spawn': [ '7.0.6' ],
65 silly audit   csstype: [ '3.2.3' ],
65 silly audit   'damerau-levenshtein': [ '1.0.8' ],
65 silly audit   'data-view-buffer': [ '1.0.2' ],
65 silly audit   'data-view-byte-length': [ '1.0.2' ],
65 silly audit   'data-view-byte-offset': [ '1.0.1' ],
65 silly audit   debug: [ '4.4.3', '3.2.7' ],
65 silly audit   decamelize: [ '1.2.0' ],
65 silly audit   'deep-is': [ '0.1.4' ],
65 silly audit   'define-data-property': [ '1.1.4' ],
65 silly audit   'define-properties': [ '1.2.1' ],
65 silly audit   'detect-libc': [ '2.1.2' ],
65 silly audit   dijkstrajs: [ '1.0.3' ],
65 silly audit   doctrine: [ '2.1.0' ],
65 silly audit   'dunder-proto': [ '1.0.1' ],
65 silly audit   'electron-to-chromium': [ '1.5.267' ],
65 silly audit   'emoji-regex': [ '9.2.2', '8.0.0' ],
65 silly audit   'es-abstract': [ '1.24.1' ],
65 silly audit   'es-define-property': [ '1.0.1' ],
65 silly audit   'es-errors': [ '1.3.0' ],
65 silly audit   'es-iterator-helpers': [ '1.2.2' ],
65 silly audit   'es-object-atoms': [ '1.1.1' ],
65 silly audit   'es-set-tostringtag': [ '2.1.0' ],
65 silly audit   'es-shim-unscopables': [ '1.1.0' ],
65 silly audit   'es-to-primitive': [ '1.3.0' ],
65 silly audit   escalade: [ '3.2.0' ],
65 silly audit   'escape-string-regexp': [ '4.0.0' ],
65 silly audit   eslint: [ '9.39.2' ],
65 silly audit   'eslint-config-next': [ '16.1.3' ],
65 silly audit   globals: [ '16.4.0', '14.0.0' ],
65 silly audit   'eslint-import-resolver-node': [ '0.3.9' ],
65 silly audit   'eslint-import-resolver-typescript': [ '3.10.1' ],
65 silly audit   'eslint-module-utils': [ '2.12.1' ],
65 silly audit   'eslint-plugin-import': [ '2.32.0' ],
65 silly audit   'eslint-plugin-jsx-a11y': [ '6.10.2' ],
65 silly audit   'eslint-plugin-react': [ '7.37.5' ],
65 silly audit   'eslint-plugin-react-hooks': [ '7.0.1' ],
65 silly audit   resolve: [ '2.0.0-next.5', '1.22.11' ],
65 silly audit   'eslint-scope': [ '8.4.0' ],
65 silly audit   espree: [ '10.4.0' ],
65 silly audit   esquery: [ '1.7.0' ],
65 silly audit   esrecurse: [ '4.3.0' ],
65 silly audit   estraverse: [ '5.3.0' ],
65 silly audit   esutils: [ '2.0.3' ],
65 silly audit   'fast-deep-equal': [ '3.1.3' ],
65 silly audit   'fast-glob': [ '3.3.1' ],
65 silly audit   'glob-parent': [ '5.1.2', '6.0.2' ],
65 silly audit   'fast-json-stable-stringify': [ '2.1.0' ],
65 silly audit   'fast-levenshtein': [ '2.0.6' ],
65 silly audit   fastq: [ '1.20.1' ],
65 silly audit   'file-entry-cache': [ '8.0.0' ],
65 silly audit   'fill-range': [ '7.1.1' ],
65 silly audit   'find-up': [ '5.0.0', '4.1.0' ],
65 silly audit   'flat-cache': [ '4.0.1' ],
65 silly audit   flatted: [ '3.3.3' ],
65 silly audit   'for-each': [ '0.3.5' ],
65 silly audit   'function-bind': [ '1.1.2' ],
65 silly audit   'function.prototype.name': [ '1.1.8' ],
65 silly audit   'functions-have-names': [ '1.2.3' ],
65 silly audit   'generator-function': [ '2.0.1' ],
65 silly audit   gensync: [ '1.0.0-beta.2' ],
65 silly audit   'get-caller-file': [ '2.0.5' ],
65 silly audit   'get-intrinsic': [ '1.3.0' ],
65 silly audit   'get-proto': [ '1.0.1' ],
65 silly audit   'get-symbol-description': [ '1.1.0' ],
65 silly audit   'get-tsconfig': [ '4.13.0' ],
65 silly audit   globalthis: [ '1.0.4' ],
65 silly audit   gopd: [ '1.2.0' ],
65 silly audit   'has-bigints': [ '1.1.0' ],
65 silly audit   'has-flag': [ '4.0.0' ],
65 silly audit   'has-property-descriptors': [ '1.0.2' ],
65 silly audit   'has-proto': [ '1.2.0' ],
65 silly audit   'has-symbols': [ '1.1.0' ],
65 silly audit   'has-tostringtag': [ '1.0.2' ],
65 silly audit   hasown: [ '2.0.2' ],
65 silly audit   'hermes-estree': [ '0.25.1' ],
65 silly audit   'hermes-parser': [ '0.25.1' ],
65 silly audit   'import-fresh': [ '3.3.1' ],
65 silly audit   imurmurhash: [ '0.1.4' ],
65 silly audit   'internal-slot': [ '1.1.0' ],
65 silly audit   'is-array-buffer': [ '3.0.5' ],
65 silly audit   'is-async-function': [ '2.1.1' ],
65 silly audit   'is-bigint': [ '1.1.0' ],
65 silly audit   'is-boolean-object': [ '1.2.2' ],
65 silly audit   'is-bun-module': [ '2.0.0' ],
65 silly audit   'is-callable': [ '1.2.7' ],
65 silly audit   'is-core-module': [ '2.16.1' ],
65 silly audit   'is-data-view': [ '1.0.2' ],
65 silly audit   'is-date-object': [ '1.1.0' ],
65 silly audit   'is-extglob': [ '2.1.1' ],
65 silly audit   'is-finalizationregistry': [ '1.1.1' ],
65 silly audit   'is-fullwidth-code-point': [ '3.0.0' ],
65 silly audit   'is-generator-function': [ '1.1.2' ],
65 silly audit   'is-glob': [ '4.0.3' ],
65 silly audit   'is-map': [ '2.0.3' ],
65 silly audit   'is-negative-zero': [ '2.0.3' ],
65 silly audit   'is-number': [ '7.0.0' ],
65 silly audit   'is-number-object': [ '1.1.1' ],
65 silly audit   'is-regex': [ '1.2.1' ],
65 silly audit   'is-set': [ '2.0.3' ],
65 silly audit   'is-shared-array-buffer': [ '1.0.4' ],
65 silly audit   'is-string': [ '1.1.1' ],
65 silly audit   'is-symbol': [ '1.1.1' ],
65 silly audit   'is-typed-array': [ '1.1.15' ],
65 silly audit   'is-weakmap': [ '2.0.2' ],
65 silly audit   'is-weakref': [ '1.1.1' ],
65 silly audit   'is-weakset': [ '2.0.4' ],
65 silly audit   isarray: [ '2.0.5' ],
65 silly audit   isexe: [ '2.0.0' ],
65 silly audit   'iterator.prototype': [ '1.1.5' ],
65 silly audit   jiti: [ '2.6.1' ],
65 silly audit   jose: [ '4.15.9' ],
65 silly audit   'js-tokens': [ '4.0.0' ],
65 silly audit   'js-yaml': [ '4.1.1' ],
65 silly audit   jsesc: [ '3.1.0' ],
65 silly audit   'json-buffer': [ '3.0.1' ],
65 silly audit   'json-schema-traverse': [ '0.4.1' ],
65 silly audit   'json-stable-stringify-without-jsonify': [ '1.0.1' ],
65 silly audit   json5: [ '2.2.3', '1.0.2' ],
65 silly audit   'jsx-ast-utils': [ '3.3.5' ],
65 silly audit   kareem: [ '3.0.0' ],
65 silly audit   keyv: [ '4.5.4' ],
65 silly audit   'language-subtag-registry': [ '0.3.23' ],
65 silly audit   'language-tags': [ '1.0.9' ],
65 silly audit   levn: [ '0.4.1' ],
65 silly audit   'locate-path': [ '6.0.0', '5.0.0' ],
65 silly audit   'lodash.merge': [ '4.6.2' ],
65 silly audit   'loose-envify': [ '1.4.0' ],
65 silly audit   'lru-cache': [ '5.1.1', '6.0.0' ],
65 silly audit   'math-intrinsics': [ '1.1.0' ],
65 silly audit   'memory-pager': [ '1.5.0' ],
65 silly audit   merge2: [ '1.4.1' ],
65 silly audit   micromatch: [ '4.0.8' ],
65 silly audit   minimist: [ '1.2.8' ],
65 silly audit   mongodb: [ '7.0.0' ],
65 silly audit   'mongodb-connection-string-url': [ '7.0.0' ],
65 silly audit   mongoose: [ '9.1.4' ],
65 silly audit   mpath: [ '0.9.0' ],
65 silly audit   mquery: [ '6.0.0' ],
65 silly audit   ms: [ '2.1.3' ],
65 silly audit   nanoid: [ '3.3.11' ],
65 silly audit   'napi-postinstall': [ '0.3.4' ],
65 silly audit   'natural-compare': [ '1.4.0' ],
65 silly audit   next: [ '16.1.3' ],
65 silly audit   'next-auth': [ '4.24.13' ],
65 silly audit   'node-releases': [ '2.0.27' ],
65 silly audit   oauth: [ '0.9.15' ],
65 silly audit   'object-assign': [ '4.1.1' ],
65 silly audit   'object-hash': [ '2.2.0' ],
65 silly audit   'object-inspect': [ '1.13.4' ],
65 silly audit   'object-keys': [ '1.1.1' ],
65 silly audit   'object.assign': [ '4.1.7' ],
65 silly audit   'object.entries': [ '1.1.9' ],
65 silly audit   'object.fromentries': [ '2.0.8' ],
65 silly audit   'object.groupby': [ '1.0.3' ],
65 silly audit   'object.values': [ '1.2.1' ],
65 silly audit   'oidc-token-hash': [ '5.2.0' ],
65 silly audit   'openid-client': [ '5.7.1' ],
65 silly audit   yallist: [ '4.0.0', '3.1.1' ],
65 silly audit   optionator: [ '0.9.4' ],
65 silly audit   'own-keys': [ '1.0.1' ],
65 silly audit   'p-limit': [ '3.1.0', '2.3.0' ],
65 silly audit   'p-locate': [ '5.0.0', '4.1.0' ],
65 silly audit   'p-try': [ '2.2.0' ],
65 silly audit   'parent-module': [ '1.0.1' ],
65 silly audit   'path-exists': [ '4.0.0' ],
65 silly audit   'path-key': [ '3.1.1' ],
65 silly audit   'path-parse': [ '1.0.7' ],
65 silly audit   picocolors: [ '1.1.1' ],
65 silly audit   picomatch: [ '2.3.1', '4.0.3' ],
65 silly audit   pngjs: [ '5.0.0' ],
65 silly audit   'possible-typed-array-names': [ '1.1.0' ],
65 silly audit   postcss: [ '8.4.31' ],
65 silly audit   preact: [ '10.28.2' ],
65 silly audit   'preact-render-to-string': [ '5.2.6' ],
65 silly audit   'prelude-ls': [ '1.2.1' ],
65 silly audit   'pretty-format': [ '3.8.0' ],
65 silly audit   'prop-types': [ '15.8.1' ],
65 silly audit   punycode: [ '2.3.1' ],
65 silly audit   qrcode: [ '1.5.4' ],
65 silly audit   'queue-microtask': [ '1.2.3' ],
65 silly audit   react: [ '19.2.3' ],
65 silly audit   'react-dom': [ '19.2.3' ],
65 silly audit   'react-is': [ '16.13.1' ],
65 silly audit   'reflect.getprototypeof': [ '1.0.10' ],
65 silly audit   'regexp.prototype.flags': [ '1.5.4' ],
65 silly audit   'require-directory': [ '2.1.1' ],
65 silly audit   'require-main-filename': [ '2.0.0' ],
65 silly audit   'resolve-from': [ '4.0.0' ],
65 silly audit   'resolve-pkg-maps': [ '1.0.0' ],
65 silly audit   reusify: [ '1.1.0' ],
65 silly audit   'run-parallel': [ '1.2.0' ],
65 silly audit   'safe-array-concat': [ '1.1.3' ],
65 silly audit   'safe-push-apply': [ '1.0.0' ],
65 silly audit   'safe-regex-test': [ '1.1.0' ],
65 silly audit   scheduler: [ '0.27.0' ],
65 silly audit   'set-blocking': [ '2.0.0' ],
65 silly audit   'set-function-length': [ '1.2.2' ],
65 silly audit   'set-function-name': [ '2.0.2' ],
65 silly audit   'set-proto': [ '1.0.0' ],
65 silly audit   sharp: [ '0.34.5' ],
65 silly audit   'shebang-command': [ '2.0.0' ],
65 silly audit   'shebang-regex': [ '3.0.0' ],
65 silly audit   'side-channel': [ '1.1.0' ],
65 silly audit   'side-channel-list': [ '1.0.0' ],
65 silly audit   'side-channel-map': [ '1.0.1' ],
65 silly audit   'side-channel-weakmap': [ '1.0.2' ],
65 silly audit   sift: [ '17.1.3' ],
65 silly audit   'source-map-js': [ '1.2.1' ],
65 silly audit   'sparse-bitfield': [ '3.0.3' ],
65 silly audit   'stable-hash': [ '0.0.5' ],
65 silly audit   'stop-iteration-iterator': [ '1.1.0' ],
65 silly audit   'string-width': [ '4.2.3' ],
65 silly audit   'string.prototype.includes': [ '2.0.1' ],
65 silly audit   'string.prototype.matchall': [ '4.0.12' ],
65 silly audit   'string.prototype.repeat': [ '1.0.0' ],
65 silly audit   'string.prototype.trim': [ '1.2.10' ],
65 silly audit   'string.prototype.trimend': [ '1.0.9' ],
65 silly audit   'string.prototype.trimstart': [ '1.0.8' ],
65 silly audit   'strip-ansi': [ '6.0.1' ],
65 silly audit   'strip-bom': [ '3.0.0' ],
65 silly audit   'strip-json-comments': [ '3.1.1' ],
65 silly audit   'styled-jsx': [ '5.1.6' ],
65 silly audit   'supports-color': [ '7.2.0' ],
65 silly audit   'supports-preserve-symlinks-flag': [ '1.0.0' ],
65 silly audit   tinyglobby: [ '0.2.15' ],
65 silly audit   fdir: [ '6.5.0' ],
65 silly audit   'to-regex-range': [ '5.0.1' ],
65 silly audit   tr46: [ '5.1.1' ],
65 silly audit   'ts-api-utils': [ '2.4.0' ],
65 silly audit   'tsconfig-paths': [ '3.15.0' ],
65 silly audit   tslib: [ '2.8.1' ],
65 silly audit   'type-check': [ '0.4.0' ],
65 silly audit   'typed-array-buffer': [ '1.0.3' ],
65 silly audit   'typed-array-byte-length': [ '1.0.3' ],
65 silly audit   'typed-array-byte-offset': [ '1.0.4' ],
65 silly audit   'typed-array-length': [ '1.0.7' ],
65 silly audit   typescript: [ '5.9.3' ],
65 silly audit   'typescript-eslint': [ '8.53.0' ],
65 silly audit   'unbox-primitive': [ '1.1.0' ],
65 silly audit   'undici-types': [ '6.21.0' ],
65 silly audit   'unrs-resolver': [ '1.11.1' ],
65 silly audit   'update-browserslist-db': [ '1.2.3' ],
65 silly audit   'uri-js': [ '4.4.1' ],
65 silly audit   uuid: [ '8.3.2' ],
65 silly audit   'webidl-conversions': [ '7.0.0' ],
65 silly audit   'whatwg-url': [ '14.2.0' ],
65 silly audit   which: [ '2.0.2' ],
65 silly audit   'which-boxed-primitive': [ '1.1.1' ],
65 silly audit   'which-builtin-type': [ '1.2.1' ],
65 silly audit   'which-collection': [ '1.0.2' ],
65 silly audit   'which-module': [ '2.0.1' ],
65 silly audit   'which-typed-array': [ '1.1.20' ],
65 silly audit   'word-wrap': [ '1.2.5' ],
65 silly audit   'wrap-ansi': [ '6.2.0' ],
65 silly audit   y18n: [ '4.0.3' ],
65 silly audit   yargs: [ '15.4.1' ],
65 silly audit   'yargs-parser': [ '18.1.3' ],
65 silly audit   'yocto-queue': [ '0.1.0' ],
65 silly audit   zod: [ '4.3.5' ],
65 silly audit   'zod-validation-error': [ '4.0.2' ],
65 silly audit   xlsx: [ '0.18.5' ],
65 silly audit   'adler-32': [ '1.3.1' ],
65 silly audit   cfb: [ '1.2.2' ],
65 silly audit   codepage: [ '1.15.0' ],
65 silly audit   'crc-32': [ '1.2.2' ],
65 silly audit   ssf: [ '0.11.2' ],
65 silly audit   wmf: [ '1.0.2' ],
65 silly audit   word: [ '0.3.0' ],
65 silly audit   frac: [ '1.1.2' ]
65 silly audit }
66 http cache wmf@https://registry.npmjs.org/wmf/-/wmf-1.0.2.tgz 0ms (cache hit)
67 http cache word@https://registry.npmjs.org/word/-/word-0.3.0.tgz 0ms (cache hit)
68 http cache frac@https://registry.npmjs.org/frac/-/frac-1.1.2.tgz 0ms (cache hit)
69 http cache ssf@https://registry.npmjs.org/ssf/-/ssf-0.11.2.tgz 0ms (cache hit)
70 http cache codepage@https://registry.npmjs.org/codepage/-/codepage-1.15.0.tgz 0ms (cache hit)
71 http cache crc-32@https://registry.npmjs.org/crc-32/-/crc-32-1.2.2.tgz 0ms (cache hit)
72 http cache cfb@https://registry.npmjs.org/cfb/-/cfb-1.2.2.tgz 0ms (cache hit)
73 http cache adler-32@https://registry.npmjs.org/adler-32/-/adler-32-1.3.1.tgz 0ms (cache hit)
74 http cache xlsx@https://registry.npmjs.org/xlsx/-/xlsx-0.18.5.tgz 0ms (cache hit)
75 silly tarball no local data for wmf@https://registry.npmjs.org/wmf/-/wmf-1.0.2.tgz. Extracting by manifest.
76 silly tarball no local data for word@https://registry.npmjs.org/word/-/word-0.3.0.tgz. Extracting by manifest.
77 silly tarball no local data for frac@https://registry.npmjs.org/frac/-/frac-1.1.2.tgz. Extracting by manifest.
78 silly tarball no local data for ssf@https://registry.npmjs.org/ssf/-/ssf-0.11.2.tgz. Extracting by manifest.
79 silly tarball no local data for codepage@https://registry.npmjs.org/codepage/-/codepage-1.15.0.tgz. Extracting by manifest.
80 silly tarball no local data for crc-32@https://registry.npmjs.org/crc-32/-/crc-32-1.2.2.tgz. Extracting by manifest.
81 silly tarball no local data for cfb@https://registry.npmjs.org/cfb/-/cfb-1.2.2.tgz. Extracting by manifest.
82 silly tarball no local data for adler-32@https://registry.npmjs.org/adler-32/-/adler-32-1.3.1.tgz. Extracting by manifest.
83 silly tarball no local data for xlsx@https://registry.npmjs.org/xlsx/-/xlsx-0.18.5.tgz. Extracting by manifest.
84 http fetch GET 200 https://registry.npmjs.org/word/-/word-0.3.0.tgz 135ms (cache miss)
85 http fetch GET 200 https://registry.npmjs.org/frac/-/frac-1.1.2.tgz 142ms (cache miss)
86 http fetch GET 200 https://registry.npmjs.org/crc-32/-/crc-32-1.2.2.tgz 144ms (cache miss)
87 http fetch GET 200 https://registry.npmjs.org/ssf/-/ssf-0.11.2.tgz 147ms (cache miss)
88 http fetch GET 200 https://registry.npmjs.org/wmf/-/wmf-1.0.2.tgz 161ms (cache miss)
89 http fetch POST 200 https://registry.npmjs.org/-/npm/v1/security/advisories/bulk 294ms
90 silly audit report {
90 silly audit report   'brace-expansion': [
90 silly audit report     {
90 silly audit report       id: 1115540,
90 silly audit report       url: 'https://github.com/advisories/GHSA-f886-m6hf-6m8v',
90 silly audit report       title: 'brace-expansion: Zero-step sequence causes process hang and memory exhaustion',
90 silly audit report       severity: 'moderate',
90 silly audit report       vulnerable_versions: '<1.1.13',
90 silly audit report       cwe: [Array],
90 silly audit report       cvss: [Object]
90 silly audit report     },
90 silly audit report     {
90 silly audit report       id: 1115541,
90 silly audit report       url: 'https://github.com/advisories/GHSA-f886-m6hf-6m8v',
90 silly audit report       title: 'brace-expansion: Zero-step sequence causes process hang and memory exhaustion',
90 silly audit report       severity: 'moderate',
90 silly audit report       vulnerable_versions: '>=2.0.0 <2.0.3',
90 silly audit report       cwe: [Array],
90 silly audit report       cvss: [Object]
90 silly audit report     }
90 silly audit report   ],
90 silly audit report   minimatch: [
90 silly audit report     {
90 silly audit report       id: 1113459,
90 silly audit report       url: 'https://github.com/advisories/GHSA-3ppc-4f35-3m26',
90 silly audit report       title: 'minimatch has a ReDoS via repeated wildcards with non-matching literal in pattern',
90 silly audit report       severity: 'high',
90 silly audit report       vulnerable_versions: '<3.1.3',
90 silly audit report       cwe: [Array],
90 silly audit report       cvss: [Object]
90 silly audit report     },
90 silly audit report     {
90 silly audit report       id: 1113465,
90 silly audit report       url: 'https://github.com/advisories/GHSA-3ppc-4f35-3m26',
90 silly audit report       title: 'minimatch has a ReDoS via repeated wildcards with non-matching literal in pattern',
90 silly audit report       severity: 'high',
90 silly audit report       vulnerable_versions: '>=9.0.0 <9.0.6',
90 silly audit report       cwe: [Array],
90 silly audit report       cvss: [Object]
90 silly audit report     },
90 silly audit report     {
90 silly audit report       id: 1113538,
90 silly audit report       url: 'https://github.com/advisories/GHSA-7r86-cg39-jmmj',
90 silly audit report       title: 'minimatch has ReDoS: matchOne() combinatorial backtracking via multiple non-adjacent GLOBSTAR segments',
90 silly audit report       severity: 'high',
90 silly audit report       vulnerable_versions: '<3.1.3',
90 silly audit report       cwe: [Array],
90 silly audit report       cvss: [Object]
90 silly audit report     },
90 silly audit report     {
90 silly audit report       id: 1113544,
90 silly audit report       url: 'https://github.com/advisories/GHSA-7r86-cg39-jmmj',
90 silly audit report       title: 'minimatch has ReDoS: matchOne() combinatorial backtracking via multiple non-adjacent GLOBSTAR segments',
90 silly audit report       severity: 'high',
90 silly audit report       vulnerable_versions: '>=9.0.0 <9.0.7',
90 silly audit report       cwe: [Array],
90 silly audit report       cvss: [Object]
90 silly audit report     },
90 silly audit report     {
90 silly audit report       id: 1113546,
90 silly audit report       url: 'https://github.com/advisories/GHSA-23c5-xmqv-rm74',
90 silly audit report       title: 'minimatch ReDoS: nested *() extglobs generate catastrophically backtracking regular expressions',
90 silly audit report       severity: 'high',
90 silly audit report       vulnerable_versions: '<3.1.4',
90 silly audit report       cwe: [Array],
90 silly audit report       cvss: [Object]
90 silly audit report     },
90 silly audit report     {
90 silly audit report       id: 1113552,
90 silly audit report       url: 'https://github.com/advisories/GHSA-23c5-xmqv-rm74',
90 silly audit report       title: 'minimatch ReDoS: nested *() extglobs generate catastrophically backtracking regular expressions',
90 silly audit report       severity: 'high',
90 silly audit report       vulnerable_versions: '>=9.0.0 <9.0.7',
90 silly audit report       cwe: [Array],
90 silly audit report       cvss: [Object]
90 silly audit report     }
90 silly audit report   ],
90 silly audit report   ajv: [
90 silly audit report     {
90 silly audit report       id: 1113714,
90 silly audit report       url: 'https://github.com/advisories/GHSA-2g4f-4pwh-qvx6',
90 silly audit report       title: 'ajv has ReDoS when using `$data` option',
90 silly audit report       severity: 'moderate',
90 silly audit report       vulnerable_versions: '<6.14.0',
90 silly audit report       cwe: [Array],
90 silly audit report       cvss: [Object]
90 silly audit report     }
90 silly audit report   ],
90 silly audit report   flatted: [
90 silly audit report     {
90 silly audit report       id: 1114526,
90 silly audit report       url: 'https://github.com/advisories/GHSA-25h7-pfq9-p65f',
90 silly audit report       title: 'flatted vulnerable to unbounded recursion DoS in parse() revive phase',
90 silly audit report       severity: 'high',
90 silly audit report       vulnerable_versions: '<3.4.0',
90 silly audit report       cwe: [Array],
90 silly audit report       cvss: [Object]
90 silly audit report     },
90 silly audit report     {
90 silly audit report       id: 1115357,
90 silly audit report       url: 'https://github.com/advisories/GHSA-rf6f-7fwh-wjgh',
90 silly audit report       title: 'Prototype Pollution via parse() in NodeJS flatted',
90 silly audit report       severity: 'high',
90 silly audit report       vulnerable_versions: '<=3.4.1',
90 silly audit report       cwe: [Array],
90 silly audit report       cvss: [Object]
90 silly audit report     }
90 silly audit report   ],
90 silly audit report   next: [
90 silly audit report     {
90 silly audit report       id: 1112592,
90 silly audit report       url: 'https://github.com/advisories/GHSA-9g9p-9gw9-jx7f',
90 silly audit report       title: 'Next.js self-hosted applications vulnerable to DoS via Image Optimizer remotePatterns configuration',
90 silly audit report       severity: 'moderate',
90 silly audit report       vulnerable_versions: '>=15.6.0-canary.0 <16.1.5',
90 silly audit report       cwe: [Array],
90 silly audit report       cvss: [Object]
90 silly audit report     },
90 silly audit report     {
90 silly audit report       id: 1112645,
90 silly audit report       url: 'https://github.com/advisories/GHSA-h25m-26qc-wcjf',
90 silly audit report       title: 'Next.js HTTP request deserialization can lead to DoS when using insecure React Server Components',
90 silly audit report       severity: 'high',
90 silly audit report       vulnerable_versions: '>=16.1.0-canary.0 <16.1.5',
90 silly audit report       cwe: [Array],
90 silly audit report       cvss: [Object]
90 silly audit report     },
90 silly audit report     {
90 silly audit report       id: 1114898,
90 silly audit report       url: 'https://github.com/advisories/GHSA-ggv3-7p47-pfv8',
90 silly audit report       title: 'Next.js: HTTP request smuggling in rewrites',
90 silly audit report       severity: 'moderate',
90 silly audit report       vulnerable_versions: '>=16.0.0-beta.0 <16.1.7',
90 silly audit report       cwe: [Array],
90 silly audit report       cvss: [Object]
90 silly audit report     },
90 silly audit report     {
90 silly audit report       id: 1114941,
90 silly audit report       url: 'https://github.com/advisories/GHSA-3x4c-7xq6-9pq8',
90 silly audit report       title: 'Next.js: Unbounded next/image disk cache growth can exhaust storage',
90 silly audit report       severity: 'moderate',
90 silly audit report       vulnerable_versions: '>=16.0.0-beta.0 <16.1.7',
90 silly audit report       cwe: [Array],
90 silly audit report       cvss: [Object]
90 silly audit report     },
90 silly audit report     {
90 silly audit report       id: 1114942,
90 silly audit report       url: 'https://github.com/advisories/GHSA-h27x-g6w4-24gq',
90 silly audit report       title: 'Next.js: Unbounded postponed resume buffering can lead to DoS',
90 silly audit report       severity: 'moderate',
90 silly audit report       vulnerable_versions: '>=16.0.1 <16.1.7',
90 silly audit report       cwe: [Array],
90 silly audit report       cvss: [Object]
90 silly audit report     },
90 silly audit report     {
90 silly audit report       id: 1114943,
90 silly audit report       url: 'https://github.com/advisories/GHSA-mq59-m269-xvcx',
90 silly audit report       title: 'Next.js: null origin can bypass Server Actions CSRF checks',
90 silly audit report       severity: 'moderate',
90 silly audit report       vulnerable_versions: '>=16.0.1 <16.1.7',
90 silly audit report       cwe: [Array],
90 silly audit report       cvss: [Object]
90 silly audit report     },
90 silly audit report     {
90 silly audit report       id: 1115360,
90 silly audit report       url: 'https://github.com/advisories/GHSA-jcc7-9wpm-mj36',
90 silly audit report       title: 'Next.js: null origin can bypass dev HMR websocket CSRF checks',
90 silly audit report       severity: 'low',
90 silly audit report       vulnerable_versions: '>=16.0.1 <16.1.7',
90 silly audit report       cwe: [Array],
90 silly audit report       cvss: [Object]
90 silly audit report     },
90 silly audit report     {
90 silly audit report       id: 1116305,
90 silly audit report       url: 'https://github.com/advisories/GHSA-5f7q-jpqc-wp7h',
90 silly audit report       title: 'Next.js has Unbounded Memory Consumption via PPR Resume Endpoint ',
90 silly audit report       severity: 'moderate',
90 silly audit report       vulnerable_versions: '>=16.0.0-beta.0 <16.1.5',
90 silly audit report       cwe: [Array],
90 silly audit report       cvss: [Object]
90 silly audit report     },
90 silly audit report     {
90 silly audit report       id: 1116375,
90 silly audit report       url: 'https://github.com/advisories/GHSA-q4gf-8mx6-v5v3',
90 silly audit report       title: 'Next.js has a Denial of Service with Server Components',
90 silly audit report       severity: 'high',
90 silly audit report       vulnerable_versions: '>=16.0.0-beta.0 <16.2.3',
90 silly audit report       cwe: [Array],
90 silly audit report       cvss: [Object]
90 silly audit report     }
90 silly audit report   ],
90 silly audit report   picomatch: [
90 silly audit report     {
90 silly audit report       id: 1115549,
90 silly audit report       url: 'https://github.com/advisories/GHSA-3v7f-55p6-f55p',
90 silly audit report       title: 'Picomatch: Method Injection in POSIX Character Classes causes incorrect Glob Matching',
90 silly audit report       severity: 'moderate',
90 silly audit report       vulnerable_versions: '<2.3.2',
90 silly audit report       cwe: [Array],
90 silly audit report       cvss: [Object]
90 silly audit report     },
90 silly audit report     {
90 silly audit report       id: 1115551,
90 silly audit report       url: 'https://github.com/advisories/GHSA-3v7f-55p6-f55p',
90 silly audit report       title: 'Picomatch: Method Injection in POSIX Character Classes causes incorrect Glob Matching',
90 silly audit report       severity: 'moderate',
90 silly audit report       vulnerable_versions: '>=4.0.0 <4.0.4',
90 silly audit report       cwe: [Array],
90 silly audit report       cvss: [Object]
90 silly audit report     },
90 silly audit report     {
90 silly audit report       id: 1115552,
90 silly audit report       url: 'https://github.com/advisories/GHSA-c2c7-rcm5-vvqj',
90 silly audit report       title: 'Picomatch has a ReDoS vulnerability via extglob quantifiers',
90 silly audit report       severity: 'high',
90 silly audit report       vulnerable_versions: '<2.3.2',
90 silly audit report       cwe: [Array],
90 silly audit report       cvss: [Object]
90 silly audit report     },
90 silly audit report     {
90 silly audit report       id: 1115554,
90 silly audit report       url: 'https://github.com/advisories/GHSA-c2c7-rcm5-vvqj',
90 silly audit report       title: 'Picomatch has a ReDoS vulnerability via extglob quantifiers',
90 silly audit report       severity: 'high',
90 silly audit report       vulnerable_versions: '>=4.0.0 <4.0.4',
90 silly audit report       cwe: [Array],
90 silly audit report       cvss: [Object]
90 silly audit report     }
90 silly audit report   ],
90 silly audit report   xlsx: [
90 silly audit report     {
90 silly audit report       id: 1108110,
90 silly audit report       url: 'https://github.com/advisories/GHSA-4r6h-8v6p-xvw6',
90 silly audit report       title: 'Prototype Pollution in sheetJS',
90 silly audit report       severity: 'high',
90 silly audit report       vulnerable_versions: '<0.19.3',
90 silly audit report       cwe: [Array],
90 silly audit report       cvss: [Object]
90 silly audit report     },
90 silly audit report     {
90 silly audit report       id: 1108111,
90 silly audit report       url: 'https://github.com/advisories/GHSA-5pgg-2g8v-p4x9',
90 silly audit report       title: 'SheetJS Regular Expression Denial of Service (ReDoS)',
90 silly audit report       severity: 'high',
90 silly audit report       vulnerable_versions: '<0.20.2',
90 silly audit report       cwe: [Array],
90 silly audit report       cvss: [Object]
90 silly audit report     }
90 silly audit report   ]
90 silly audit report }
91 silly packumentCache corgi:https://registry.npmjs.org/brace-expansion cache-miss
92 silly packumentCache corgi:https://registry.npmjs.org/minimatch cache-miss
93 silly packumentCache corgi:https://registry.npmjs.org/ajv cache-miss
94 silly packumentCache corgi:https://registry.npmjs.org/flatted cache-miss
95 silly packumentCache corgi:https://registry.npmjs.org/next cache-miss
96 silly packumentCache corgi:https://registry.npmjs.org/picomatch cache-miss
97 silly packumentCache corgi:https://registry.npmjs.org/xlsx cache-miss
98 http fetch GET 200 https://registry.npmjs.org/flatted 136ms (cache revalidated)
99 silly packumentCache corgi:https://registry.npmjs.org/flatted set size:57858 disposed:false
100 http fetch GET 200 https://registry.npmjs.org/ajv 143ms (cache revalidated)
101 silly packumentCache corgi:https://registry.npmjs.org/ajv set size:464537 disposed:false
102 http fetch GET 200 https://registry.npmjs.org/picomatch 146ms (cache revalidated)
103 silly packumentCache corgi:https://registry.npmjs.org/picomatch set size:44414 disposed:false
104 http fetch GET 200 https://registry.npmjs.org/brace-expansion 149ms (cache updated)
105 silly packumentCache corgi:https://registry.npmjs.org/brace-expansion set size:undefined disposed:false
106 http fetch GET 200 https://registry.npmjs.org/minimatch 159ms (cache revalidated)
107 silly packumentCache corgi:https://registry.npmjs.org/minimatch set size:168441 disposed:false
108 http fetch GET 200 https://registry.npmjs.org/xlsx 164ms (cache miss)
109 silly packumentCache corgi:https://registry.npmjs.org/xlsx set size:undefined disposed:false
110 http fetch GET 200 https://registry.npmjs.org/adler-32/-/adler-32-1.3.1.tgz 460ms (cache miss)
111 http fetch GET 200 https://registry.npmjs.org/cfb/-/cfb-1.2.2.tgz 595ms (cache miss)
112 http fetch GET 200 https://registry.npmjs.org/codepage/-/codepage-1.15.0.tgz 851ms (cache miss)
113 http fetch GET 200 https://registry.npmjs.org/xlsx/-/xlsx-0.18.5.tgz 1320ms (cache miss)
114 http fetch GET 200 https://registry.npmjs.org/next 1272ms (cache updated)
115 silly packumentCache corgi:https://registry.npmjs.org/next set size:undefined disposed:false
116 silly packumentCache corgi:https://registry.npmjs.org/@eslint%2fconfig-array cache-miss
117 silly packumentCache corgi:https://registry.npmjs.org/@eslint%2feslintrc cache-miss
118 silly packumentCache corgi:https://registry.npmjs.org/eslint cache-miss
119 silly packumentCache corgi:https://registry.npmjs.org/eslint-plugin-import cache-miss
120 silly packumentCache corgi:https://registry.npmjs.org/eslint-plugin-jsx-a11y cache-miss
121 silly packumentCache corgi:https://registry.npmjs.org/eslint-plugin-react cache-miss
122 http fetch GET 200 https://registry.npmjs.org/eslint-plugin-jsx-a11y 143ms (cache revalidated)
123 silly packumentCache corgi:https://registry.npmjs.org/eslint-plugin-jsx-a11y set size:108835 disposed:false
124 http fetch GET 200 https://registry.npmjs.org/eslint-plugin-react 154ms (cache revalidated)
125 silly packumentCache corgi:https://registry.npmjs.org/eslint-plugin-react set size:309843 disposed:false
126 http fetch GET 200 https://registry.npmjs.org/eslint-plugin-import 159ms (cache revalidated)
127 silly packumentCache corgi:https://registry.npmjs.org/eslint-plugin-import set size:238396 disposed:false
128 http fetch GET 200 https://registry.npmjs.org/@eslint%2feslintrc 162ms (cache revalidated)
129 silly packumentCache corgi:https://registry.npmjs.org/@eslint%2feslintrc set size:83205 disposed:false
130 http fetch GET 200 https://registry.npmjs.org/@eslint%2fconfig-array 166ms (cache updated)
131 silly packumentCache corgi:https://registry.npmjs.org/@eslint%2fconfig-array set size:undefined disposed:false
132 http fetch GET 200 https://registry.npmjs.org/eslint 303ms (cache updated)
133 silly packumentCache corgi:https://registry.npmjs.org/eslint set size:undefined disposed:false
134 silly packumentCache corgi:https://registry.npmjs.org/@typescript-eslint%2ftypescript-estree cache-miss
135 http fetch GET 200 https://registry.npmjs.org/@typescript-eslint%2ftypescript-estree 935ms (cache updated)
136 silly packumentCache corgi:https://registry.npmjs.org/@typescript-eslint%2ftypescript-estree set size:undefined disposed:false
137 silly packumentCache corgi:https://registry.npmjs.org/flat-cache cache-miss
138 http fetch GET 200 https://registry.npmjs.org/flat-cache 165ms (cache revalidated)
139 silly packumentCache corgi:https://registry.npmjs.org/flat-cache set size:50282 disposed:false
140 silly packumentCache corgi:https://registry.npmjs.org/next-auth cache-miss
141 http fetch GET 200 https://registry.npmjs.org/next-auth 425ms (cache updated)
142 silly packumentCache corgi:https://registry.npmjs.org/next-auth set size:undefined disposed:false
143 silly packumentCache corgi:https://registry.npmjs.org/micromatch cache-miss
144 http fetch GET 200 https://registry.npmjs.org/micromatch 134ms (cache revalidated)
145 silly packumentCache corgi:https://registry.npmjs.org/micromatch set size:71776 disposed:false
146 silly packumentCache corgi:https://registry.npmjs.org/tinyglobby cache-miss
147 silly packumentCache corgi:https://registry.npmjs.org/fdir cache-miss
148 http fetch GET 200 https://registry.npmjs.org/tinyglobby 130ms (cache updated)
149 silly packumentCache corgi:https://registry.npmjs.org/tinyglobby set size:undefined disposed:false
150 http fetch GET 200 https://registry.npmjs.org/fdir 133ms (cache revalidated)
151 silly packumentCache corgi:https://registry.npmjs.org/fdir set size:76905 disposed:false
152 silly ADD node_modules/frac
153 silly ADD node_modules/word
154 silly ADD node_modules/wmf
155 silly ADD node_modules/ssf
156 silly ADD node_modules/crc-32
157 silly ADD node_modules/codepage
158 silly ADD node_modules/cfb
159 silly ADD node_modules/adler-32
160 silly ADD node_modules/xlsx
161 verbose cwd /Users/talhaazeem/Documents/managementSystem
162 verbose os Darwin 24.5.0
163 verbose node v22.15.1
164 verbose npm  v11.4.2
165 verbose exit 0
166 info ok
