0 verbose cli /usr/local/bin/node /usr/local/lib/node_modules/npm/bin/npm-cli.js
1 info using npm@11.4.2
2 info using node@v22.15.1
3 silly config load:file:/usr/local/lib/node_modules/npm/npmrc
4 silly config load:file:/Users/talhaazeem/Documents/managementSystem/.npmrc
5 silly config load:file:/Users/talhaazeem/.npmrc
6 silly config load:file:/usr/local/etc/npmrc
7 verbose title npm exec tsc --noEmit -p tsconfig.json
8 verbose argv "exec" "--" "tsc" "--noEmit" "-p" "tsconfig.json"
9 verbose logfile logs-max:10 dir:/Users/talhaazeem/Documents/managementSystem/.npm_cache/_logs/2026-08-06T07_01_09_367Z-
10 verbose logfile /Users/talhaazeem/Documents/managementSystem/.npm_cache/_logs/2026-08-06T07_01_09_367Z-debug-0.log
11 silly logfile start cleaning logs, removing 1 files
12 silly logfile done cleaning log files
13 http fetch GET 200 https://registry.npmjs.org/npm 1187ms
14 verbose cwd /Users/talhaazeem/Documents/managementSystem
15 verbose os Darwin 24.5.0
16 verbose node v22.15.1
17 verbose npm  v11.4.2
18 notice
18 notice New minor version of npm available! 11.4.2 -> 11.19.0
18 notice Changelog: https://github.com/npm/cli/releases/tag/v11.19.0
18 notice To update run: npm install -g npm@11.19.0
18 notice  { force: true, [Symbol(proc-log.meta)]: true }
19 verbose exit 0
20 info ok
