0 verbose cli /usr/local/bin/node /usr/local/lib/node_modules/npm/bin/npm-cli.js
1 info using npm@11.4.2
2 info using node@v22.15.1
3 silly config load:file:/usr/local/lib/node_modules/npm/npmrc
4 silly config load:file:/Users/talhaazeem/Documents/managementSystem/.npmrc
5 silly config load:file:/Users/talhaazeem/.npmrc
6 silly config load:file:/usr/local/etc/npmrc
7 verbose title npm exec plugins add vercel/vercel-plugin
8 verbose argv "exec" "--" "plugins" "add" "vercel/vercel-plugin"
9 verbose logfile logs-max:10 dir:/Users/talhaazeem/Documents/managementSystem/.npm_cache/_logs/2026-06-08T09_09_05_339Z-
10 verbose logfile /Users/talhaazeem/Documents/managementSystem/.npm_cache/_logs/2026-06-08T09_09_05_339Z-debug-0.log
11 silly logfile start cleaning logs, removing 1 files
12 silly logfile done cleaning log files
13 silly packumentCache heap:2197815296 maxSize:549453824 maxEntrySize:274726912
14 http fetch GET 200 https://registry.npmjs.org/npm 736ms
15 http fetch GET 200 https://registry.npmjs.org/plugins 753ms (cache miss)
16 silly packumentCache heap:2197815296 maxSize:549453824 maxEntrySize:274726912
17 silly packumentCache heap:2197815296 maxSize:549453824 maxEntrySize:274726912
18 silly idealTree buildDeps
19 silly fetch manifest plugins@1.3.1
20 silly packumentCache full:https://registry.npmjs.org/plugins cache-miss
21 http fetch GET 200 https://registry.npmjs.org/plugins 612ms (cache miss)
22 silly packumentCache full:https://registry.npmjs.org/plugins set size:undefined disposed:false
23 silly placeDep ROOT plugins@1.3.1 OK for:  want: 1.3.1
24 silly reify moves {}
25 silly audit bulk request { plugins: [ '1.3.1' ] }
26 http cache plugins@https://registry.npmjs.org/plugins/-/plugins-1.3.1.tgz 0ms (cache hit)
27 silly tarball no local data for plugins@https://registry.npmjs.org/plugins/-/plugins-1.3.1.tgz. Extracting by manifest.
28 http fetch GET 200 https://registry.npmjs.org/plugins/-/plugins-1.3.1.tgz 143ms (cache miss)
29 http fetch POST 200 https://registry.npmjs.org/-/npm/v1/security/advisories/bulk 395ms
30 silly audit report {}
31 verbose cwd /Users/talhaazeem/Documents/managementSystem
32 verbose os Darwin 24.5.0
33 verbose node v22.15.1
34 verbose npm  v11.4.2
35 notice
35 notice New [33mminor[39m version of npm available! [33m11.4.2[39m -> [34m11.16.0[39m
35 notice Changelog: [34mhttps://github.com/npm/cli/releases/tag/v11.16.0[39m
35 notice To update run: [4mnpm install -g npm@11.16.0[24m
35 notice  { force: true, [Symbol(proc-log.meta)]: true }
36 verbose exit 1
37 verbose code 1
