0 verbose cli /usr/local/bin/node /usr/local/bin/npm
1 info using npm@11.4.2
2 info using node@v22.15.1
3 silly config load:file:/usr/local/lib/node_modules/npm/npmrc
4 silly config load:file:/Users/talhaazeem/Documents/managementSystem/.npmrc
5 silly config load:file:/Users/talhaazeem/.npmrc
6 silly config load:file:/usr/local/etc/npmrc
7 verbose title npm install lottie-react
8 verbose argv "install" "lottie-react"
9 verbose logfile logs-max:10 dir:/Users/talhaazeem/Documents/managementSystem/.npm_cache/_logs/2026-05-30T10_58_02_542Z-
10 verbose logfile /Users/talhaazeem/Documents/managementSystem/.npm_cache/_logs/2026-05-30T10_58_02_542Z-debug-0.log
11 silly logfile start cleaning logs, removing 1 files
12 silly packumentCache heap:2197815296 maxSize:549453824 maxEntrySize:274726912
13 silly logfile done cleaning log files
14 silly idealTree buildDeps
15 silly fetch manifest lottie-react@^2.4.1
16 silly packumentCache full:https://registry.npmjs.org/lottie-react cache-miss
17 http fetch GET 200 https://registry.npmjs.org/lottie-react 946ms (cache miss)
18 silly placeDep ROOT lottie-react@ REPLACE for: honda-dms@0.1.0 want: ^2.4.1
19 verbose FetchError: Invalid response body while trying to fetch https://registry.npmjs.org/lottie-react: EACCES: permission denied, open '/Users/talhaazeem/Documents/managementSystem/.npm_cache/_cacache/index-v5/7e/7f/82714c1ee3fe0a2afdf5351f8fff35ac43609b92789d57b5577e136ef75d'
    at /usr/local/lib/node_modules/npm/node_modules/minipass-fetch/lib/body.js:170:15
    at async Response.json (/usr/local/lib/node_modules/npm/node_modules/minipass-fetch/lib/body.js:75:17)
    at async RegistryFetcher.packument (/usr/local/lib/node_modules/npm/node_modules/pacote/lib/registry.js:98:25)
    at async RegistryFetcher.manifest (/usr/local/lib/node_modules/npm/node_modules/pacote/lib/registry.js:128:23)
    at async #fetchManifest (/usr/local/lib/node_modules/npm/node_modules/@npmcli/arborist/lib/arborist/build-ideal-tree.js:1213:20)
    at async #nodeFromEdge (/usr/local/lib/node_modules/npm/node_modules/@npmcli/arborist/lib/arborist/build-ideal-tree.js:1051:19)
    at async #buildDepStep (/usr/local/lib/node_modules/npm/node_modules/@npmcli/arborist/lib/arborist/build-ideal-tree.js:915:11)
    at async Arborist.buildIdealTree (/usr/local/lib/node_modules/npm/node_modules/@npmcli/arborist/lib/arborist/build-ideal-tree.js:182:7)
    at async Promise.all (index 1)
    at async Arborist.reify (/usr/local/lib/node_modules/npm/node_modules/@npmcli/arborist/lib/arborist/reify.js:131:5)
20 verbose type system
21 verbose stack FetchError: Invalid response body while trying to fetch https://registry.npmjs.org/lottie-react: EACCES: permission denied, open '/Users/talhaazeem/Documents/managementSystem/.npm_cache/_cacache/index-v5/7e/7f/82714c1ee3fe0a2afdf5351f8fff35ac43609b92789d57b5577e136ef75d'
21 verbose stack     at /usr/local/lib/node_modules/npm/node_modules/minipass-fetch/lib/body.js:170:15
21 verbose stack     at async Response.json (/usr/local/lib/node_modules/npm/node_modules/minipass-fetch/lib/body.js:75:17)
21 verbose stack     at async RegistryFetcher.packument (/usr/local/lib/node_modules/npm/node_modules/pacote/lib/registry.js:98:25)
21 verbose stack     at async RegistryFetcher.manifest (/usr/local/lib/node_modules/npm/node_modules/pacote/lib/registry.js:128:23)
21 verbose stack     at async #fetchManifest (/usr/local/lib/node_modules/npm/node_modules/@npmcli/arborist/lib/arborist/build-ideal-tree.js:1213:20)
21 verbose stack     at async #nodeFromEdge (/usr/local/lib/node_modules/npm/node_modules/@npmcli/arborist/lib/arborist/build-ideal-tree.js:1051:19)
21 verbose stack     at async #buildDepStep (/usr/local/lib/node_modules/npm/node_modules/@npmcli/arborist/lib/arborist/build-ideal-tree.js:915:11)
21 verbose stack     at async Arborist.buildIdealTree (/usr/local/lib/node_modules/npm/node_modules/@npmcli/arborist/lib/arborist/build-ideal-tree.js:182:7)
21 verbose stack     at async Promise.all (index 1)
21 verbose stack     at async Arborist.reify (/usr/local/lib/node_modules/npm/node_modules/@npmcli/arborist/lib/arborist/reify.js:131:5)
22 error code EACCES
23 error syscall open
24 error path /Users/talhaazeem/Documents/managementSystem/.npm_cache/_cacache/index-v5/7e/7f/82714c1ee3fe0a2afdf5351f8fff35ac43609b92789d57b5577e136ef75d
25 error errno EACCES
26 error
26 error Your cache folder contains root-owned files, due to a bug in
26 error previous versions of npm which has since been addressed.
26 error
26 error To permanently fix this problem, please run:
26 error   sudo chown -R 501:20 "/Users/talhaazeem/Documents/managementSystem/.npm_cache"
27 silly unfinished npm timer reify 1780138682820
28 silly unfinished npm timer reify:loadTrees 1780138682822
29 verbose cwd /Users/talhaazeem/Documents/managementSystem
30 verbose os Darwin 24.5.0
31 verbose node v22.15.1
32 verbose npm  v11.4.2
33 verbose exit 1
34 verbose code 1
35 error A complete log of this run can be found in: /Users/talhaazeem/Documents/managementSystem/.npm_cache/_logs/2026-05-30T10_58_02_542Z-debug-0.log
